******************************************************************************
                  TI ARM Linker PC v20.2.2                     
******************************************************************************
>> Linked Wed Sep  2 11:34:37 2020

OUTPUT FILE NAME:   <ewha_boostxl_edumkii_joystick_msp432p4111_MSP_EXP432P4111_nortos_ccs.out>
ENTRY POINT SYMBOL: "_c_int00_noargs"  address: 00003709


MEMORY CONFIGURATION

         name            origin    length      used     unused   attr    fill
----------------------  --------  ---------  --------  --------  ----  --------
  MAIN                  00000000   00200000  000040b0  001fbf50  R  X
  INFO                  00200000   00008000  00000000  00008000  R  X
  SRAM_CODE             01000000   00040000  0000023e  0003fdc2  RW X
  SRAM_DATA             20000000   00040000  0000023e  0003fdc2  RW  


SEGMENT ALLOCATION MAP

run origin  load origin   length   init length attrs members
----------  ----------- ---------- ----------- ----- -------
00000000    00000000    000040b0   000040b0    r-x
  00000000    00000000    000000e8   000000e8    r-- .intvecs
  000000e8    000000e8    000039d8   000039d8    r-x .text
  00003ac0    00003ac0    000005b8   000005b8    r-- .const
  00004078    00004078    00000038   00000038    r-- .cinit
20000000    20000000    00000040   00000000    rw-
  20000000    20000000    0000002a   00000000    rw- .bss
  2000002c    2000002c    00000014   00000000    rw- .data
2003fe00    2003fe00    00000200   00000000    rw-
  2003fe00    2003fe00    00000200   00000000    rw- .stack


SECTION ALLOCATION MAP

 output                                  attributes/
section   page    origin      length       input sections
--------  ----  ----------  ----------   ----------------
.intvecs   0    00000000    000000e8     
                  00000000    000000e8     startup_msp432p4111_ccs.obj (.intvecs:retain)

.text      0    000000e8    000039d8     
                  000000e8    00000a4e     rtsv7M4_T_le_v4SPD16_eabi.lib : _printfi.c.obj (.text:__TI_printfi)
                  00000b36    0000047e     grlib.a : string.obj (.text:Graphics_drawString)
                  00000fb4    00000270     rtsv7M4_T_le_v4SPD16_eabi.lib : _printfi.c.obj (.text:_pconv_a)
                  00001224    000001d8     Crystalfontz128x128_ST7735.obj (.text:Crystalfontz128x128_PixelDrawMultiple)
                  000013fc    000001d0     rtsv7M4_T_le_v4SPD16_eabi.lib : _printfi.c.obj (.text:_pconv_g)
                  000015cc    000001b6                                   : fd_add_t2.asm.obj (.text)
                  00001782    00000002     startup_msp432p4111_ccs.obj (.text:Default_Handler)
                  00001784    000001b4     main.obj (.text:main)
                  00001938    00000160     msp432p4xx_driverlib.lib : adc14.o (.text:_getIndexForMemRegister)
                  00001a98    0000015c                              : pcm.o (.text:__PCM_setPowerModeAdvanced)
                  00001bf4    00000148     main.obj (.text:ADC14_IRQHandler)
                  00001d3c    0000013c     rtsv7M4_T_le_v4SPD16_eabi.lib : _printfi.c.obj (.text:_pconv_e)
                  00001e78    00000136                                   : fd_div_t2.asm.obj (.text)
                  00001fae    00000002                                   : div0.asm.obj (.text)
                  00001fb0    00000134     Crystalfontz128x128_ST7735.obj (.text:Crystalfontz128x128_SetDrawFrame)
                  000020e4    0000012c     Crystalfontz128x128_ST7735.obj (.text:Crystalfontz128x128_Init)
                  00002210    00000124     rtsv7M4_T_le_v4SPD16_eabi.lib : _printfi.c.obj (.text:fcvt)
                  00002334    00000110                                   : s_scalbn.c.obj (.text:scalbn)
                  00002444    00000108     msp432p4xx_driverlib.lib : pcm.o (.text:__PCM_setCoreVoltageLevelAdvanced)
                  0000254c    000000fc     rtsv7M4_T_le_v4SPD16_eabi.lib : fd_mul_t2.asm.obj (.text)
                  00002648    000000fa     grlib.a : string.obj (.text:Graphics_getStringWidth)
                  00002742    00000002     --HOLE-- [fill = 0]
                  00002744    000000b4     msp432p4xx_driverlib.lib : adc14.o (.text:ADC14_configureConversionMemory)
                  000027f8    000000b4                              : adc14.o (.text:ADC14_configureMultiSequenceMode)
                  000028ac    000000b1     rtsv7M4_T_le_v4SPD16_eabi.lib : _printfi.c.obj (.text:_ltostr)
                  0000295d    00000001     --HOLE-- [fill = 0]
                  0000295e    000000b0     msp432p4xx_driverlib.lib : spi.o (.text:SPI_initMaster)
                  00002a0e    0000009c     Crystalfontz128x128_ST7735.obj (.text:Crystalfontz128x128_RectFill)
                  00002aaa    0000009c     grlib.a : line.obj (.text:Graphics_drawLineH)
                  00002b46    0000009c     rtsv7M4_T_le_v4SPD16_eabi.lib : memcpy_t2.asm.obj (.text)
                  00002be2    00000096                                   : ull_div_t2.asm.obj (.text)
                  00002c78    00000094     system_msp432p4111.obj (.text:SystemInit)
                  00002d0c    00000088     msp432p4xx_driverlib.lib : gpio.o (.text:GPIO_setAsPeripheralModuleFunctionOutputPin)
                  00002d94    00000086     rtsv7M4_T_le_v4SPD16_eabi.lib : fd_cmp_t2.asm.obj (.text:__aeabi_cdcmple)
                  00002e1a    00000086                                   : fd_cmp_t2.asm.obj (.text:__aeabi_cdrcmple)
                  00002ea0    0000007a                                   : memset_t2.asm.obj (.text)
                  00002f1a    0000006e                                   : _printfi.c.obj (.text:_mcpy)
                  00002f88    00000068                                   : copy_decompress_lzss.c.obj (.text:decompress:lzss:__TI_decompress_lzss)
                  00002ff0    00000064                                   : s_frexp.c.obj (.text:frexp)
                  00003054    00000060     Crystalfontz128x128_ST7735.obj (.text:Crystalfontz128x128_LineDrawH)
                  000030b4    00000060     Crystalfontz128x128_ST7735.obj (.text:Crystalfontz128x128_LineDrawV)
                  00003114    0000005e     msp432p4xx_driverlib.lib : pcm.o (.text:PCM_getCoreVoltageLevel)
                  00003172    0000005a                              : pcm.o (.text:PCM_getPowerMode)
                  000031cc    00000056     rtsv7M4_T_le_v4SPD16_eabi.lib : _printfi.c.obj (.text:_pconv_f)
                  00003222    00000002     --HOLE-- [fill = 0]
                  00003224    00000054     Crystalfontz128x128_ST7735.obj (.text:Crystalfontz128x128_SetOrientation)
                  00003278    00000054     rtsv7M4_T_le_v4SPD16_eabi.lib : _ltoa.c.obj (.text:__TI_ltoa)
                  000032cc    00000052     grlib.a : context.obj (.text:Graphics_initContext)
                  0000331e    00000052     rtsv7M4_T_le_v4SPD16_eabi.lib : _printfi.c.obj (.text:_ecpy)
                  00003370    0000004c                                   : atoi.c.obj (.text:atoi)
                  000033bc    00000048     msp432p4xx_driverlib.lib : flash_a.o (.text:FlashCtl_A_setWaitState)
                  00003404    00000048     grlib.a : string.obj (.text:Graphics_drawStringCentered)
                  0000344c    00000048     rtsv7M4_T_le_v4SPD16_eabi.lib : fd_toi_t2.asm.obj (.text)
                  00003494    00000044                                   : autoinit.c.obj (.text:__TI_auto_init_nobinit_nopinit:__TI_auto_init_nobinit_nopinit)
                  000034d8    00000040     Crystalfontz128x128_ST7735.obj (.text:Crystalfontz128x128_PixelDraw)
                  00003518    00000040     msp432p4xx_driverlib.lib : gpio.o (.text:GPIO_setAsOutputPin)
                  00003558    00000040     grlib.a : string.obj (.text:Graphics_getNumberOfLeadingZeros)
                  00003598    00000040     HAL_MSP_EXP432P401R_Crystalfontz128x128_ST7735.obj (.text:HAL_LCD_SpiInit)
                  000035d8    00000040     msp432p4xx_driverlib.lib : spi.o (.text:is_A_Module)
                  00003618    00000040     rtsv7M4_T_le_v4SPD16_eabi.lib : sprintf.c.obj (.text:sprintf)
                  00003658    0000003e                                   : _printfi.c.obj (.text:_fcpy)
                  00003696    00000002     --HOLE-- [fill = 0]
                  00003698    00000038     HAL_MSP_EXP432P401R_Crystalfontz128x128_ST7735.obj (.text:HAL_LCD_writeCommand)
                  000036d0    00000036     grlib.a : display.obj (.text:Graphics_drawHorizontalLineOnDisplay)
                  00003706    00000002     --HOLE-- [fill = 0]
                  00003708    00000034     rtsv7M4_T_le_v4SPD16_eabi.lib : boot_cortex_m.c.obj (.text:_c_int00_noargs:_c_int00_noargs)
                  0000373c    00000030     HAL_MSP_EXP432P401R_Crystalfontz128x128_ST7735.obj (.text:HAL_LCD_PortInit)
                  0000376c    0000002e     rtsv7M4_T_le_v4SPD16_eabi.lib : i_tofd_t2.asm.obj (.text)
                  0000379a    00000002     --HOLE-- [fill = 0]
                  0000379c    0000002c     Crystalfontz128x128_ST7735.obj (.text:Crystalfontz128x128_ClearScreen)
                  000037c8    0000002c     grlib.a : display.obj (.text:Graphics_drawPixelOnDisplay)
                  000037f4    0000002c     HAL_MSP_EXP432P401R_Crystalfontz128x128_ST7735.obj (.text:HAL_LCD_writeData)
                  00003820    00000028     msp432p4xx_driverlib.lib : adc14.o (.text:ADC14_getResult)
                  00003848    00000028     Crystalfontz128x128_ST7735.obj (.text:Crystalfontz128x128_ColorTranslate)
                  00003870    00000028     msp432p4xx_driverlib.lib : gpio.o (.text:GPIO_setOutputHighOnPin)
                  00003898    00000028                              : gpio.o (.text:GPIO_setOutputLowOnPin)
                  000038c0    0000001c                              : spi.o (.text:SPI_enableModule)
                  000038dc    0000001c     rtsv7M4_T_le_v4SPD16_eabi.lib : copy_zero_init.c.obj (.text:decompress:ZI:__TI_zero_init_nomemset:__TI_zero_init_nomemset)
                  000038f8    0000001c                                   : memccpy.c.obj (.text:memccpy)
                  00003914    0000001a     grlib.a : display.obj (.text:Graphics_clearDisplayOnDisplay)
                  0000392e    0000001a             : context.obj (.text:Graphics_setBackgroundColor)
                  00003948    0000001a             : context.obj (.text:Graphics_setFont)
                  00003962    0000001a     rtsv7M4_T_le_v4SPD16_eabi.lib : s_copysign.c.obj (.text:copysign)
                  0000397c    00000018                                   : sprintf.c.obj (.text:_outs)
                  00003994    00000016     msp432p4xx_driverlib.lib : spi.o (.text:EUSCI_A_SPI_enable)
                  000039aa    00000016                              : spi.o (.text:EUSCI_B_SPI_enable)
                  000039c0    00000016     grlib.a : context.obj (.text:Graphics_setForegroundColor)
                  000039d6    00000016             : display.obj (.text:Graphics_translateColorOnDisplay)
                  000039ec    00000016     rtsv7M4_T_le_v4SPD16_eabi.lib : strchr.c.obj (.text:strchr)
                  00003a02    00000002     --HOLE-- [fill = 0]
                  00003a04    00000014     msp432p4xx_driverlib.lib : pcm.o (.text:PCM_getPowerState)
                  00003a18    00000014     rtsv7M4_T_le_v4SPD16_eabi.lib : strlen.c.obj (.text:strlen)
                  00003a2c    00000012     grlib.a : context.obj (.text:Graphics_clearDisplay)
                  00003a3e    00000012     rtsv7M4_T_le_v4SPD16_eabi.lib : wcslen.c.obj (.text:wcslen)
                  00003a50    00000010     msp432p4xx_driverlib.lib : adc14.o (.text:ADCIsConversionRunning)
                  00003a60    00000010                              : pcm.o (.text:PCM_setCoreVoltageLevel)
                  00003a70    00000010                              : pcm.o (.text:PCM_setPowerMode)
                  00003a80    0000000e     rtsv7M4_T_le_v4SPD16_eabi.lib : copy_decompress_none.c.obj (.text:decompress:none:__TI_decompress_none)
                  00003a8e    0000000c     startup_msp432p4111_ccs.obj (.text:Reset_Handler)
                  00003a9a    0000000a     Crystalfontz128x128_ST7735.obj (.text:Crystalfontz128x128_Flush)
                  00003aa4    0000000a     rtsv7M4_T_le_v4SPD16_eabi.lib : sprintf.c.obj (.text:_outc)
                  00003aae    00000002     --HOLE-- [fill = 0]
                  00003ab0    00000008                                   : errno.c.obj (.text:__aeabi_errno_addr)
                  00003ab8    00000004                                   : pre_init.c.obj (.text:_system_pre_init)
                  00003abc    00000004                                   : exit.c.obj (.text:abort:abort)

.const     0    00003ac0    000005b8     
                  00003ac0    000002f8     grlib.a : fontfixed6x8.obj (.const:.string:g_pucFontFixed6x8Data)
                  00003db8    00000101     rtsv7M4_T_le_v4SPD16_eabi.lib : ctype.c.obj (.const:.string:_ctypes_)
                  00003eb9    00000003     --HOLE-- [fill = 0]
                  00003ebc    000000c8     grlib.a : fontfixed6x8.obj (.const:g_sFontFixed6x8)
                  00003f84    00000080     msp432p4xx_driverlib.lib : adc14.o (.const:_ctlRegs)
                  00004004    00000030                              : gpio.o (.const:GPIO_PORT_TO_BASE)
                  00004034    00000020     Crystalfontz128x128_ST7735.obj (.const:g_sCrystalfontz128x128_funcs)
                  00004054    0000001c     HAL_MSP_EXP432P401R_Crystalfontz128x128_ST7735.obj (.const:$P$T0$1)
                  00004070    00000008     Crystalfontz128x128_ST7735.obj (.const:$P$T0$1)

.cinit     0    00004078    00000038     
                  00004078    0000000d     (.cinit..data.load) [load image, compression = lzss]
                  00004085    00000003     --HOLE-- [fill = 0]
                  00004088    0000000c     (__TI_handler_table)
                  00004094    00000004     --HOLE-- [fill = 0]
                  00004098    00000008     (.cinit..bss.load) [load image, compression = zero_init]
                  000040a0    00000010     (__TI_cinit_table)

.init_array 
*          0    00000000    00000000     UNINITIALIZED

.binit     0    00000000    00000000     

.bss       0    20000000    0000002a     UNINITIALIZED
                  20000000    0000001c     (.common:g_sContext)
                  2000001c    00000004     main.obj (.bss:resultsBuffer)
                  20000020    00000002     (.common:Lcd_ScreenHeigth)
                  20000022    00000002     (.common:Lcd_ScreenWidth)
                  20000024    00000002     (.common:Lcd_TouchTrim)
                  20000026    00000001     (.common:Lcd_FlagRead)
                  20000027    00000001     (.common:Lcd_FontSolid)
                  20000028    00000001     (.common:Lcd_Orientation)
                  20000029    00000001     (.common:Lcd_PenSolid)

.data      0    2000002c    00000014     UNINITIALIZED
                  2000002c    00000010     Crystalfontz128x128_ST7735.obj (.data:g_sCrystalfontz128x128)
                  2000003c    00000004     rtsv7M4_T_le_v4SPD16_eabi.lib : errno.c.obj (.data)

.stack     0    2003fe00    00000200     UNINITIALIZED
                  2003fe00    00000004     rtsv7M4_T_le_v4SPD16_eabi.lib : boot_cortex_m.c.obj (.stack)
                  2003fe04    000001fc     --HOLE--

__llvm_prf_cnts 
*          0    20000000    00000000     UNINITIALIZED

MODULE SUMMARY

       Module                                               code    ro data   rw data
       ------                                               ----    -------   -------
    .\
       main.obj                                             764     0         64     
       system_msp432p4111.obj                               148     0         0      
    +--+----------------------------------------------------+-------+---------+---------+
       Total:                                               912     0         64     
                                                                                     
    .\LcdDriver\
       Crystalfontz128x128_ST7735.obj                       1670    40        52     
       HAL_MSP_EXP432P401R_Crystalfontz128x128_ST7735.obj   212     28        0      
    +--+----------------------------------------------------+-------+---------+---------+
       Total:                                               1882    68        52     
                                                                                     
    .\ccs\
       startup_msp432p4111_ccs.obj                          14      232       0      
    +--+----------------------------------------------------+-------+---------+---------+
       Total:                                               14      232       0      
                                                                                     
    C:/ti/simplelink_msp432p4_sdk_3_40_01_02/source/ti/devices/msp432p4xx/driverlib/ccs/msp432p4xx_driverlib.lib
       adc14.o                                              768     128       0      
       pcm.o                                                848     0         0      
       gpio.o                                               280     48        0      
       spi.o                                                312     0         0      
       flash_a.o                                            72      0         0      
    +--+----------------------------------------------------+-------+---------+---------+
       Total:                                               2280    176       0      
                                                                                     
    C:/ti/simplelink_msp432p4_sdk_3_40_01_02/source/ti/grlib/lib/ccs/m4f/grlib.a
       string.obj                                           1536    0         0      
       fontfixed6x8.obj                                     0       960       0      
       context.obj                                          174     0         0      
       line.obj                                             156     0         0      
       display.obj                                          146     0         0      
    +--+----------------------------------------------------+-------+---------+---------+
       Total:                                               2012    960       0      
                                                                                     
    C:\ti\ccs1010\ccs\tools\compiler\ti-cgt-arm_20.2.2.LTS\lib\rtsv7M4_T_le_v4SPD16_eabi.lib
       _printfi.c.obj                                       4851    0         0      
       fd_add_t2.asm.obj                                    438     0         0      
       fd_div_t2.asm.obj                                    310     0         0      
       s_scalbn.c.obj                                       272     0         0      
       fd_cmp_t2.asm.obj                                    268     0         0      
       ctype.c.obj                                          0       257       0      
       fd_mul_t2.asm.obj                                    252     0         0      
       memcpy_t2.asm.obj                                    156     0         0      
       ull_div_t2.asm.obj                                   150     0         0      
       memset_t2.asm.obj                                    122     0         0      
       copy_decompress_lzss.c.obj                           104     0         0      
       s_frexp.c.obj                                        100     0         0      
       sprintf.c.obj                                        98      0         0      
       _ltoa.c.obj                                          84      0         0      
       atoi.c.obj                                           76      0         0      
       fd_toi_t2.asm.obj                                    72      0         0      
       autoinit.c.obj                                       68      0         0      
       boot_cortex_m.c.obj                                  52      0         0      
       i_tofd_t2.asm.obj                                    46      0         0      
       copy_zero_init.c.obj                                 28      0         0      
       memccpy.c.obj                                        28      0         0      
       s_copysign.c.obj                                     26      0         0      
       strchr.c.obj                                         22      0         0      
       strlen.c.obj                                         20      0         0      
       wcslen.c.obj                                         18      0         0      
       errno.c.obj                                          8       0         8      
       copy_decompress_none.c.obj                           14      0         0      
       exit.c.obj                                           4       0         0      
       pre_init.c.obj                                       4       0         0      
       div0.asm.obj                                         2       0         0      
    +--+----------------------------------------------------+-------+---------+---------+
       Total:                                               7693    257       8      
                                                                                     
       Stack:                                               0       0         1024   
       Linker Generated:                                    0       49        0      
    +--+----------------------------------------------------+-------+---------+---------+
       Grand Total:                                         14793   1742      1148   


LINKER GENERATED COPY TABLES

__TI_cinit_table @ 000040a0 records: 2, size/record: 8, table size: 16
	.data: load addr=00004078, load size=0000000d bytes, run addr=2000002c, run size=00000014 bytes, compression=lzss
	.bss: load addr=00004098, load size=00000008 bytes, run addr=20000000, run size=0000002a bytes, compression=zero_init


LINKER GENERATED HANDLER TABLE

__TI_handler_table @ 00004088 records: 3, size/record: 4, table size: 12
	index: 0, handler: __TI_decompress_lzss
	index: 1, handler: __TI_decompress_none
	index: 2, handler: __TI_zero_init


GLOBAL SYMBOLS: SORTED ALPHABETICALLY BY Name 

address   name                                       
-------   ----                                       
00001bf5  ADC14_IRQHandler                           
00001bf5  ADC14_IRQHandler                           
00002745  ADC14_configureConversionMemory            
000027f9  ADC14_configureMultiSequenceMode           
00003821  ADC14_getResult                            
00001783  AES256_IRQHandler                          
00001783  BusFault_Handler                           
00003abd  C$$EXIT                                    
00001783  COMP_E0_IRQHandler                         
00001783  COMP_E1_IRQHandler                         
00001783  CS_IRQHandler                              
000020e5  Crystalfontz128x128_Init                   
00001fb1  Crystalfontz128x128_SetDrawFrame           
00003225  Crystalfontz128x128_SetOrientation         
00001783  DMA_ERR_IRQHandler                         
00001783  DMA_INT0_IRQHandler                        
00001783  DMA_INT1_IRQHandler                        
00001783  DMA_INT2_IRQHandler                        
00001783  DMA_INT3_IRQHandler                        
00001783  DebugMon_Handler                           
00001783  Default_Handler                            
00001783  EUSCIA0_IRQHandler                         
00001783  EUSCIA1_IRQHandler                         
00001783  EUSCIA2_IRQHandler                         
00001783  EUSCIA3_IRQHandler                         
00001783  EUSCIB0_IRQHandler                         
00001783  EUSCIB1_IRQHandler                         
00001783  EUSCIB2_IRQHandler                         
00001783  EUSCIB3_IRQHandler                         
00003995  EUSCI_A_SPI_enable                         
000039ab  EUSCI_B_SPI_enable                         
00001783  FLCTL_A_IRQHandler                         
00001783  FPU_IRQHandler                             
000033bd  FlashCtl_A_setWaitState                    
00003519  GPIO_setAsOutputPin                        
00002d0d  GPIO_setAsPeripheralModuleFunctionOutputPin
00003871  GPIO_setOutputHighOnPin                    
00003899  GPIO_setOutputLowOnPin                     
00003a2d  Graphics_clearDisplay                      
00003915  Graphics_clearDisplayOnDisplay             
000036d1  Graphics_drawHorizontalLineOnDisplay       
00002aab  Graphics_drawLineH                         
000037c9  Graphics_drawPixelOnDisplay                
00000b37  Graphics_drawString                        
00003405  Graphics_drawStringCentered                
00002649  Graphics_getStringWidth                    
000032cd  Graphics_initContext                       
0000392f  Graphics_setBackgroundColor                
00003949  Graphics_setFont                           
000039c1  Graphics_setForegroundColor                
000039d7  Graphics_translateColorOnDisplay           
0000373d  HAL_LCD_PortInit                           
00003599  HAL_LCD_SpiInit                            
00003699  HAL_LCD_writeCommand                       
000037f5  HAL_LCD_writeData                          
00001783  HardFault_Handler                          
00001783  LCD_F_IRQHandler                           
20000026  Lcd_FlagRead                               
20000027  Lcd_FontSolid                              
20000028  Lcd_Orientation                            
20000029  Lcd_PenSolid                               
20000020  Lcd_ScreenHeigth                           
20000022  Lcd_ScreenWidth                            
20000024  Lcd_TouchTrim                              
00001783  MemManage_Handler                          
00001783  NMI_Handler                                
00001783  PCM_IRQHandler                             
00003115  PCM_getCoreVoltageLevel                    
00003173  PCM_getPowerMode                           
00003a05  PCM_getPowerState                          
00003a61  PCM_setCoreVoltageLevel                    
00003a71  PCM_setPowerMode                           
00001783  PORT1_IRQHandler                           
00001783  PORT2_IRQHandler                           
00001783  PORT3_IRQHandler                           
00001783  PORT4_IRQHandler                           
00001783  PORT5_IRQHandler                           
00001783  PORT6_IRQHandler                           
00001783  PSS_IRQHandler                             
00001783  PendSV_Handler                             
00001783  RTC_C_IRQHandler                           
00003a8f  Reset_Handler                              
000038c1  SPI_enableModule                           
0000295f  SPI_initMaster                             
00001783  SVC_Handler                                
00001783  SysTick_Handler                            
00002c79  SystemInit                                 
00001783  T32_INT1_IRQHandler                        
00001783  T32_INT2_IRQHandler                        
00001783  T32_INTC_IRQHandler                        
00001783  TA0_0_IRQHandler                           
00001783  TA0_N_IRQHandler                           
00001783  TA1_0_IRQHandler                           
00001783  TA1_N_IRQHandler                           
00001783  TA2_0_IRQHandler                           
00001783  TA2_N_IRQHandler                           
00001783  TA3_0_IRQHandler                           
00001783  TA3_N_IRQHandler                           
00001783  UsageFault_Handler                         
4000480c  WDTCTL_SYM                                 
00001783  WDT_A_IRQHandler                           
20040000  __STACK_END                                
00000200  __STACK_SIZE                               
000040a0  __TI_CINIT_Base                            
000040b0  __TI_CINIT_Limit                           
00004088  __TI_Handler_Table_Base                    
00004094  __TI_Handler_Table_Limit                   
00003495  __TI_auto_init_nobinit_nopinit             
00002f89  __TI_decompress_lzss                       
00003a81  __TI_decompress_none                       
00003279  __TI_ltoa                                  
ffffffff  __TI_pprof_out_hndl                        
000000e9  __TI_printfi                               
ffffffff  __TI_prof_data_size                        
ffffffff  __TI_prof_data_start                       
00000000  __TI_static_base__                         
000038dd  __TI_zero_init_nomemset                    
00002d95  __aeabi_cdcmpeq                            
00002d95  __aeabi_cdcmple                            
00002e1b  __aeabi_cdrcmple                           
0000344d  __aeabi_d2iz                               
000015d7  __aeabi_dadd                               
00001e79  __aeabi_ddiv                               
0000254d  __aeabi_dmul                               
000015cd  __aeabi_dsub                               
00003ab1  __aeabi_errno_addr                         
0000376d  __aeabi_i2d                                
00001faf  __aeabi_idiv0                              
00001faf  __aeabi_ldiv0                              
00002ea1  __aeabi_memclr                             
00002ea1  __aeabi_memclr4                            
00002ea1  __aeabi_memclr8                            
00002b47  __aeabi_memcpy                             
00002b47  __aeabi_memcpy4                            
00002b47  __aeabi_memcpy8                            
00002ea3  __aeabi_memset                             
00002ea3  __aeabi_memset4                            
00002ea3  __aeabi_memset8                            
00002be3  __aeabi_uldivmod                           
ffffffff  __binit__                                  
ffffffff  __c_args__                                 
UNDEFED   __mpu_init                                 
2003fe00  __stack                                    
20000000  __start___llvm_prf_cnts                    
20000000  __stop___llvm_prf_cnts                     
00003709  _c_int00_noargs                            
00003db8  _ctypes_                                   
UNDEFED   _system_post_cinit                         
00003ab9  _system_pre_init                           
00003abd  abort                                      
00003371  atoi                                       
ffffffff  binit                                      
00003963  copysign                                   
00003963  copysignl                                  
2000003c  errno                                      
00002ff1  frexp                                      
00002ff1  frexpl                                     
20000000  g_sContext                                 
2000002c  g_sCrystalfontz128x128                     
00004034  g_sCrystalfontz128x128_funcs               
00003ebc  g_sFontFixed6x8                            
00000000  interruptVectors                           
00002335  ldexp                                      
00002335  ldexpl                                     
00001785  main                                       
000038f9  memccpy                                    
00002b47  memcpy                                     
00002ea9  memset                                     
00002335  scalbn                                     
00002335  scalbnl                                    
00003619  sprintf                                    
000039ed  strchr                                     
00003a19  strlen                                     
00003a3f  wcslen                                     


GLOBAL SYMBOLS: SORTED BY Symbol Address 

address   name                                       
-------   ----                                       
00000000  __TI_static_base__                         
00000000  interruptVectors                           
000000e9  __TI_printfi                               
00000200  __STACK_SIZE                               
00000b37  Graphics_drawString                        
000015cd  __aeabi_dsub                               
000015d7  __aeabi_dadd                               
00001783  AES256_IRQHandler                          
00001783  BusFault_Handler                           
00001783  COMP_E0_IRQHandler                         
00001783  COMP_E1_IRQHandler                         
00001783  CS_IRQHandler                              
00001783  DMA_ERR_IRQHandler                         
00001783  DMA_INT0_IRQHandler                        
00001783  DMA_INT1_IRQHandler                        
00001783  DMA_INT2_IRQHandler                        
00001783  DMA_INT3_IRQHandler                        
00001783  DebugMon_Handler                           
00001783  Default_Handler                            
00001783  EUSCIA0_IRQHandler                         
00001783  EUSCIA1_IRQHandler                         
00001783  EUSCIA2_IRQHandler                         
00001783  EUSCIA3_IRQHandler                         
00001783  EUSCIB0_IRQHandler                         
00001783  EUSCIB1_IRQHandler                         
00001783  EUSCIB2_IRQHandler                         
00001783  EUSCIB3_IRQHandler                         
00001783  FLCTL_A_IRQHandler                         
00001783  FPU_IRQHandler                             
00001783  HardFault_Handler                          
00001783  LCD_F_IRQHandler                           
00001783  MemManage_Handler                          
00001783  NMI_Handler                                
00001783  PCM_IRQHandler                             
00001783  PORT1_IRQHandler                           
00001783  PORT2_IRQHandler                           
00001783  PORT3_IRQHandler                           
00001783  PORT4_IRQHandler                           
00001783  PORT5_IRQHandler                           
00001783  PORT6_IRQHandler                           
00001783  PSS_IRQHandler                             
00001783  PendSV_Handler                             
00001783  RTC_C_IRQHandler                           
00001783  SVC_Handler                                
00001783  SysTick_Handler                            
00001783  T32_INT1_IRQHandler                        
00001783  T32_INT2_IRQHandler                        
00001783  T32_INTC_IRQHandler                        
00001783  TA0_0_IRQHandler                           
00001783  TA0_N_IRQHandler                           
00001783  TA1_0_IRQHandler                           
00001783  TA1_N_IRQHandler                           
00001783  TA2_0_IRQHandler                           
00001783  TA2_N_IRQHandler                           
00001783  TA3_0_IRQHandler                           
00001783  TA3_N_IRQHandler                           
00001783  UsageFault_Handler                         
00001783  WDT_A_IRQHandler                           
00001785  main                                       
00001bf5  ADC14_IRQHandler                           
00001bf5  ADC14_IRQHandler                           
00001e79  __aeabi_ddiv                               
00001faf  __aeabi_idiv0                              
00001faf  __aeabi_ldiv0                              
00001fb1  Crystalfontz128x128_SetDrawFrame           
000020e5  Crystalfontz128x128_Init                   
00002335  ldexp                                      
00002335  ldexpl                                     
00002335  scalbn                                     
00002335  scalbnl                                    
0000254d  __aeabi_dmul                               
00002649  Graphics_getStringWidth                    
00002745  ADC14_configureConversionMemory            
000027f9  ADC14_configureMultiSequenceMode           
0000295f  SPI_initMaster                             
00002aab  Graphics_drawLineH                         
00002b47  __aeabi_memcpy                             
00002b47  __aeabi_memcpy4                            
00002b47  __aeabi_memcpy8                            
00002b47  memcpy                                     
00002be3  __aeabi_uldivmod                           
00002c79  SystemInit                                 
00002d0d  GPIO_setAsPeripheralModuleFunctionOutputPin
00002d95  __aeabi_cdcmpeq                            
00002d95  __aeabi_cdcmple                            
00002e1b  __aeabi_cdrcmple                           
00002ea1  __aeabi_memclr                             
00002ea1  __aeabi_memclr4                            
00002ea1  __aeabi_memclr8                            
00002ea3  __aeabi_memset                             
00002ea3  __aeabi_memset4                            
00002ea3  __aeabi_memset8                            
00002ea9  memset                                     
00002f89  __TI_decompress_lzss                       
00002ff1  frexp                                      
00002ff1  frexpl                                     
00003115  PCM_getCoreVoltageLevel                    
00003173  PCM_getPowerMode                           
00003225  Crystalfontz128x128_SetOrientation         
00003279  __TI_ltoa                                  
000032cd  Graphics_initContext                       
00003371  atoi                                       
000033bd  FlashCtl_A_setWaitState                    
00003405  Graphics_drawStringCentered                
0000344d  __aeabi_d2iz                               
00003495  __TI_auto_init_nobinit_nopinit             
00003519  GPIO_setAsOutputPin                        
00003599  HAL_LCD_SpiInit                            
00003619  sprintf                                    
00003699  HAL_LCD_writeCommand                       
000036d1  Graphics_drawHorizontalLineOnDisplay       
00003709  _c_int00_noargs                            
0000373d  HAL_LCD_PortInit                           
0000376d  __aeabi_i2d                                
000037c9  Graphics_drawPixelOnDisplay                
000037f5  HAL_LCD_writeData                          
00003821  ADC14_getResult                            
00003871  GPIO_setOutputHighOnPin                    
00003899  GPIO_setOutputLowOnPin                     
000038c1  SPI_enableModule                           
000038dd  __TI_zero_init_nomemset                    
000038f9  memccpy                                    
00003915  Graphics_clearDisplayOnDisplay             
0000392f  Graphics_setBackgroundColor                
00003949  Graphics_setFont                           
00003963  copysign                                   
00003963  copysignl                                  
00003995  EUSCI_A_SPI_enable                         
000039ab  EUSCI_B_SPI_enable                         
000039c1  Graphics_setForegroundColor                
000039d7  Graphics_translateColorOnDisplay           
000039ed  strchr                                     
00003a05  PCM_getPowerState                          
00003a19  strlen                                     
00003a2d  Graphics_clearDisplay                      
00003a3f  wcslen                                     
00003a61  PCM_setCoreVoltageLevel                    
00003a71  PCM_setPowerMode                           
00003a81  __TI_decompress_none                       
00003a8f  Reset_Handler                              
00003ab1  __aeabi_errno_addr                         
00003ab9  _system_pre_init                           
00003abd  C$$EXIT                                    
00003abd  abort                                      
00003db8  _ctypes_                                   
00003ebc  g_sFontFixed6x8                            
00004034  g_sCrystalfontz128x128_funcs               
00004088  __TI_Handler_Table_Base                    
00004094  __TI_Handler_Table_Limit                   
000040a0  __TI_CINIT_Base                            
000040b0  __TI_CINIT_Limit                           
20000000  __start___llvm_prf_cnts                    
20000000  __stop___llvm_prf_cnts                     
20000000  g_sContext                                 
20000020  Lcd_ScreenHeigth                           
20000022  Lcd_ScreenWidth                            
20000024  Lcd_TouchTrim                              
20000026  Lcd_FlagRead                               
20000027  Lcd_FontSolid                              
20000028  Lcd_Orientation                            
20000029  Lcd_PenSolid                               
2000002c  g_sCrystalfontz128x128                     
2000003c  errno                                      
2003fe00  __stack                                    
20040000  __STACK_END                                
4000480c  WDTCTL_SYM                                 
ffffffff  __TI_pprof_out_hndl                        
ffffffff  __TI_prof_data_size                        
ffffffff  __TI_prof_data_start                       
ffffffff  __binit__                                  
ffffffff  __c_args__                                 
ffffffff  binit                                      
UNDEFED   __mpu_init                                 
UNDEFED   _system_post_cinit                         

[174 symbols]
