<?xml version="1.0" encoding="ISO-8859-1" ?>
<link_info>
   <banner>TI ARM Linker PC v20.2.5.LTS</banner>
   <copyright>Copyright (c) 1996-2018 Texas Instruments Incorporated</copyright>
   <link_time>0x655f0c60</link_time>
   <link_errors>0x0</link_errors>
   <output_file>231123-copiedprojext.out</output_file>
   <entry_point>
      <name>_c_int00_noargs</name>
      <address>0x139d</address>
   </entry_point>
   <input_file_list>
      <input_file id="fl-2">
         <path>.\</path>
         <kind>object</kind>
         <file>main.obj</file>
         <name>main.obj</name>
      </input_file>
      <input_file id="fl-3">
         <path>.\</path>
         <kind>object</kind>
         <file>system_msp432p4111.obj</file>
         <name>system_msp432p4111.obj</name>
      </input_file>
      <input_file id="fl-4">
         <path>.\LcdDriver\</path>
         <kind>object</kind>
         <file>Crystalfontz128x128_ST7735.obj</file>
         <name>Crystalfontz128x128_ST7735.obj</name>
      </input_file>
      <input_file id="fl-5">
         <path>.\LcdDriver\</path>
         <kind>object</kind>
         <file>HAL_MSP_EXP432P401R_Crystalfontz128x128_ST7735.obj</file>
         <name>HAL_MSP_EXP432P401R_Crystalfontz128x128_ST7735.obj</name>
      </input_file>
      <input_file id="fl-6">
         <path>.\ccs\</path>
         <kind>object</kind>
         <file>startup_msp432p4111_ccs.obj</file>
         <name>startup_msp432p4111_ccs.obj</name>
      </input_file>
      <input_file id="fl-11">
         <kind>object</kind>
         <file>&lt;internal&gt;</file>
         <name>&lt;internal&gt;</name>
      </input_file>
      <input_file id="fl-12">
         <path>C:\ti\simplelink_msp432p4_sdk_3_40_01_02\source\ti\grlib\lib\ccs\m4f\</path>
         <kind>archive</kind>
         <file>grlib.a</file>
         <name>context.obj</name>
      </input_file>
      <input_file id="fl-13">
         <path>C:\ti\simplelink_msp432p4_sdk_3_40_01_02\source\ti\grlib\lib\ccs\m4f\</path>
         <kind>archive</kind>
         <file>grlib.a</file>
         <name>display.obj</name>
      </input_file>
      <input_file id="fl-14">
         <path>C:\ti\simplelink_msp432p4_sdk_3_40_01_02\source\ti\grlib\lib\ccs\m4f\</path>
         <kind>archive</kind>
         <file>grlib.a</file>
         <name>fontfixed6x8.obj</name>
      </input_file>
      <input_file id="fl-15">
         <path>C:\ti\simplelink_msp432p4_sdk_3_40_01_02\source\ti\grlib\lib\ccs\m4f\</path>
         <kind>archive</kind>
         <file>grlib.a</file>
         <name>string.obj</name>
      </input_file>
      <input_file id="fl-16">
         <path>C:\ti\simplelink_msp432p4_sdk_3_40_01_02\source\ti\grlib\lib\ccs\m4f\</path>
         <kind>archive</kind>
         <file>grlib.a</file>
         <name>line.obj</name>
      </input_file>
      <input_file id="fl-17">
         <path>C:\ti\simplelink_msp432p4_sdk_3_40_01_02\source\ti\devices\msp432p4xx\driverlib\ccs\</path>
         <kind>archive</kind>
         <file>msp432p4xx_driverlib.lib</file>
         <name>gpio.o</name>
      </input_file>
      <input_file id="fl-18">
         <path>C:\ti\simplelink_msp432p4_sdk_3_40_01_02\source\ti\devices\msp432p4xx\driverlib\ccs\</path>
         <kind>archive</kind>
         <file>msp432p4xx_driverlib.lib</file>
         <name>interrupt.o</name>
      </input_file>
      <input_file id="fl-19">
         <path>C:\ti\simplelink_msp432p4_sdk_3_40_01_02\source\ti\devices\msp432p4xx\driverlib\ccs\</path>
         <kind>archive</kind>
         <file>msp432p4xx_driverlib.lib</file>
         <name>spi.o</name>
      </input_file>
      <input_file id="fl-1a">
         <path>C:\ti\simplelink_msp432p4_sdk_3_40_01_02\source\ti\devices\msp432p4xx\driverlib\ccs\</path>
         <kind>archive</kind>
         <file>msp432p4xx_driverlib.lib</file>
         <name>cpu.o</name>
      </input_file>
      <input_file id="fl-d0">
         <path>C:\ti\ccs1010\ccs\tools\compiler\ti-cgt-arm_20.2.5.LTS\lib\</path>
         <kind>archive</kind>
         <file>rtsv7M4_T_le_v4SPD16_eabi.lib</file>
         <name>copy_zero_init.c.obj</name>
      </input_file>
      <input_file id="fl-d1">
         <path>C:\ti\ccs1010\ccs\tools\compiler\ti-cgt-arm_20.2.5.LTS\lib\</path>
         <kind>archive</kind>
         <file>rtsv7M4_T_le_v4SPD16_eabi.lib</file>
         <name>copy_decompress_none.c.obj</name>
      </input_file>
      <input_file id="fl-d2">
         <path>C:\ti\ccs1010\ccs\tools\compiler\ti-cgt-arm_20.2.5.LTS\lib\</path>
         <kind>archive</kind>
         <file>rtsv7M4_T_le_v4SPD16_eabi.lib</file>
         <name>copy_decompress_lzss.c.obj</name>
      </input_file>
      <input_file id="fl-d3">
         <path>C:\ti\ccs1010\ccs\tools\compiler\ti-cgt-arm_20.2.5.LTS\lib\</path>
         <kind>archive</kind>
         <file>rtsv7M4_T_le_v4SPD16_eabi.lib</file>
         <name>boot_cortex_m.c.obj</name>
      </input_file>
      <input_file id="fl-d4">
         <path>C:\ti\ccs1010\ccs\tools\compiler\ti-cgt-arm_20.2.5.LTS\lib\</path>
         <kind>archive</kind>
         <file>rtsv7M4_T_le_v4SPD16_eabi.lib</file>
         <name>memcpy_t2.asm.obj</name>
      </input_file>
      <input_file id="fl-d5">
         <path>C:\ti\ccs1010\ccs\tools\compiler\ti-cgt-arm_20.2.5.LTS\lib\</path>
         <kind>archive</kind>
         <file>rtsv7M4_T_le_v4SPD16_eabi.lib</file>
         <name>memset_t2.asm.obj</name>
      </input_file>
      <input_file id="fl-d6">
         <path>C:\ti\ccs1010\ccs\tools\compiler\ti-cgt-arm_20.2.5.LTS\lib\</path>
         <kind>archive</kind>
         <file>rtsv7M4_T_le_v4SPD16_eabi.lib</file>
         <name>autoinit.c.obj</name>
      </input_file>
      <input_file id="fl-d7">
         <path>C:\ti\ccs1010\ccs\tools\compiler\ti-cgt-arm_20.2.5.LTS\lib\</path>
         <kind>archive</kind>
         <file>rtsv7M4_T_le_v4SPD16_eabi.lib</file>
         <name>pre_init.c.obj</name>
      </input_file>
      <input_file id="fl-d8">
         <path>C:\ti\ccs1010\ccs\tools\compiler\ti-cgt-arm_20.2.5.LTS\lib\</path>
         <kind>archive</kind>
         <file>rtsv7M4_T_le_v4SPD16_eabi.lib</file>
         <name>cpy_tbl.c.obj</name>
      </input_file>
      <input_file id="fl-d9">
         <path>C:\ti\ccs1010\ccs\tools\compiler\ti-cgt-arm_20.2.5.LTS\lib\</path>
         <kind>archive</kind>
         <file>rtsv7M4_T_le_v4SPD16_eabi.lib</file>
         <name>exit.c.obj</name>
      </input_file>
      <input_file id="fl-da">
         <path>C:\ti\ccs1010\ccs\tools\compiler\ti-cgt-arm_20.2.5.LTS\lib\</path>
         <kind>archive</kind>
         <file>rtsv7M4_T_le_v4SPD16_eabi.lib</file>
         <name>_lock.c.obj</name>
      </input_file>
      <input_file id="fl-db">
         <path>C:\ti\ccs1010\ccs\tools\compiler\ti-cgt-arm_20.2.5.LTS\lib\</path>
         <kind>archive</kind>
         <file>rtsv7M4_T_le_v4SPD16_eabi.lib</file>
         <name>args_main.c.obj</name>
      </input_file>
   </input_file_list>
   <object_component_list>
      <object_component id="oc-26">
         <name>.intvecs:retain</name>
         <load_address>0x0</load_address>
         <run_address>0x0</run_address>
         <size>0xe8</size>
         <input_file_ref idref="fl-6"/>
      </object_component>
      <object_component id="oc-f4">
         <name>.text:Graphics_drawString</name>
         <load_address>0xe8</load_address>
         <run_address>0xe8</run_address>
         <size>0x47e</size>
         <input_file_ref idref="fl-15"/>
      </object_component>
      <object_component id="oc-6d">
         <name>.text:Default_Handler</name>
         <load_address>0x566</load_address>
         <run_address>0x566</run_address>
         <size>0x2</size>
         <input_file_ref idref="fl-6"/>
      </object_component>
      <object_component id="oc-99">
         <name>.text:main</name>
         <load_address>0x568</load_address>
         <run_address>0x568</run_address>
         <size>0x298</size>
         <input_file_ref idref="fl-2"/>
      </object_component>
      <object_component id="oc-1c6">
         <name>.text:Crystalfontz128x128_PixelDrawMultiple</name>
         <load_address>0x800</load_address>
         <run_address>0x800</run_address>
         <size>0x1d8</size>
         <input_file_ref idref="fl-4"/>
      </object_component>
      <object_component id="oc-178">
         <name>.text:Crystalfontz128x128_SetDrawFrame</name>
         <load_address>0x9d8</load_address>
         <run_address>0x9d8</run_address>
         <size>0x134</size>
         <input_file_ref idref="fl-4"/>
      </object_component>
      <object_component id="oc-ca">
         <name>.text:Crystalfontz128x128_Init</name>
         <load_address>0xb0c</load_address>
         <run_address>0xb0c</run_address>
         <size>0x12c</size>
         <input_file_ref idref="fl-4"/>
      </object_component>
      <object_component id="oc-231">
         <name>.text:SPI_initMaster</name>
         <load_address>0xc38</load_address>
         <run_address>0xc38</run_address>
         <size>0xb0</size>
         <input_file_ref idref="fl-19"/>
      </object_component>
      <object_component id="oc-1d8">
         <name>.text:Crystalfontz128x128_RectFill</name>
         <load_address>0xce8</load_address>
         <run_address>0xce8</run_address>
         <size>0x9c</size>
         <input_file_ref idref="fl-4"/>
      </object_component>
      <object_component id="oc-1ab">
         <name>.text:Graphics_drawLineH</name>
         <load_address>0xd84</load_address>
         <run_address>0xd84</run_address>
         <size>0x9c</size>
         <input_file_ref idref="fl-16"/>
      </object_component>
      <object_component id="oc-37">
         <name>.text</name>
         <load_address>0xe20</load_address>
         <run_address>0xe20</run_address>
         <size>0x9c</size>
         <input_file_ref idref="fl-d4"/>
      </object_component>
      <object_component id="oc-ab">
         <name>.text:SystemInit</name>
         <load_address>0xebc</load_address>
         <run_address>0xebc</run_address>
         <size>0x94</size>
         <input_file_ref idref="fl-3"/>
      </object_component>
      <object_component id="oc-224">
         <name>.text:GPIO_setAsPeripheralModuleFunctionOutputPin</name>
         <load_address>0xf50</load_address>
         <run_address>0xf50</run_address>
         <size>0x88</size>
         <input_file_ref idref="fl-17"/>
      </object_component>
      <object_component id="oc-17">
         <name>.text:decompress:lzss:__TI_decompress_lzss</name>
         <load_address>0xfd8</load_address>
         <run_address>0xfd8</run_address>
         <size>0x68</size>
         <input_file_ref idref="fl-d2"/>
      </object_component>
      <object_component id="oc-1cc">
         <name>.text:Crystalfontz128x128_LineDrawH</name>
         <load_address>0x1040</load_address>
         <run_address>0x1040</run_address>
         <size>0x60</size>
         <input_file_ref idref="fl-4"/>
      </object_component>
      <object_component id="oc-1d2">
         <name>.text:Crystalfontz128x128_LineDrawV</name>
         <load_address>0x10a0</load_address>
         <run_address>0x10a0</run_address>
         <size>0x60</size>
         <input_file_ref idref="fl-4"/>
      </object_component>
      <object_component id="oc-d0">
         <name>.text:Crystalfontz128x128_SetOrientation</name>
         <load_address>0x1100</load_address>
         <run_address>0x1100</run_address>
         <size>0x54</size>
         <input_file_ref idref="fl-4"/>
      </object_component>
      <object_component id="oc-d6">
         <name>.text:Graphics_initContext</name>
         <load_address>0x1154</load_address>
         <run_address>0x1154</run_address>
         <size>0x52</size>
         <input_file_ref idref="fl-12"/>
      </object_component>
      <object_component id="oc-11a">
         <name>.text:__TI_auto_init_nobinit_nopinit:__TI_auto_init_nobinit_nopinit</name>
         <load_address>0x11a8</load_address>
         <run_address>0x11a8</run_address>
         <size>0x44</size>
         <input_file_ref idref="fl-d6"/>
      </object_component>
      <object_component id="oc-1c0">
         <name>.text:Crystalfontz128x128_PixelDraw</name>
         <load_address>0x11ec</load_address>
         <run_address>0x11ec</run_address>
         <size>0x40</size>
         <input_file_ref idref="fl-4"/>
      </object_component>
      <object_component id="oc-22a">
         <name>.text:GPIO_setAsOutputPin</name>
         <load_address>0x122c</load_address>
         <run_address>0x122c</run_address>
         <size>0x40</size>
         <input_file_ref idref="fl-17"/>
      </object_component>
      <object_component id="oc-1a5">
         <name>.text:Graphics_getNumberOfLeadingZeros</name>
         <load_address>0x126c</load_address>
         <run_address>0x126c</run_address>
         <size>0x40</size>
         <input_file_ref idref="fl-15"/>
      </object_component>
      <object_component id="oc-15a">
         <name>.text:HAL_LCD_SpiInit</name>
         <load_address>0x12ac</load_address>
         <run_address>0x12ac</run_address>
         <size>0x40</size>
         <input_file_ref idref="fl-5"/>
      </object_component>
      <object_component id="oc-2ac">
         <name>.text:is_A_Module</name>
         <load_address>0x12ec</load_address>
         <run_address>0x12ec</run_address>
         <size>0x40</size>
         <input_file_ref idref="fl-19"/>
      </object_component>
      <object_component id="oc-16c">
         <name>.text:HAL_LCD_writeCommand</name>
         <load_address>0x132c</load_address>
         <run_address>0x132c</run_address>
         <size>0x38</size>
         <input_file_ref idref="fl-5"/>
      </object_component>
      <object_component id="oc-26f">
         <name>.text:Graphics_drawHorizontalLineOnDisplay</name>
         <load_address>0x1364</load_address>
         <run_address>0x1364</run_address>
         <size>0x36</size>
         <input_file_ref idref="fl-13"/>
      </object_component>
      <object_component id="oc-55">
         <name>.text:_c_int00_noargs:_c_int00_noargs</name>
         <load_address>0x139c</load_address>
         <run_address>0x139c</run_address>
         <size>0x34</size>
         <input_file_ref idref="fl-d3"/>
      </object_component>
      <object_component id="oc-154">
         <name>.text:HAL_LCD_PortInit</name>
         <load_address>0x13d0</load_address>
         <run_address>0x13d0</run_address>
         <size>0x30</size>
         <input_file_ref idref="fl-5"/>
      </object_component>
      <object_component id="oc-1ea">
         <name>.text:Crystalfontz128x128_ClearScreen</name>
         <load_address>0x1400</load_address>
         <run_address>0x1400</run_address>
         <size>0x2c</size>
         <input_file_ref idref="fl-4"/>
      </object_component>
      <object_component id="oc-1b1">
         <name>.text:Graphics_drawPixelOnDisplay</name>
         <load_address>0x142c</load_address>
         <run_address>0x142c</run_address>
         <size>0x2c</size>
         <input_file_ref idref="fl-13"/>
      </object_component>
      <object_component id="oc-172">
         <name>.text:HAL_LCD_writeData</name>
         <load_address>0x1458</load_address>
         <run_address>0x1458</run_address>
         <size>0x2c</size>
         <input_file_ref idref="fl-5"/>
      </object_component>
      <object_component id="oc-1de">
         <name>.text:Crystalfontz128x128_ColorTranslate</name>
         <load_address>0x1484</load_address>
         <run_address>0x1484</run_address>
         <size>0x28</size>
         <input_file_ref idref="fl-4"/>
      </object_component>
      <object_component id="oc-166">
         <name>.text:GPIO_setOutputHighOnPin</name>
         <load_address>0x14ac</load_address>
         <run_address>0x14ac</run_address>
         <size>0x28</size>
         <input_file_ref idref="fl-17"/>
      </object_component>
      <object_component id="oc-160">
         <name>.text:GPIO_setOutputLowOnPin</name>
         <load_address>0x14d4</load_address>
         <run_address>0x14d4</run_address>
         <size>0x28</size>
         <input_file_ref idref="fl-17"/>
      </object_component>
      <object_component id="oc-237">
         <name>.text:SPI_enableModule</name>
         <load_address>0x14fc</load_address>
         <run_address>0x14fc</run_address>
         <size>0x1c</size>
         <input_file_ref idref="fl-19"/>
      </object_component>
      <object_component id="oc-43">
         <name>.text:decompress:ZI:__TI_zero_init_nomemset:__TI_zero_init_nomemset</name>
         <load_address>0x1518</load_address>
         <run_address>0x1518</run_address>
         <size>0x1c</size>
         <input_file_ref idref="fl-d0"/>
      </object_component>
      <object_component id="oc-19e">
         <name>.text:Graphics_clearDisplayOnDisplay</name>
         <load_address>0x1534</load_address>
         <run_address>0x1534</run_address>
         <size>0x1a</size>
         <input_file_ref idref="fl-13"/>
      </object_component>
      <object_component id="oc-e2">
         <name>.text:Graphics_setBackgroundColor</name>
         <load_address>0x154e</load_address>
         <run_address>0x154e</run_address>
         <size>0x1a</size>
         <input_file_ref idref="fl-12"/>
      </object_component>
      <object_component id="oc-e8">
         <name>.text:Graphics_setFont</name>
         <load_address>0x1568</load_address>
         <run_address>0x1568</run_address>
         <size>0x1a</size>
         <input_file_ref idref="fl-12"/>
      </object_component>
      <object_component id="oc-2b4">
         <name>.text:EUSCI_A_SPI_enable</name>
         <load_address>0x1582</load_address>
         <run_address>0x1582</run_address>
         <size>0x16</size>
         <input_file_ref idref="fl-19"/>
      </object_component>
      <object_component id="oc-2ba">
         <name>.text:EUSCI_B_SPI_enable</name>
         <load_address>0x1598</load_address>
         <run_address>0x1598</run_address>
         <size>0x16</size>
         <input_file_ref idref="fl-19"/>
      </object_component>
      <object_component id="oc-dc">
         <name>.text:Graphics_setForegroundColor</name>
         <load_address>0x15ae</load_address>
         <run_address>0x15ae</run_address>
         <size>0x16</size>
         <input_file_ref idref="fl-12"/>
      </object_component>
      <object_component id="oc-190">
         <name>.text:Graphics_translateColorOnDisplay</name>
         <load_address>0x15c4</load_address>
         <run_address>0x15c4</run_address>
         <size>0x16</size>
         <input_file_ref idref="fl-13"/>
      </object_component>
      <object_component id="oc-ee">
         <name>.text:Graphics_clearDisplay</name>
         <load_address>0x15da</load_address>
         <run_address>0x15da</run_address>
         <size>0x12</size>
         <input_file_ref idref="fl-12"/>
      </object_component>
      <object_component id="oc-1d">
         <name>.text:decompress:none:__TI_decompress_none</name>
         <load_address>0x15ec</load_address>
         <run_address>0x15ec</run_address>
         <size>0xe</size>
         <input_file_ref idref="fl-d1"/>
      </object_component>
      <object_component id="oc-67">
         <name>.text:Reset_Handler</name>
         <load_address>0x15fa</load_address>
         <run_address>0x15fa</run_address>
         <size>0xc</size>
         <input_file_ref idref="fl-6"/>
      </object_component>
      <object_component id="oc-1e4">
         <name>.text:Crystalfontz128x128_Flush</name>
         <load_address>0x1606</load_address>
         <run_address>0x1606</run_address>
         <size>0xa</size>
         <input_file_ref idref="fl-4"/>
      </object_component>
      <object_component id="oc-93">
         <name>.text:_system_pre_init</name>
         <load_address>0x1610</load_address>
         <run_address>0x1610</run_address>
         <size>0x4</size>
         <input_file_ref idref="fl-d7"/>
      </object_component>
      <object_component id="oc-10e">
         <name>.text:abort:abort</name>
         <load_address>0x1614</load_address>
         <run_address>0x1614</run_address>
         <size>0x4</size>
         <input_file_ref idref="fl-d9"/>
      </object_component>
      <object_component id="oc-1f2">
         <name>.const:.string:g_pucFontFixed6x8Data</name>
         <load_address>0x1618</load_address>
         <run_address>0x1618</run_address>
         <size>0x2f8</size>
         <input_file_ref idref="fl-14"/>
      </object_component>
      <object_component id="oc-100">
         <name>.const:g_sFontFixed6x8</name>
         <load_address>0x1910</load_address>
         <run_address>0x1910</run_address>
         <size>0xc8</size>
         <input_file_ref idref="fl-14"/>
      </object_component>
      <object_component id="oc-246">
         <name>.const:GPIO_PORT_TO_BASE</name>
         <load_address>0x19d8</load_address>
         <run_address>0x19d8</run_address>
         <size>0x30</size>
         <input_file_ref idref="fl-17"/>
      </object_component>
      <object_component id="oc-fd">
         <name>.const:g_sCrystalfontz128x128_funcs</name>
         <load_address>0x1a08</load_address>
         <run_address>0x1a08</run_address>
         <size>0x20</size>
         <input_file_ref idref="fl-4"/>
      </object_component>
      <object_component id="oc-23d">
         <name>.const:$P$T0$1</name>
         <load_address>0x1a28</load_address>
         <run_address>0x1a28</run_address>
         <size>0x1c</size>
         <input_file_ref idref="fl-5"/>
      </object_component>
      <object_component id="oc-281">
         <name>.const:$P$T0$1</name>
         <load_address>0x1a44</load_address>
         <run_address>0x1a44</run_address>
         <size>0x8</size>
         <input_file_ref idref="fl-4"/>
      </object_component>
      <object_component id="oc-326">
         <name>.cinit..data.load</name>
         <load_address>0x1a50</load_address>
         <run_address>0x1a50</run_address>
         <size>0xd</size>
      </object_component>
      <object_component id="oc-324">
         <name>__TI_handler_table</name>
         <load_address>0x1a60</load_address>
         <run_address>0x1a60</run_address>
         <size>0xc</size>
      </object_component>
      <object_component id="oc-327">
         <name>.cinit..bss.load</name>
         <load_address>0x1a70</load_address>
         <run_address>0x1a70</run_address>
         <size>0x8</size>
      </object_component>
      <object_component id="oc-325">
         <name>__TI_cinit_table</name>
         <load_address>0x1a78</load_address>
         <run_address>0x1a78</run_address>
         <size>0x10</size>
      </object_component>
      <object_component id="oc-2f8">
         <name>.binit</name>
         <load_address>0x0</load_address>
         <run_address>0x0</run_address>
         <size>0x0</size>
      </object_component>
      <object_component id="oc-fa">
         <name>.data:g_sCrystalfontz128x128</name>
         <load_address>0x20000000</load_address>
         <run_address>0x20000000</run_address>
         <size>0x10</size>
         <input_file_ref idref="fl-4"/>
      </object_component>
      <object_component id="oc-187">
         <name>.common:Lcd_Orientation</name>
         <uninitialized>true</uninitialized>
         <run_address>0x20000018</run_address>
         <size>0x1</size>
      </object_component>
      <object_component id="oc-17e">
         <name>.common:Lcd_ScreenWidth</name>
         <uninitialized>true</uninitialized>
         <run_address>0x20000012</run_address>
         <size>0x2</size>
      </object_component>
      <object_component id="oc-181">
         <name>.common:Lcd_ScreenHeigth</name>
         <uninitialized>true</uninitialized>
         <run_address>0x20000010</run_address>
         <size>0x2</size>
      </object_component>
      <object_component id="oc-182">
         <name>.common:Lcd_PenSolid</name>
         <uninitialized>true</uninitialized>
         <run_address>0x20000019</run_address>
         <size>0x1</size>
      </object_component>
      <object_component id="oc-183">
         <name>.common:Lcd_FontSolid</name>
         <uninitialized>true</uninitialized>
         <run_address>0x20000017</run_address>
         <size>0x1</size>
      </object_component>
      <object_component id="oc-184">
         <name>.common:Lcd_FlagRead</name>
         <uninitialized>true</uninitialized>
         <run_address>0x20000016</run_address>
         <size>0x1</size>
      </object_component>
      <object_component id="oc-185">
         <name>.common:Lcd_TouchTrim</name>
         <uninitialized>true</uninitialized>
         <run_address>0x20000014</run_address>
         <size>0x2</size>
      </object_component>
      <object_component id="oc-29">
         <name>.stack</name>
         <uninitialized>true</uninitialized>
         <run_address>0x2003fe00</run_address>
         <size>0x4</size>
         <input_file_ref idref="fl-d3"/>
      </object_component>
      <object_component id="oc-329">
         <name>.stack</name>
         <uninitialized>true</uninitialized>
         <run_address>0x2003fe00</run_address>
         <size>0x0</size>
      </object_component>
      <object_component id="oc-152">
         <name>.debug_info</name>
         <load_address>0x0</load_address>
         <run_address>0x0</run_address>
         <size>0x9e8</size>
         <input_file_ref idref="fl-2"/>
      </object_component>
      <object_component id="oc-9a">
         <name>.debug_info</name>
         <load_address>0x9e8</load_address>
         <run_address>0x9e8</run_address>
         <size>0x36d</size>
         <input_file_ref idref="fl-2"/>
      </object_component>
      <object_component id="oc-21a">
         <name>.debug_info</name>
         <load_address>0xd55</load_address>
         <run_address>0xd55</run_address>
         <size>0x3c27</size>
         <input_file_ref idref="fl-2"/>
      </object_component>
      <object_component id="oc-b5">
         <name>.debug_info</name>
         <load_address>0x497c</load_address>
         <run_address>0x497c</run_address>
         <size>0x26b</size>
         <input_file_ref idref="fl-2"/>
      </object_component>
      <object_component id="oc-21f">
         <name>.debug_info</name>
         <load_address>0x4be7</load_address>
         <run_address>0x4be7</run_address>
         <size>0x1028</size>
         <input_file_ref idref="fl-2"/>
      </object_component>
      <object_component id="oc-104">
         <name>.debug_info</name>
         <load_address>0x5c0f</load_address>
         <run_address>0x5c0f</run_address>
         <size>0x439</size>
         <input_file_ref idref="fl-2"/>
      </object_component>
      <object_component id="oc-109">
         <name>.debug_info</name>
         <load_address>0x6048</load_address>
         <run_address>0x6048</run_address>
         <size>0x8b</size>
         <input_file_ref idref="fl-2"/>
      </object_component>
      <object_component id="oc-14d">
         <name>.debug_info</name>
         <load_address>0x60d3</load_address>
         <run_address>0x60d3</run_address>
         <size>0x2a4</size>
         <input_file_ref idref="fl-2"/>
      </object_component>
      <object_component id="oc-25a">
         <name>.debug_info</name>
         <load_address>0x6377</load_address>
         <run_address>0x6377</run_address>
         <size>0xef</size>
         <input_file_ref idref="fl-2"/>
      </object_component>
      <object_component id="oc-189">
         <name>.debug_info</name>
         <load_address>0x6466</load_address>
         <run_address>0x6466</run_address>
         <size>0xbb</size>
         <input_file_ref idref="fl-2"/>
      </object_component>
      <object_component id="oc-241">
         <name>.debug_info</name>
         <load_address>0x6521</load_address>
         <run_address>0x6521</run_address>
         <size>0x131</size>
         <input_file_ref idref="fl-2"/>
      </object_component>
      <object_component id="oc-ac">
         <name>.debug_info</name>
         <load_address>0x6652</load_address>
         <run_address>0x6652</run_address>
         <size>0x130</size>
         <input_file_ref idref="fl-3"/>
      </object_component>
      <object_component id="oc-32">
         <name>.debug_info</name>
         <load_address>0x6782</load_address>
         <run_address>0x6782</run_address>
         <size>0x84</size>
         <input_file_ref idref="fl-3"/>
      </object_component>
      <object_component id="oc-17f">
         <name>.debug_info</name>
         <load_address>0x6806</load_address>
         <run_address>0x6806</run_address>
         <size>0x966</size>
         <input_file_ref idref="fl-4"/>
      </object_component>
      <object_component id="oc-fb">
         <name>.debug_info</name>
         <load_address>0x716c</load_address>
         <run_address>0x716c</run_address>
         <size>0x112</size>
         <input_file_ref idref="fl-4"/>
      </object_component>
      <object_component id="oc-fe">
         <name>.debug_info</name>
         <load_address>0x727e</load_address>
         <run_address>0x727e</run_address>
         <size>0x11e</size>
         <input_file_ref idref="fl-4"/>
      </object_component>
      <object_component id="oc-282">
         <name>.debug_info</name>
         <load_address>0x739c</load_address>
         <run_address>0x739c</run_address>
         <size>0xf3</size>
         <input_file_ref idref="fl-4"/>
      </object_component>
      <object_component id="oc-cb">
         <name>.debug_info</name>
         <load_address>0x748f</load_address>
         <run_address>0x748f</run_address>
         <size>0x3e5</size>
         <input_file_ref idref="fl-4"/>
      </object_component>
      <object_component id="oc-179">
         <name>.debug_info</name>
         <load_address>0x7874</load_address>
         <run_address>0x7874</run_address>
         <size>0x2f1</size>
         <input_file_ref idref="fl-4"/>
      </object_component>
      <object_component id="oc-d1">
         <name>.debug_info</name>
         <load_address>0x7b65</load_address>
         <run_address>0x7b65</run_address>
         <size>0x24d</size>
         <input_file_ref idref="fl-4"/>
      </object_component>
      <object_component id="oc-1c1">
         <name>.debug_info</name>
         <load_address>0x7db2</load_address>
         <run_address>0x7db2</run_address>
         <size>0x292</size>
         <input_file_ref idref="fl-4"/>
      </object_component>
      <object_component id="oc-1c7">
         <name>.debug_info</name>
         <load_address>0x8044</load_address>
         <run_address>0x8044</run_address>
         <size>0x3f5</size>
         <input_file_ref idref="fl-4"/>
      </object_component>
      <object_component id="oc-1cd">
         <name>.debug_info</name>
         <load_address>0x8439</load_address>
         <run_address>0x8439</run_address>
         <size>0x2ad</size>
         <input_file_ref idref="fl-4"/>
      </object_component>
      <object_component id="oc-1d3">
         <name>.debug_info</name>
         <load_address>0x86e6</load_address>
         <run_address>0x86e6</run_address>
         <size>0x2ad</size>
         <input_file_ref idref="fl-4"/>
      </object_component>
      <object_component id="oc-1d9">
         <name>.debug_info</name>
         <load_address>0x8993</load_address>
         <run_address>0x8993</run_address>
         <size>0x2de</size>
         <input_file_ref idref="fl-4"/>
      </object_component>
      <object_component id="oc-1df">
         <name>.debug_info</name>
         <load_address>0x8c71</load_address>
         <run_address>0x8c71</run_address>
         <size>0x1fb</size>
         <input_file_ref idref="fl-4"/>
      </object_component>
      <object_component id="oc-1e5">
         <name>.debug_info</name>
         <load_address>0x8e6c</load_address>
         <run_address>0x8e6c</run_address>
         <size>0x1b6</size>
         <input_file_ref idref="fl-4"/>
      </object_component>
      <object_component id="oc-1eb">
         <name>.debug_info</name>
         <load_address>0x9022</load_address>
         <run_address>0x9022</run_address>
         <size>0x226</size>
         <input_file_ref idref="fl-4"/>
      </object_component>
      <object_component id="oc-255">
         <name>.debug_info</name>
         <load_address>0x9248</load_address>
         <run_address>0x9248</run_address>
         <size>0x3c27</size>
         <input_file_ref idref="fl-4"/>
      </object_component>
      <object_component id="oc-2c3">
         <name>.debug_info</name>
         <load_address>0xce6f</load_address>
         <run_address>0xce6f</run_address>
         <size>0x8ac</size>
         <input_file_ref idref="fl-5"/>
      </object_component>
      <object_component id="oc-23e">
         <name>.debug_info</name>
         <load_address>0xd71b</load_address>
         <run_address>0xd71b</run_address>
         <size>0x106</size>
         <input_file_ref idref="fl-5"/>
      </object_component>
      <object_component id="oc-155">
         <name>.debug_info</name>
         <load_address>0xd821</load_address>
         <run_address>0xd821</run_address>
         <size>0x25d</size>
         <input_file_ref idref="fl-5"/>
      </object_component>
      <object_component id="oc-15b">
         <name>.debug_info</name>
         <load_address>0xda7e</load_address>
         <run_address>0xda7e</run_address>
         <size>0x226</size>
         <input_file_ref idref="fl-5"/>
      </object_component>
      <object_component id="oc-16d">
         <name>.debug_info</name>
         <load_address>0xdca4</load_address>
         <run_address>0xdca4</run_address>
         <size>0x21d</size>
         <input_file_ref idref="fl-5"/>
      </object_component>
      <object_component id="oc-173">
         <name>.debug_info</name>
         <load_address>0xdec1</load_address>
         <run_address>0xdec1</run_address>
         <size>0x1d0</size>
         <input_file_ref idref="fl-5"/>
      </object_component>
      <object_component id="oc-75">
         <name>.debug_info</name>
         <load_address>0xe091</load_address>
         <run_address>0xe091</run_address>
         <size>0x2d0</size>
         <input_file_ref idref="fl-6"/>
      </object_component>
      <object_component id="oc-27">
         <name>.debug_info</name>
         <load_address>0xe361</load_address>
         <run_address>0xe361</run_address>
         <size>0xfc</size>
         <input_file_ref idref="fl-6"/>
      </object_component>
      <object_component id="oc-69">
         <name>.debug_info</name>
         <load_address>0xe45d</load_address>
         <run_address>0xe45d</run_address>
         <size>0x15f</size>
         <input_file_ref idref="fl-6"/>
      </object_component>
      <object_component id="oc-71">
         <name>.debug_info</name>
         <load_address>0xe5bc</load_address>
         <run_address>0xe5bc</run_address>
         <size>0x147</size>
         <input_file_ref idref="fl-6"/>
      </object_component>
      <object_component id="oc-18f">
         <name>.debug_info</name>
         <load_address>0xe703</load_address>
         <run_address>0xe703</run_address>
         <size>0x561</size>
         <input_file_ref idref="fl-12"/>
      </object_component>
      <object_component id="oc-d8">
         <name>.debug_info</name>
         <load_address>0xec64</load_address>
         <run_address>0xec64</run_address>
         <size>0x1ef</size>
         <input_file_ref idref="fl-12"/>
      </object_component>
      <object_component id="oc-e4">
         <name>.debug_info</name>
         <load_address>0xee53</load_address>
         <run_address>0xee53</run_address>
         <size>0x203</size>
         <input_file_ref idref="fl-12"/>
      </object_component>
      <object_component id="oc-ea">
         <name>.debug_info</name>
         <load_address>0xf056</load_address>
         <run_address>0xf056</run_address>
         <size>0x1d0</size>
         <input_file_ref idref="fl-12"/>
      </object_component>
      <object_component id="oc-de">
         <name>.debug_info</name>
         <load_address>0xf226</load_address>
         <run_address>0xf226</run_address>
         <size>0x1f6</size>
         <input_file_ref idref="fl-12"/>
      </object_component>
      <object_component id="oc-f2">
         <name>.debug_info</name>
         <load_address>0xf41c</load_address>
         <run_address>0xf41c</run_address>
         <size>0x1c3</size>
         <input_file_ref idref="fl-12"/>
      </object_component>
      <object_component id="oc-261">
         <name>.debug_info</name>
         <load_address>0xf5df</load_address>
         <run_address>0xf5df</run_address>
         <size>0x26b</size>
         <input_file_ref idref="fl-12"/>
      </object_component>
      <object_component id="oc-1b9">
         <name>.debug_info</name>
         <load_address>0xf84a</load_address>
         <run_address>0xf84a</run_address>
         <size>0x439</size>
         <input_file_ref idref="fl-12"/>
      </object_component>
      <object_component id="oc-268">
         <name>.debug_info</name>
         <load_address>0xfc83</load_address>
         <run_address>0xfc83</run_address>
         <size>0x297</size>
         <input_file_ref idref="fl-12"/>
      </object_component>
      <object_component id="oc-24a">
         <name>.debug_info</name>
         <load_address>0xff1a</load_address>
         <run_address>0xff1a</run_address>
         <size>0xef</size>
         <input_file_ref idref="fl-12"/>
      </object_component>
      <object_component id="oc-197">
         <name>.debug_info</name>
         <load_address>0x10009</load_address>
         <run_address>0x10009</run_address>
         <size>0xbb</size>
         <input_file_ref idref="fl-12"/>
      </object_component>
      <object_component id="oc-267">
         <name>.debug_info</name>
         <load_address>0x100c4</load_address>
         <run_address>0x100c4</run_address>
         <size>0x3fb</size>
         <input_file_ref idref="fl-13"/>
      </object_component>
      <object_component id="oc-1b5">
         <name>.debug_info</name>
         <load_address>0x104bf</load_address>
         <run_address>0x104bf</run_address>
         <size>0x203</size>
         <input_file_ref idref="fl-13"/>
      </object_component>
      <object_component id="oc-272">
         <name>.debug_info</name>
         <load_address>0x106c2</load_address>
         <run_address>0x106c2</run_address>
         <size>0x221</size>
         <input_file_ref idref="fl-13"/>
      </object_component>
      <object_component id="oc-193">
         <name>.debug_info</name>
         <load_address>0x108e3</load_address>
         <run_address>0x108e3</run_address>
         <size>0x1e3</size>
         <input_file_ref idref="fl-13"/>
      </object_component>
      <object_component id="oc-1a1">
         <name>.debug_info</name>
         <load_address>0x10ac6</load_address>
         <run_address>0x10ac6</run_address>
         <size>0x1db</size>
         <input_file_ref idref="fl-13"/>
      </object_component>
      <object_component id="oc-1f7">
         <name>.debug_info</name>
         <load_address>0x10ca1</load_address>
         <run_address>0x10ca1</run_address>
         <size>0x27c</size>
         <input_file_ref idref="fl-14"/>
      </object_component>
      <object_component id="oc-1f3">
         <name>.debug_info</name>
         <load_address>0x10f1d</load_address>
         <run_address>0x10f1d</run_address>
         <size>0x13a</size>
         <input_file_ref idref="fl-14"/>
      </object_component>
      <object_component id="oc-101">
         <name>.debug_info</name>
         <load_address>0x11057</load_address>
         <run_address>0x11057</run_address>
         <size>0x12f</size>
         <input_file_ref idref="fl-14"/>
      </object_component>
      <object_component id="oc-1b8">
         <name>.debug_info</name>
         <load_address>0x11186</load_address>
         <run_address>0x11186</run_address>
         <size>0x4ba</size>
         <input_file_ref idref="fl-15"/>
      </object_component>
      <object_component id="oc-1a7">
         <name>.debug_info</name>
         <load_address>0x11640</load_address>
         <run_address>0x11640</run_address>
         <size>0x1c5</size>
         <input_file_ref idref="fl-15"/>
      </object_component>
      <object_component id="oc-f5">
         <name>.debug_info</name>
         <load_address>0x11805</load_address>
         <run_address>0x11805</run_address>
         <size>0x42a</size>
         <input_file_ref idref="fl-15"/>
      </object_component>
      <object_component id="oc-276">
         <name>.debug_info</name>
         <load_address>0x11c2f</load_address>
         <run_address>0x11c2f</run_address>
         <size>0x53b</size>
         <input_file_ref idref="fl-16"/>
      </object_component>
      <object_component id="oc-1ac">
         <name>.debug_info</name>
         <load_address>0x1216a</load_address>
         <run_address>0x1216a</run_address>
         <size>0x216</size>
         <input_file_ref idref="fl-16"/>
      </object_component>
      <object_component id="oc-2c6">
         <name>.debug_info</name>
         <load_address>0x12380</load_address>
         <run_address>0x12380</run_address>
         <size>0x701</size>
         <input_file_ref idref="fl-17"/>
      </object_component>
      <object_component id="oc-247">
         <name>.debug_info</name>
         <load_address>0x12a81</load_address>
         <run_address>0x12a81</run_address>
         <size>0x135</size>
         <input_file_ref idref="fl-17"/>
      </object_component>
      <object_component id="oc-22d">
         <name>.debug_info</name>
         <load_address>0x12bb6</load_address>
         <run_address>0x12bb6</run_address>
         <size>0x252</size>
         <input_file_ref idref="fl-17"/>
      </object_component>
      <object_component id="oc-227">
         <name>.debug_info</name>
         <load_address>0x12e08</load_address>
         <run_address>0x12e08</run_address>
         <size>0x2a5</size>
         <input_file_ref idref="fl-17"/>
      </object_component>
      <object_component id="oc-169">
         <name>.debug_info</name>
         <load_address>0x130ad</load_address>
         <run_address>0x130ad</run_address>
         <size>0x25a</size>
         <input_file_ref idref="fl-17"/>
      </object_component>
      <object_component id="oc-163">
         <name>.debug_info</name>
         <load_address>0x13307</load_address>
         <run_address>0x13307</run_address>
         <size>0x258</size>
         <input_file_ref idref="fl-17"/>
      </object_component>
      <object_component id="oc-2e5">
         <name>.debug_info</name>
         <load_address>0x1355f</load_address>
         <run_address>0x1355f</run_address>
         <size>0x1028</size>
         <input_file_ref idref="fl-17"/>
      </object_component>
      <object_component id="oc-2e0">
         <name>.debug_info</name>
         <load_address>0x14587</load_address>
         <run_address>0x14587</run_address>
         <size>0x431a</size>
         <input_file_ref idref="fl-17"/>
      </object_component>
      <object_component id="oc-2b3">
         <name>.debug_info</name>
         <load_address>0x188a1</load_address>
         <run_address>0x188a1</run_address>
         <size>0x6f5</size>
         <input_file_ref idref="fl-19"/>
      </object_component>
      <object_component id="oc-2ae">
         <name>.debug_info</name>
         <load_address>0x18f96</load_address>
         <run_address>0x18f96</run_address>
         <size>0x1c7</size>
         <input_file_ref idref="fl-19"/>
      </object_component>
      <object_component id="oc-233">
         <name>.debug_info</name>
         <load_address>0x1915d</load_address>
         <run_address>0x1915d</run_address>
         <size>0x22b</size>
         <input_file_ref idref="fl-19"/>
      </object_component>
      <object_component id="oc-239">
         <name>.debug_info</name>
         <load_address>0x19388</load_address>
         <run_address>0x19388</run_address>
         <size>0x235</size>
         <input_file_ref idref="fl-19"/>
      </object_component>
      <object_component id="oc-2bb">
         <name>.debug_info</name>
         <load_address>0x195bd</load_address>
         <run_address>0x195bd</run_address>
         <size>0x1e9</size>
         <input_file_ref idref="fl-19"/>
      </object_component>
      <object_component id="oc-2b5">
         <name>.debug_info</name>
         <load_address>0x197a6</load_address>
         <run_address>0x197a6</run_address>
         <size>0x1e9</size>
         <input_file_ref idref="fl-19"/>
      </object_component>
      <object_component id="oc-2ea">
         <name>.debug_info</name>
         <load_address>0x1998f</load_address>
         <run_address>0x1998f</run_address>
         <size>0x131</size>
         <input_file_ref idref="fl-19"/>
      </object_component>
      <object_component id="oc-8c">
         <name>.debug_info</name>
         <load_address>0x19ac0</load_address>
         <run_address>0x19ac0</run_address>
         <size>0x2d4</size>
         <input_file_ref idref="fl-d0"/>
      </object_component>
      <object_component id="oc-45">
         <name>.debug_info</name>
         <load_address>0x19d94</load_address>
         <run_address>0x19d94</run_address>
         <size>0x1d2</size>
         <input_file_ref idref="fl-d0"/>
      </object_component>
      <object_component id="oc-87">
         <name>.debug_info</name>
         <load_address>0x19f66</load_address>
         <run_address>0x19f66</run_address>
         <size>0x46</size>
         <input_file_ref idref="fl-d0"/>
      </object_component>
      <object_component id="oc-c1">
         <name>.debug_info</name>
         <load_address>0x19fac</load_address>
         <run_address>0x19fac</run_address>
         <size>0x2c</size>
         <input_file_ref idref="fl-d0"/>
      </object_component>
      <object_component id="oc-42">
         <name>.debug_info</name>
         <load_address>0x19fd8</load_address>
         <run_address>0x19fd8</run_address>
         <size>0x2a8</size>
         <input_file_ref idref="fl-d1"/>
      </object_component>
      <object_component id="oc-1f">
         <name>.debug_info</name>
         <load_address>0x1a280</load_address>
         <run_address>0x1a280</run_address>
         <size>0x1ea</size>
         <input_file_ref idref="fl-d1"/>
      </object_component>
      <object_component id="oc-3d">
         <name>.debug_info</name>
         <load_address>0x1a46a</load_address>
         <run_address>0x1a46a</run_address>
         <size>0x46</size>
         <input_file_ref idref="fl-d1"/>
      </object_component>
      <object_component id="oc-7f">
         <name>.debug_info</name>
         <load_address>0x1a4b0</load_address>
         <run_address>0x1a4b0</run_address>
         <size>0x2c</size>
         <input_file_ref idref="fl-d1"/>
      </object_component>
      <object_component id="oc-7d">
         <name>.debug_info</name>
         <load_address>0x1a4dc</load_address>
         <run_address>0x1a4dc</run_address>
         <size>0x29e</size>
         <input_file_ref idref="fl-d2"/>
      </object_component>
      <object_component id="oc-18">
         <name>.debug_info</name>
         <load_address>0x1a77a</load_address>
         <run_address>0x1a77a</run_address>
         <size>0x250</size>
         <input_file_ref idref="fl-d2"/>
      </object_component>
      <object_component id="oc-2d">
         <name>.debug_info</name>
         <load_address>0x1a9ca</load_address>
         <run_address>0x1a9ca</run_address>
         <size>0x60</size>
         <input_file_ref idref="fl-d2"/>
      </object_component>
      <object_component id="oc-ba">
         <name>.debug_info</name>
         <load_address>0x1aa2a</load_address>
         <run_address>0x1aa2a</run_address>
         <size>0x46</size>
         <input_file_ref idref="fl-d2"/>
      </object_component>
      <object_component id="oc-78">
         <name>.debug_info</name>
         <load_address>0x1aa70</load_address>
         <run_address>0x1aa70</run_address>
         <size>0x39</size>
         <input_file_ref idref="fl-d2"/>
      </object_component>
      <object_component id="oc-2a">
         <name>.debug_info</name>
         <load_address>0x1aaa9</load_address>
         <run_address>0x1aaa9</run_address>
         <size>0x10b</size>
         <input_file_ref idref="fl-d3"/>
      </object_component>
      <object_component id="oc-58">
         <name>.debug_info</name>
         <load_address>0x1abb4</load_address>
         <run_address>0x1abb4</run_address>
         <size>0x1a9</size>
         <input_file_ref idref="fl-d3"/>
      </object_component>
      <object_component id="oc-38">
         <name>.debug_info</name>
         <load_address>0x1ad5d</load_address>
         <run_address>0x1ad5d</run_address>
         <size>0x119</size>
         <input_file_ref idref="fl-d4"/>
      </object_component>
      <object_component id="oc-203">
         <name>.debug_info</name>
         <load_address>0x1ae76</load_address>
         <run_address>0x1ae76</run_address>
         <size>0x4b3</size>
         <input_file_ref idref="fl-d6"/>
      </object_component>
      <object_component id="oc-11c">
         <name>.debug_info</name>
         <load_address>0x1b329</load_address>
         <run_address>0x1b329</run_address>
         <size>0x1a6</size>
         <input_file_ref idref="fl-d6"/>
      </object_component>
      <object_component id="oc-299">
         <name>.debug_info</name>
         <load_address>0x1b4cf</load_address>
         <run_address>0x1b4cf</run_address>
         <size>0x39</size>
         <input_file_ref idref="fl-d6"/>
      </object_component>
      <object_component id="oc-2d1">
         <name>.debug_info</name>
         <load_address>0x1b508</load_address>
         <run_address>0x1b508</run_address>
         <size>0x39</size>
         <input_file_ref idref="fl-d6"/>
      </object_component>
      <object_component id="oc-29e">
         <name>.debug_info</name>
         <load_address>0x1b541</load_address>
         <run_address>0x1b541</run_address>
         <size>0x39</size>
         <input_file_ref idref="fl-d6"/>
      </object_component>
      <object_component id="oc-2a3">
         <name>.debug_info</name>
         <load_address>0x1b57a</load_address>
         <run_address>0x1b57a</run_address>
         <size>0xcd</size>
         <input_file_ref idref="fl-d6"/>
      </object_component>
      <object_component id="oc-96">
         <name>.debug_info</name>
         <load_address>0x1b647</load_address>
         <run_address>0x1b647</run_address>
         <size>0x153</size>
         <input_file_ref idref="fl-d7"/>
      </object_component>
      <object_component id="oc-111">
         <name>.debug_info</name>
         <load_address>0x1b79a</load_address>
         <run_address>0x1b79a</run_address>
         <size>0x122</size>
         <input_file_ref idref="fl-d9"/>
      </object_component>
      <object_component id="oc-32a">
         <name>.debug_info</name>
         <load_address>0x1b8bc</load_address>
         <run_address>0x1b8bc</run_address>
         <size>0xa4</size>
      </object_component>
      <object_component id="oc-219">
         <name>.debug_line</name>
         <load_address>0x0</load_address>
         <run_address>0x0</run_address>
         <size>0x9e</size>
         <input_file_ref idref="fl-2"/>
      </object_component>
      <object_component id="oc-9e">
         <name>.debug_line</name>
         <load_address>0x9e</load_address>
         <run_address>0x9e</run_address>
         <size>0xc3</size>
         <input_file_ref idref="fl-2"/>
      </object_component>
      <object_component id="oc-21d">
         <name>.debug_line</name>
         <load_address>0x161</load_address>
         <run_address>0x161</run_address>
         <size>0x7b</size>
         <input_file_ref idref="fl-2"/>
      </object_component>
      <object_component id="oc-b8">
         <name>.debug_line</name>
         <load_address>0x1dc</load_address>
         <run_address>0x1dc</run_address>
         <size>0x6f</size>
         <input_file_ref idref="fl-2"/>
      </object_component>
      <object_component id="oc-222">
         <name>.debug_line</name>
         <load_address>0x24b</load_address>
         <run_address>0x24b</run_address>
         <size>0x78</size>
         <input_file_ref idref="fl-2"/>
      </object_component>
      <object_component id="oc-107">
         <name>.debug_line</name>
         <load_address>0x2c3</load_address>
         <run_address>0x2c3</run_address>
         <size>0x64</size>
         <input_file_ref idref="fl-2"/>
      </object_component>
      <object_component id="oc-10c">
         <name>.debug_line</name>
         <load_address>0x327</load_address>
         <run_address>0x327</run_address>
         <size>0x20</size>
         <input_file_ref idref="fl-2"/>
      </object_component>
      <object_component id="oc-150">
         <name>.debug_line</name>
         <load_address>0x347</load_address>
         <run_address>0x347</run_address>
         <size>0x73</size>
         <input_file_ref idref="fl-2"/>
      </object_component>
      <object_component id="oc-25d">
         <name>.debug_line</name>
         <load_address>0x3ba</load_address>
         <run_address>0x3ba</run_address>
         <size>0x6f</size>
         <input_file_ref idref="fl-2"/>
      </object_component>
      <object_component id="oc-18c">
         <name>.debug_line</name>
         <load_address>0x429</load_address>
         <run_address>0x429</run_address>
         <size>0x70</size>
         <input_file_ref idref="fl-2"/>
      </object_component>
      <object_component id="oc-244">
         <name>.debug_line</name>
         <load_address>0x499</load_address>
         <run_address>0x499</run_address>
         <size>0x79</size>
         <input_file_ref idref="fl-2"/>
      </object_component>
      <object_component id="oc-af">
         <name>.debug_line</name>
         <load_address>0x512</load_address>
         <run_address>0x512</run_address>
         <size>0x72</size>
         <input_file_ref idref="fl-3"/>
      </object_component>
      <object_component id="oc-35">
         <name>.debug_line</name>
         <load_address>0x584</load_address>
         <run_address>0x584</run_address>
         <size>0x20</size>
         <input_file_ref idref="fl-3"/>
      </object_component>
      <object_component id="oc-254">
         <name>.debug_line</name>
         <load_address>0x5a4</load_address>
         <run_address>0x5a4</run_address>
         <size>0xe8</size>
         <input_file_ref idref="fl-4"/>
      </object_component>
      <object_component id="oc-1bf">
         <name>.debug_line</name>
         <load_address>0x68c</load_address>
         <run_address>0x68c</run_address>
         <size>0x4d</size>
         <input_file_ref idref="fl-4"/>
      </object_component>
      <object_component id="oc-1f1">
         <name>.debug_line</name>
         <load_address>0x6d9</load_address>
         <run_address>0x6d9</run_address>
         <size>0x4d</size>
         <input_file_ref idref="fl-4"/>
      </object_component>
      <object_component id="oc-2cd">
         <name>.debug_line</name>
         <load_address>0x726</load_address>
         <run_address>0x726</run_address>
         <size>0x4d</size>
         <input_file_ref idref="fl-4"/>
      </object_component>
      <object_component id="oc-ce">
         <name>.debug_line</name>
         <load_address>0x773</load_address>
         <run_address>0x773</run_address>
         <size>0x95</size>
         <input_file_ref idref="fl-4"/>
      </object_component>
      <object_component id="oc-17c">
         <name>.debug_line</name>
         <load_address>0x808</load_address>
         <run_address>0x808</run_address>
         <size>0x8e</size>
         <input_file_ref idref="fl-4"/>
      </object_component>
      <object_component id="oc-d4">
         <name>.debug_line</name>
         <load_address>0x896</load_address>
         <run_address>0x896</run_address>
         <size>0x71</size>
         <input_file_ref idref="fl-4"/>
      </object_component>
      <object_component id="oc-1c4">
         <name>.debug_line</name>
         <load_address>0x907</load_address>
         <run_address>0x907</run_address>
         <size>0x68</size>
         <input_file_ref idref="fl-4"/>
      </object_component>
      <object_component id="oc-1cb">
         <name>.debug_line</name>
         <load_address>0x96f</load_address>
         <run_address>0x96f</run_address>
         <size>0x103</size>
         <input_file_ref idref="fl-4"/>
      </object_component>
      <object_component id="oc-1d0">
         <name>.debug_line</name>
         <load_address>0xa72</load_address>
         <run_address>0xa72</run_address>
         <size>0x73</size>
         <input_file_ref idref="fl-4"/>
      </object_component>
      <object_component id="oc-1d6">
         <name>.debug_line</name>
         <load_address>0xae5</load_address>
         <run_address>0xae5</run_address>
         <size>0x73</size>
         <input_file_ref idref="fl-4"/>
      </object_component>
      <object_component id="oc-1dc">
         <name>.debug_line</name>
         <load_address>0xb58</load_address>
         <run_address>0xb58</run_address>
         <size>0x7e</size>
         <input_file_ref idref="fl-4"/>
      </object_component>
      <object_component id="oc-1e2">
         <name>.debug_line</name>
         <load_address>0xbd6</load_address>
         <run_address>0xbd6</run_address>
         <size>0x65</size>
         <input_file_ref idref="fl-4"/>
      </object_component>
      <object_component id="oc-1e9">
         <name>.debug_line</name>
         <load_address>0xc3b</load_address>
         <run_address>0xc3b</run_address>
         <size>0x60</size>
         <input_file_ref idref="fl-4"/>
      </object_component>
      <object_component id="oc-1ef">
         <name>.debug_line</name>
         <load_address>0xc9b</load_address>
         <run_address>0xc9b</run_address>
         <size>0x68</size>
         <input_file_ref idref="fl-4"/>
      </object_component>
      <object_component id="oc-258">
         <name>.debug_line</name>
         <load_address>0xd03</load_address>
         <run_address>0xd03</run_address>
         <size>0x7b</size>
         <input_file_ref idref="fl-4"/>
      </object_component>
      <object_component id="oc-2f2">
         <name>.debug_line</name>
         <load_address>0xd7e</load_address>
         <run_address>0xd7e</run_address>
         <size>0xd3</size>
         <input_file_ref idref="fl-5"/>
      </object_component>
      <object_component id="oc-2c2">
         <name>.debug_line</name>
         <load_address>0xe51</load_address>
         <run_address>0xe51</run_address>
         <size>0x61</size>
         <input_file_ref idref="fl-5"/>
      </object_component>
      <object_component id="oc-159">
         <name>.debug_line</name>
         <load_address>0xeb2</load_address>
         <run_address>0xeb2</run_address>
         <size>0x7c</size>
         <input_file_ref idref="fl-5"/>
      </object_component>
      <object_component id="oc-15e">
         <name>.debug_line</name>
         <load_address>0xf2e</load_address>
         <run_address>0xf2e</run_address>
         <size>0x7e</size>
         <input_file_ref idref="fl-5"/>
      </object_component>
      <object_component id="oc-171">
         <name>.debug_line</name>
         <load_address>0xfac</load_address>
         <run_address>0xfac</run_address>
         <size>0x7d</size>
         <input_file_ref idref="fl-5"/>
      </object_component>
      <object_component id="oc-177">
         <name>.debug_line</name>
         <load_address>0x1029</load_address>
         <run_address>0x1029</run_address>
         <size>0x7b</size>
         <input_file_ref idref="fl-5"/>
      </object_component>
      <object_component id="oc-b4">
         <name>.debug_line</name>
         <load_address>0x10a4</load_address>
         <run_address>0x10a4</run_address>
         <size>0x44</size>
         <input_file_ref idref="fl-6"/>
      </object_component>
      <object_component id="oc-74">
         <name>.debug_line</name>
         <load_address>0x10e8</load_address>
         <run_address>0x10e8</run_address>
         <size>0x44</size>
         <input_file_ref idref="fl-6"/>
      </object_component>
      <object_component id="oc-6b">
         <name>.debug_line</name>
         <load_address>0x112c</load_address>
         <run_address>0x112c</run_address>
         <size>0x5d</size>
         <input_file_ref idref="fl-6"/>
      </object_component>
      <object_component id="oc-6e">
         <name>.debug_line</name>
         <load_address>0x1189</load_address>
         <run_address>0x1189</run_address>
         <size>0x59</size>
         <input_file_ref idref="fl-6"/>
      </object_component>
      <object_component id="oc-260">
         <name>.debug_line</name>
         <load_address>0x11e2</load_address>
         <run_address>0x11e2</run_address>
         <size>0x8a</size>
         <input_file_ref idref="fl-12"/>
      </object_component>
      <object_component id="oc-da">
         <name>.debug_line</name>
         <load_address>0x126c</load_address>
         <run_address>0x126c</run_address>
         <size>0x58</size>
         <input_file_ref idref="fl-12"/>
      </object_component>
      <object_component id="oc-e6">
         <name>.debug_line</name>
         <load_address>0x12c4</load_address>
         <run_address>0x12c4</run_address>
         <size>0x51</size>
         <input_file_ref idref="fl-12"/>
      </object_component>
      <object_component id="oc-ec">
         <name>.debug_line</name>
         <load_address>0x1315</load_address>
         <run_address>0x1315</run_address>
         <size>0x54</size>
         <input_file_ref idref="fl-12"/>
      </object_component>
      <object_component id="oc-e1">
         <name>.debug_line</name>
         <load_address>0x1369</load_address>
         <run_address>0x1369</run_address>
         <size>0x4e</size>
         <input_file_ref idref="fl-12"/>
      </object_component>
      <object_component id="oc-f1">
         <name>.debug_line</name>
         <load_address>0x13b7</load_address>
         <run_address>0x13b7</run_address>
         <size>0x4e</size>
         <input_file_ref idref="fl-12"/>
      </object_component>
      <object_component id="oc-264">
         <name>.debug_line</name>
         <load_address>0x1405</load_address>
         <run_address>0x1405</run_address>
         <size>0x5d</size>
         <input_file_ref idref="fl-12"/>
      </object_component>
      <object_component id="oc-1bc">
         <name>.debug_line</name>
         <load_address>0x1462</load_address>
         <run_address>0x1462</run_address>
         <size>0x8a</size>
         <input_file_ref idref="fl-12"/>
      </object_component>
      <object_component id="oc-26b">
         <name>.debug_line</name>
         <load_address>0x14ec</load_address>
         <run_address>0x14ec</run_address>
         <size>0x61</size>
         <input_file_ref idref="fl-12"/>
      </object_component>
      <object_component id="oc-24d">
         <name>.debug_line</name>
         <load_address>0x154d</load_address>
         <run_address>0x154d</run_address>
         <size>0x5d</size>
         <input_file_ref idref="fl-12"/>
      </object_component>
      <object_component id="oc-19a">
         <name>.debug_line</name>
         <load_address>0x15aa</load_address>
         <run_address>0x15aa</run_address>
         <size>0x5e</size>
         <input_file_ref idref="fl-12"/>
      </object_component>
      <object_component id="oc-2c8">
         <name>.debug_line</name>
         <load_address>0x1608</load_address>
         <run_address>0x1608</run_address>
         <size>0x20</size>
         <input_file_ref idref="fl-13"/>
      </object_component>
      <object_component id="oc-1b4">
         <name>.debug_line</name>
         <load_address>0x1628</load_address>
         <run_address>0x1628</run_address>
         <size>0x4d</size>
         <input_file_ref idref="fl-13"/>
      </object_component>
      <object_component id="oc-274">
         <name>.debug_line</name>
         <load_address>0x1675</load_address>
         <run_address>0x1675</run_address>
         <size>0x4e</size>
         <input_file_ref idref="fl-13"/>
      </object_component>
      <object_component id="oc-195">
         <name>.debug_line</name>
         <load_address>0x16c3</load_address>
         <run_address>0x16c3</run_address>
         <size>0x4e</size>
         <input_file_ref idref="fl-13"/>
      </object_component>
      <object_component id="oc-1a3">
         <name>.debug_line</name>
         <load_address>0x1711</load_address>
         <run_address>0x1711</run_address>
         <size>0x4e</size>
         <input_file_ref idref="fl-13"/>
      </object_component>
      <object_component id="oc-288">
         <name>.debug_line</name>
         <load_address>0x175f</load_address>
         <run_address>0x175f</run_address>
         <size>0x20</size>
         <input_file_ref idref="fl-14"/>
      </object_component>
      <object_component id="oc-286">
         <name>.debug_line</name>
         <load_address>0x177f</load_address>
         <run_address>0x177f</run_address>
         <size>0x41</size>
         <input_file_ref idref="fl-14"/>
      </object_component>
      <object_component id="oc-1f6">
         <name>.debug_line</name>
         <load_address>0x17c0</load_address>
         <run_address>0x17c0</run_address>
         <size>0x41</size>
         <input_file_ref idref="fl-14"/>
      </object_component>
      <object_component id="oc-279">
         <name>.debug_line</name>
         <load_address>0x1801</load_address>
         <run_address>0x1801</run_address>
         <size>0x8a</size>
         <input_file_ref idref="fl-15"/>
      </object_component>
      <object_component id="oc-1a6">
         <name>.debug_line</name>
         <load_address>0x188b</load_address>
         <run_address>0x188b</run_address>
         <size>0x68</size>
         <input_file_ref idref="fl-15"/>
      </object_component>
      <object_component id="oc-f8">
         <name>.debug_line</name>
         <load_address>0x18f3</load_address>
         <run_address>0x18f3</run_address>
         <size>0x20b</size>
         <input_file_ref idref="fl-15"/>
      </object_component>
      <object_component id="oc-2cb">
         <name>.debug_line</name>
         <load_address>0x1afe</load_address>
         <run_address>0x1afe</run_address>
         <size>0x8a</size>
         <input_file_ref idref="fl-16"/>
      </object_component>
      <object_component id="oc-1af">
         <name>.debug_line</name>
         <load_address>0x1b88</load_address>
         <run_address>0x1b88</run_address>
         <size>0x61</size>
         <input_file_ref idref="fl-16"/>
      </object_component>
      <object_component id="oc-2f4">
         <name>.debug_line</name>
         <load_address>0x1be9</load_address>
         <run_address>0x1be9</run_address>
         <size>0x56</size>
         <input_file_ref idref="fl-17"/>
      </object_component>
      <object_component id="oc-2c5">
         <name>.debug_line</name>
         <load_address>0x1c3f</load_address>
         <run_address>0x1c3f</run_address>
         <size>0x51</size>
         <input_file_ref idref="fl-17"/>
      </object_component>
      <object_component id="oc-22f">
         <name>.debug_line</name>
         <load_address>0x1c90</load_address>
         <run_address>0x1c90</run_address>
         <size>0x6e</size>
         <input_file_ref idref="fl-17"/>
      </object_component>
      <object_component id="oc-229">
         <name>.debug_line</name>
         <load_address>0x1cfe</load_address>
         <run_address>0x1cfe</run_address>
         <size>0x78</size>
         <input_file_ref idref="fl-17"/>
      </object_component>
      <object_component id="oc-16b">
         <name>.debug_line</name>
         <load_address>0x1d76</load_address>
         <run_address>0x1d76</run_address>
         <size>0x6c</size>
         <input_file_ref idref="fl-17"/>
      </object_component>
      <object_component id="oc-165">
         <name>.debug_line</name>
         <load_address>0x1de2</load_address>
         <run_address>0x1de2</run_address>
         <size>0x6c</size>
         <input_file_ref idref="fl-17"/>
      </object_component>
      <object_component id="oc-2e8">
         <name>.debug_line</name>
         <load_address>0x1e4e</load_address>
         <run_address>0x1e4e</run_address>
         <size>0x4f</size>
         <input_file_ref idref="fl-17"/>
      </object_component>
      <object_component id="oc-2e3">
         <name>.debug_line</name>
         <load_address>0x1e9d</load_address>
         <run_address>0x1e9d</run_address>
         <size>0x51</size>
         <input_file_ref idref="fl-17"/>
      </object_component>
      <object_component id="oc-2df">
         <name>.debug_line</name>
         <load_address>0x1eee</load_address>
         <run_address>0x1eee</run_address>
         <size>0x56</size>
         <input_file_ref idref="fl-19"/>
      </object_component>
      <object_component id="oc-2b1">
         <name>.debug_line</name>
         <load_address>0x1f44</load_address>
         <run_address>0x1f44</run_address>
         <size>0x6b</size>
         <input_file_ref idref="fl-19"/>
      </object_component>
      <object_component id="oc-236">
         <name>.debug_line</name>
         <load_address>0x1faf</load_address>
         <run_address>0x1faf</run_address>
         <size>0x7a</size>
         <input_file_ref idref="fl-19"/>
      </object_component>
      <object_component id="oc-23b">
         <name>.debug_line</name>
         <load_address>0x2029</load_address>
         <run_address>0x2029</run_address>
         <size>0x71</size>
         <input_file_ref idref="fl-19"/>
      </object_component>
      <object_component id="oc-2be">
         <name>.debug_line</name>
         <load_address>0x209a</load_address>
         <run_address>0x209a</run_address>
         <size>0x68</size>
         <input_file_ref idref="fl-19"/>
      </object_component>
      <object_component id="oc-2b8">
         <name>.debug_line</name>
         <load_address>0x2102</load_address>
         <run_address>0x2102</run_address>
         <size>0x68</size>
         <input_file_ref idref="fl-19"/>
      </object_component>
      <object_component id="oc-2ed">
         <name>.debug_line</name>
         <load_address>0x216a</load_address>
         <run_address>0x216a</run_address>
         <size>0x50</size>
         <input_file_ref idref="fl-19"/>
      </object_component>
      <object_component id="oc-c7">
         <name>.debug_line</name>
         <load_address>0x21ba</load_address>
         <run_address>0x21ba</run_address>
         <size>0x92</size>
         <input_file_ref idref="fl-d0"/>
      </object_component>
      <object_component id="oc-47">
         <name>.debug_line</name>
         <load_address>0x224c</load_address>
         <run_address>0x224c</run_address>
         <size>0x56</size>
         <input_file_ref idref="fl-d0"/>
      </object_component>
      <object_component id="oc-8a">
         <name>.debug_line</name>
         <load_address>0x22a2</load_address>
         <run_address>0x22a2</run_address>
         <size>0x34</size>
         <input_file_ref idref="fl-d0"/>
      </object_component>
      <object_component id="oc-c4">
         <name>.debug_line</name>
         <load_address>0x22d6</load_address>
         <run_address>0x22d6</run_address>
         <size>0x92</size>
         <input_file_ref idref="fl-d0"/>
      </object_component>
      <object_component id="oc-85">
         <name>.debug_line</name>
         <load_address>0x2368</load_address>
         <run_address>0x2368</run_address>
         <size>0x20</size>
         <input_file_ref idref="fl-d1"/>
      </object_component>
      <object_component id="oc-1e">
         <name>.debug_line</name>
         <load_address>0x2388</load_address>
         <run_address>0x2388</run_address>
         <size>0x55</size>
         <input_file_ref idref="fl-d1"/>
      </object_component>
      <object_component id="oc-40">
         <name>.debug_line</name>
         <load_address>0x23dd</load_address>
         <run_address>0x23dd</run_address>
         <size>0x3a</size>
         <input_file_ref idref="fl-d1"/>
      </object_component>
      <object_component id="oc-82">
         <name>.debug_line</name>
         <load_address>0x2417</load_address>
         <run_address>0x2417</run_address>
         <size>0x92</size>
         <input_file_ref idref="fl-d1"/>
      </object_component>
      <object_component id="oc-c0">
         <name>.debug_line</name>
         <load_address>0x24a9</load_address>
         <run_address>0x24a9</run_address>
         <size>0x20</size>
         <input_file_ref idref="fl-d2"/>
      </object_component>
      <object_component id="oc-1b">
         <name>.debug_line</name>
         <load_address>0x24c9</load_address>
         <run_address>0x24c9</run_address>
         <size>0xa9</size>
         <input_file_ref idref="fl-d2"/>
      </object_component>
      <object_component id="oc-30">
         <name>.debug_line</name>
         <load_address>0x2572</load_address>
         <run_address>0x2572</run_address>
         <size>0x3a</size>
         <input_file_ref idref="fl-d2"/>
      </object_component>
      <object_component id="oc-bd">
         <name>.debug_line</name>
         <load_address>0x25ac</load_address>
         <run_address>0x25ac</run_address>
         <size>0x9a</size>
         <input_file_ref idref="fl-d2"/>
      </object_component>
      <object_component id="oc-7b">
         <name>.debug_line</name>
         <load_address>0x2646</load_address>
         <run_address>0x2646</run_address>
         <size>0x96</size>
         <input_file_ref idref="fl-d2"/>
      </object_component>
      <object_component id="oc-77">
         <name>.debug_line</name>
         <load_address>0x26dc</load_address>
         <run_address>0x26dc</run_address>
         <size>0x33</size>
         <input_file_ref idref="fl-d3"/>
      </object_component>
      <object_component id="oc-57">
         <name>.debug_line</name>
         <load_address>0x270f</load_address>
         <run_address>0x270f</run_address>
         <size>0x45</size>
         <input_file_ref idref="fl-d3"/>
      </object_component>
      <object_component id="oc-3b">
         <name>.debug_line</name>
         <load_address>0x2754</load_address>
         <run_address>0x2754</run_address>
         <size>0x88</size>
         <input_file_ref idref="fl-d4"/>
      </object_component>
      <object_component id="oc-298">
         <name>.debug_line</name>
         <load_address>0x27dc</load_address>
         <run_address>0x27dc</run_address>
         <size>0xbf</size>
         <input_file_ref idref="fl-d6"/>
      </object_component>
      <object_component id="oc-11b">
         <name>.debug_line</name>
         <load_address>0x289b</load_address>
         <run_address>0x289b</run_address>
         <size>0x6f</size>
         <input_file_ref idref="fl-d6"/>
      </object_component>
      <object_component id="oc-29c">
         <name>.debug_line</name>
         <load_address>0x290a</load_address>
         <run_address>0x290a</run_address>
         <size>0x2e</size>
         <input_file_ref idref="fl-d6"/>
      </object_component>
      <object_component id="oc-2d4">
         <name>.debug_line</name>
         <load_address>0x2938</load_address>
         <run_address>0x2938</run_address>
         <size>0x9a</size>
         <input_file_ref idref="fl-d6"/>
      </object_component>
      <object_component id="oc-2a1">
         <name>.debug_line</name>
         <load_address>0x29d2</load_address>
         <run_address>0x29d2</run_address>
         <size>0x97</size>
         <input_file_ref idref="fl-d6"/>
      </object_component>
      <object_component id="oc-2a6">
         <name>.debug_line</name>
         <load_address>0x2a69</load_address>
         <run_address>0x2a69</run_address>
         <size>0x93</size>
         <input_file_ref idref="fl-d6"/>
      </object_component>
      <object_component id="oc-98">
         <name>.debug_line</name>
         <load_address>0x2afc</load_address>
         <run_address>0x2afc</run_address>
         <size>0x40</size>
         <input_file_ref idref="fl-d7"/>
      </object_component>
      <object_component id="oc-10f">
         <name>.debug_line</name>
         <load_address>0x2b3c</load_address>
         <run_address>0x2b3c</run_address>
         <size>0x3c</size>
         <input_file_ref idref="fl-d9"/>
      </object_component>
      <object_component id="oc-9d">
         <name>.debug_frame</name>
         <load_address>0x0</load_address>
         <run_address>0x0</run_address>
         <size>0x5c</size>
         <input_file_ref idref="fl-2"/>
      </object_component>
      <object_component id="oc-b0">
         <name>.debug_frame</name>
         <load_address>0x5c</load_address>
         <run_address>0x5c</run_address>
         <size>0x54</size>
         <input_file_ref idref="fl-3"/>
      </object_component>
      <object_component id="oc-cf">
         <name>.debug_frame</name>
         <load_address>0xb0</load_address>
         <run_address>0xb0</run_address>
         <size>0x5c</size>
         <input_file_ref idref="fl-4"/>
      </object_component>
      <object_component id="oc-17d">
         <name>.debug_frame</name>
         <load_address>0x10c</load_address>
[...]
               <start_address>0x1000010</start_address>
               <size>0xa</size>
               <logical_group_ref idref="lg-f"/>
            </allocated_space>
            <available_space>
               <start_address>0x100001a</start_address>
               <size>0x3fde6</size>
            </available_space>
            <allocated_space>
               <start_address>0x103fe00</start_address>
               <size>0x200</size>
               <logical_group_ref idref="lg-11"/>
            </allocated_space>
         </usage_details>
      </memory_area>
      <memory_area display="yes" color="green">
         <name>SRAM_DATA</name>
         <page_id>0x0</page_id>
         <origin>0x20000000</origin>
         <length>0x40000</length>
         <used_space>0x21a</used_space>
         <unused_space>0x3fde6</unused_space>
         <attributes>RW</attributes>
         <usage_details>
            <allocated_space>
               <start_address>0x20000000</start_address>
               <size>0x0</size>
               <logical_group_ref idref="lg-2f7"/>
            </allocated_space>
            <allocated_space>
               <start_address>0x20000000</start_address>
               <size>0x10</size>
               <logical_group_ref idref="lg-e"/>
            </allocated_space>
            <allocated_space>
               <start_address>0x20000010</start_address>
               <size>0xa</size>
               <logical_group_ref idref="lg-f"/>
            </allocated_space>
            <available_space>
               <start_address>0x2000001a</start_address>
               <size>0x3fde6</size>
            </available_space>
            <allocated_space>
               <start_address>0x2003fe00</start_address>
               <size>0x200</size>
               <logical_group_ref idref="lg-11"/>
            </allocated_space>
         </usage_details>
      </memory_area>
   </placement_map>
   <cptbl_list>
      <cptbl>
         <name>__TI_cinit_table</name>
         <cprec>
            <name>.data</name>
            <load_address>0x1a50</load_address>
            <load_size>0xd</load_size>
            <run_address>0x20000000</run_address>
            <run_size>0x10</run_size>
            <compression>lzss</compression>
         </cprec>
         <cprec>
            <name>.bss</name>
            <load_address>0x1a70</load_address>
            <load_size>0x8</load_size>
            <run_address>0x20000010</run_address>
            <run_size>0xa</run_size>
            <compression>zero_init</compression>
         </cprec>
      </cptbl>
   </cptbl_list>
   <handler_table>
      <handler_table_name>__TI_handler_table</handler_table_name>
      <handler>
         <index>0x0</index>
         <name>__TI_decompress_lzss</name>
      </handler>
      <handler>
         <index>0x1</index>
         <name>__TI_decompress_none</name>
      </handler>
      <handler>
         <index>0x2</index>
         <name>__TI_zero_init</name>
      </handler>
   </handler_table>
   <symbol_table>
      <symbol id="sm-1">
         <name>WDTCTL_SYM</name>
         <value>0x4000480c</value>
      </symbol>
      <symbol id="sm-2">
         <name>__start___llvm_prf_cnts</name>
         <value>0x20000000</value>
      </symbol>
      <symbol id="sm-3">
         <name>__stop___llvm_prf_cnts</name>
         <value>0x20000000</value>
      </symbol>
      <symbol id="sm-4">
         <name>__TI_CINIT_Base</name>
         <value>0x1a78</value>
      </symbol>
      <symbol id="sm-5">
         <name>__TI_CINIT_Limit</name>
         <value>0x1a88</value>
      </symbol>
      <symbol id="sm-6">
         <name>__TI_Handler_Table_Base</name>
         <value>0x1a60</value>
      </symbol>
      <symbol id="sm-7">
         <name>__TI_Handler_Table_Limit</name>
         <value>0x1a6c</value>
      </symbol>
      <symbol id="sm-8">
         <name>binit</name>
         <value>0xffffffff</value>
      </symbol>
      <symbol id="sm-9">
         <name>__binit__</name>
         <value>0xffffffff</value>
      </symbol>
      <symbol id="sm-a">
         <name>__STACK_SIZE</name>
         <value>0x200</value>
      </symbol>
      <symbol id="sm-b">
         <name>__STACK_END</name>
         <value>0x20040000</value>
      </symbol>
      <symbol id="sm-c">
         <name>__c_args__</name>
         <value>0xffffffff</value>
      </symbol>
      <symbol id="sm-d">
         <name>__TI_pprof_out_hndl</name>
         <value>0xffffffff</value>
      </symbol>
      <symbol id="sm-e">
         <name>__TI_prof_data_start</name>
         <value>0xffffffff</value>
      </symbol>
      <symbol id="sm-f">
         <name>__TI_prof_data_size</name>
         <value>0xffffffff</value>
      </symbol>
      <symbol id="sm-80">
         <name>main</name>
         <value>0x569</value>
         <object_component_ref idref="oc-99"/>
      </symbol>
      <symbol id="sm-9e">
         <name>SystemInit</name>
         <value>0xebd</value>
         <object_component_ref idref="oc-ab"/>
      </symbol>
      <symbol id="sm-152">
         <name>Lcd_Orientation</name>
         <value>0x20000018</value>
      </symbol>
      <symbol id="sm-153">
         <name>Lcd_ScreenWidth</name>
         <value>0x20000012</value>
      </symbol>
      <symbol id="sm-154">
         <name>Lcd_ScreenHeigth</name>
         <value>0x20000010</value>
      </symbol>
      <symbol id="sm-155">
         <name>Lcd_PenSolid</name>
         <value>0x20000019</value>
      </symbol>
      <symbol id="sm-156">
         <name>Lcd_FontSolid</name>
         <value>0x20000017</value>
      </symbol>
      <symbol id="sm-157">
         <name>Lcd_FlagRead</name>
         <value>0x20000016</value>
      </symbol>
      <symbol id="sm-158">
         <name>Lcd_TouchTrim</name>
         <value>0x20000014</value>
      </symbol>
      <symbol id="sm-159">
         <name>Crystalfontz128x128_SetDrawFrame</name>
         <value>0x9d9</value>
         <object_component_ref idref="oc-178"/>
      </symbol>
      <symbol id="sm-15a">
         <name>Crystalfontz128x128_SetOrientation</name>
         <value>0x1101</value>
         <object_component_ref idref="oc-d0"/>
      </symbol>
      <symbol id="sm-15b">
         <name>g_sCrystalfontz128x128_funcs</name>
         <value>0x1a08</value>
         <object_component_ref idref="oc-fd"/>
      </symbol>
      <symbol id="sm-15c">
         <name>g_sCrystalfontz128x128</name>
         <value>0x20000000</value>
         <object_component_ref idref="oc-fa"/>
      </symbol>
      <symbol id="sm-15d">
         <name>Crystalfontz128x128_Init</name>
         <value>0xb0d</value>
         <object_component_ref idref="oc-ca"/>
      </symbol>
      <symbol id="sm-196">
         <name>HAL_LCD_writeData</name>
         <value>0x1459</value>
         <object_component_ref idref="oc-172"/>
      </symbol>
      <symbol id="sm-197">
         <name>HAL_LCD_SpiInit</name>
         <value>0x12ad</value>
         <object_component_ref idref="oc-15a"/>
      </symbol>
      <symbol id="sm-198">
         <name>HAL_LCD_PortInit</name>
         <value>0x13d1</value>
         <object_component_ref idref="oc-154"/>
      </symbol>
      <symbol id="sm-199">
         <name>HAL_LCD_writeCommand</name>
         <value>0x132d</value>
         <object_component_ref idref="oc-16c"/>
      </symbol>
      <symbol id="sm-1b5">
         <name>Reset_Handler</name>
         <value>0x15fb</value>
         <object_component_ref idref="oc-67"/>
      </symbol>
      <symbol id="sm-1b6">
         <name>Default_Handler</name>
         <value>0x567</value>
         <object_component_ref idref="oc-6d"/>
      </symbol>
      <symbol id="sm-1b7">
         <name>interruptVectors</name>
         <value>0x0</value>
         <object_component_ref idref="oc-26"/>
      </symbol>
      <symbol id="sm-1fd">
         <name>Graphics_setBackgroundColor</name>
         <value>0x154f</value>
         <object_component_ref idref="oc-e2"/>
      </symbol>
      <symbol id="sm-1fe">
         <name>Graphics_setFont</name>
         <value>0x1569</value>
         <object_component_ref idref="oc-e8"/>
      </symbol>
      <symbol id="sm-1ff">
         <name>Graphics_initContext</name>
         <value>0x1155</value>
         <object_component_ref idref="oc-d6"/>
      </symbol>
      <symbol id="sm-200">
         <name>Graphics_setForegroundColor</name>
         <value>0x15af</value>
         <object_component_ref idref="oc-dc"/>
      </symbol>
      <symbol id="sm-201">
         <name>Graphics_clearDisplay</name>
         <value>0x15db</value>
         <object_component_ref idref="oc-ee"/>
      </symbol>
      <symbol id="sm-226">
         <name>Graphics_clearDisplayOnDisplay</name>
         <value>0x1535</value>
         <object_component_ref idref="oc-19e"/>
      </symbol>
      <symbol id="sm-227">
         <name>Graphics_drawPixelOnDisplay</name>
         <value>0x142d</value>
         <object_component_ref idref="oc-1b1"/>
      </symbol>
      <symbol id="sm-228">
         <name>Graphics_translateColorOnDisplay</name>
         <value>0x15c5</value>
         <object_component_ref idref="oc-190"/>
      </symbol>
      <symbol id="sm-229">
         <name>Graphics_drawHorizontalLineOnDisplay</name>
         <value>0x1365</value>
         <object_component_ref idref="oc-26f"/>
      </symbol>
      <symbol id="sm-23b">
         <name>g_sFontFixed6x8</name>
         <value>0x1910</value>
         <object_component_ref idref="oc-100"/>
      </symbol>
      <symbol id="sm-27b">
         <name>Graphics_drawString</name>
         <value>0xe9</value>
         <object_component_ref idref="oc-f4"/>
      </symbol>
      <symbol id="sm-28e">
         <name>Graphics_drawLineH</name>
         <value>0xd85</value>
         <object_component_ref idref="oc-1ab"/>
      </symbol>
      <symbol id="sm-2d1">
         <name>GPIO_setOutputHighOnPin</name>
         <value>0x14ad</value>
         <object_component_ref idref="oc-166"/>
      </symbol>
      <symbol id="sm-2d2">
         <name>GPIO_setAsOutputPin</name>
         <value>0x122d</value>
         <object_component_ref idref="oc-22a"/>
      </symbol>
      <symbol id="sm-2d3">
         <name>GPIO_setOutputLowOnPin</name>
         <value>0x14d5</value>
         <object_component_ref idref="oc-160"/>
      </symbol>
      <symbol id="sm-2d4">
         <name>GPIO_setAsPeripheralModuleFunctionOutputPin</name>
         <value>0xf51</value>
         <object_component_ref idref="oc-224"/>
      </symbol>
      <symbol id="sm-314">
         <name>EUSCI_B_SPI_enable</name>
         <value>0x1599</value>
         <object_component_ref idref="oc-2ba"/>
      </symbol>
      <symbol id="sm-315">
         <name>SPI_enableModule</name>
         <value>0x14fd</value>
         <object_component_ref idref="oc-237"/>
      </symbol>
      <symbol id="sm-316">
         <name>EUSCI_A_SPI_enable</name>
         <value>0x1583</value>
         <object_component_ref idref="oc-2b4"/>
      </symbol>
      <symbol id="sm-317">
         <name>SPI_initMaster</name>
         <value>0xc39</value>
         <object_component_ref idref="oc-231"/>
      </symbol>
      <symbol id="sm-331">
         <name>__TI_zero_init_nomemset</name>
         <value>0x1519</value>
         <object_component_ref idref="oc-43"/>
      </symbol>
      <symbol id="sm-348">
         <name>__TI_decompress_none</name>
         <value>0x15ed</value>
         <object_component_ref idref="oc-1d"/>
      </symbol>
      <symbol id="sm-36b">
         <name>__TI_decompress_lzss</name>
         <value>0xfd9</value>
         <object_component_ref idref="oc-17"/>
      </symbol>
      <symbol id="sm-37e">
         <name>__stack</name>
         <value>0x2003fe00</value>
         <object_component_ref idref="oc-29"/>
      </symbol>
      <symbol id="sm-37f">
         <name>_c_int00_noargs</name>
         <value>0x139d</value>
         <object_component_ref idref="oc-55"/>
      </symbol>
      <symbol id="sm-39a">
         <name>memcpy</name>
         <value>0xe21</value>
         <object_component_ref idref="oc-37"/>
      </symbol>
      <symbol id="sm-39b">
         <name>__aeabi_memcpy</name>
         <value>0xe21</value>
         <object_component_ref idref="oc-37"/>
      </symbol>
      <symbol id="sm-39c">
         <name>__aeabi_memcpy8</name>
         <value>0xe21</value>
         <object_component_ref idref="oc-37"/>
      </symbol>
      <symbol id="sm-39d">
         <name>__aeabi_memcpy4</name>
         <value>0xe21</value>
         <object_component_ref idref="oc-37"/>
      </symbol>
      <symbol id="sm-3c6">
         <name>__TI_auto_init_nobinit_nopinit</name>
         <value>0x11a9</value>
         <object_component_ref idref="oc-11a"/>
      </symbol>
      <symbol id="sm-3d0">
         <name>_system_pre_init</name>
         <value>0x1611</value>
         <object_component_ref idref="oc-93"/>
      </symbol>
      <symbol id="sm-3dc">
         <name>C$$EXIT</name>
         <value>0x1615</value>
         <object_component_ref idref="oc-10e"/>
      </symbol>
      <symbol id="sm-3dd">
         <name>abort</name>
         <value>0x1615</value>
         <object_component_ref idref="oc-10e"/>
      </symbol>
      <symbol id="sm-3e0">
         <name>__TI_static_base__</name>
         <value>0x0</value>
      </symbol>
      <symbol id="sm-3e3">
         <name>__mpu_init</name>
         <value>0x0</value>
      </symbol>
      <symbol id="sm-3e4">
         <name>_system_post_cinit</name>
         <value>0x0</value>
      </symbol>
      <symbol id="sm-3e5">
         <name>NMI_Handler</name>
         <value>0x567</value>
      </symbol>
      <symbol id="sm-3e6">
         <name>HardFault_Handler</name>
         <value>0x567</value>
      </symbol>
      <symbol id="sm-3e7">
         <name>MemManage_Handler</name>
         <value>0x567</value>
      </symbol>
      <symbol id="sm-3e8">
         <name>BusFault_Handler</name>
         <value>0x567</value>
      </symbol>
      <symbol id="sm-3e9">
         <name>UsageFault_Handler</name>
         <value>0x567</value>
      </symbol>
      <symbol id="sm-3ea">
         <name>SVC_Handler</name>
         <value>0x567</value>
      </symbol>
      <symbol id="sm-3eb">
         <name>DebugMon_Handler</name>
         <value>0x567</value>
      </symbol>
      <symbol id="sm-3ec">
         <name>PendSV_Handler</name>
         <value>0x567</value>
      </symbol>
      <symbol id="sm-3ed">
         <name>SysTick_Handler</name>
         <value>0x567</value>
      </symbol>
      <symbol id="sm-3ee">
         <name>PSS_IRQHandler</name>
         <value>0x567</value>
      </symbol>
      <symbol id="sm-3ef">
         <name>CS_IRQHandler</name>
         <value>0x567</value>
      </symbol>
      <symbol id="sm-3f0">
         <name>PCM_IRQHandler</name>
         <value>0x567</value>
      </symbol>
      <symbol id="sm-3f1">
         <name>WDT_A_IRQHandler</name>
         <value>0x567</value>
      </symbol>
      <symbol id="sm-3f2">
         <name>FPU_IRQHandler</name>
         <value>0x567</value>
      </symbol>
      <symbol id="sm-3f3">
         <name>FLCTL_A_IRQHandler</name>
         <value>0x567</value>
      </symbol>
      <symbol id="sm-3f4">
         <name>COMP_E0_IRQHandler</name>
         <value>0x567</value>
      </symbol>
      <symbol id="sm-3f5">
         <name>COMP_E1_IRQHandler</name>
         <value>0x567</value>
      </symbol>
      <symbol id="sm-3f6">
         <name>TA0_0_IRQHandler</name>
         <value>0x567</value>
      </symbol>
      <symbol id="sm-3f7">
         <name>TA0_N_IRQHandler</name>
         <value>0x567</value>
      </symbol>
      <symbol id="sm-3f8">
         <name>TA1_0_IRQHandler</name>
         <value>0x567</value>
      </symbol>
      <symbol id="sm-3f9">
         <name>TA1_N_IRQHandler</name>
         <value>0x567</value>
      </symbol>
      <symbol id="sm-3fa">
         <name>TA2_0_IRQHandler</name>
         <value>0x567</value>
      </symbol>
      <symbol id="sm-3fb">
         <name>TA2_N_IRQHandler</name>
         <value>0x567</value>
      </symbol>
      <symbol id="sm-3fc">
         <name>TA3_0_IRQHandler</name>
         <value>0x567</value>
      </symbol>
      <symbol id="sm-3fd">
         <name>TA3_N_IRQHandler</name>
         <value>0x567</value>
      </symbol>
      <symbol id="sm-3fe">
         <name>EUSCIA0_IRQHandler</name>
         <value>0x567</value>
      </symbol>
      <symbol id="sm-3ff">
         <name>EUSCIA1_IRQHandler</name>
         <value>0x567</value>
      </symbol>
      <symbol id="sm-400">
         <name>EUSCIA2_IRQHandler</name>
         <value>0x567</value>
      </symbol>
      <symbol id="sm-401">
         <name>EUSCIA3_IRQHandler</name>
         <value>0x567</value>
      </symbol>
      <symbol id="sm-402">
         <name>EUSCIB0_IRQHandler</name>
         <value>0x567</value>
      </symbol>
      <symbol id="sm-403">
         <name>EUSCIB1_IRQHandler</name>
         <value>0x567</value>
      </symbol>
      <symbol id="sm-404">
         <name>EUSCIB2_IRQHandler</name>
         <value>0x567</value>
      </symbol>
      <symbol id="sm-405">
         <name>EUSCIB3_IRQHandler</name>
         <value>0x567</value>
      </symbol>
      <symbol id="sm-406">
         <name>ADC14_IRQHandler</name>
         <value>0x567</value>
      </symbol>
      <symbol id="sm-407">
         <name>T32_INT1_IRQHandler</name>
         <value>0x567</value>
      </symbol>
      <symbol id="sm-408">
         <name>T32_INT2_IRQHandler</name>
         <value>0x567</value>
      </symbol>
      <symbol id="sm-409">
         <name>T32_INTC_IRQHandler</name>
         <value>0x567</value>
      </symbol>
      <symbol id="sm-40a">
         <name>AES256_IRQHandler</name>
         <value>0x567</value>
      </symbol>
      <symbol id="sm-40b">
         <name>RTC_C_IRQHandler</name>
         <value>0x567</value>
      </symbol>
      <symbol id="sm-40c">
         <name>DMA_ERR_IRQHandler</name>
         <value>0x567</value>
      </symbol>
      <symbol id="sm-40d">
         <name>DMA_INT3_IRQHandler</name>
         <value>0x567</value>
      </symbol>
      <symbol id="sm-40e">
         <name>DMA_INT2_IRQHandler</name>
         <value>0x567</value>
      </symbol>
      <symbol id="sm-40f">
         <name>DMA_INT1_IRQHandler</name>
         <value>0x567</value>
      </symbol>
      <symbol id="sm-410">
         <name>DMA_INT0_IRQHandler</name>
         <value>0x567</value>
      </symbol>
      <symbol id="sm-411">
         <name>PORT1_IRQHandler</name>
         <value>0x567</value>
      </symbol>
      <symbol id="sm-412">
         <name>PORT2_IRQHandler</name>
         <value>0x567</value>
      </symbol>
      <symbol id="sm-413">
         <name>PORT3_IRQHandler</name>
         <value>0x567</value>
      </symbol>
      <symbol id="sm-414">
         <name>PORT4_IRQHandler</name>
         <value>0x567</value>
      </symbol>
      <symbol id="sm-415">
         <name>PORT5_IRQHandler</name>
         <value>0x567</value>
      </symbol>
      <symbol id="sm-416">
         <name>PORT6_IRQHandler</name>
         <value>0x567</value>
      </symbol>
      <symbol id="sm-417">
         <name>LCD_F_IRQHandler</name>
         <value>0x567</value>
      </symbol>
   </symbol_table>
   <title>Link successful</title>
</link_info>
