<?xml version="1.0" encoding="ISO-8859-1" ?>
<link_info>
   <banner>TI ARM Linker PC v20.2.2.LTS</banner>
   <copyright>Copyright (c) 1996-2018 Texas Instruments Incorporated</copyright>
   <link_time>0x5f4f04bd</link_time>
   <link_errors>0x0</link_errors>
   <output_file>ewha_boostxl_edumkii_joystick_msp432p4111_MSP_EXP432P4111_nortos_ccs.out</output_file>
   <entry_point>
      <name>_c_int00_noargs</name>
      <address>0x3709</address>
   </entry_point>
   <input_file_list>
      <input_file id="fl-2">
         <path>.\</path>
         <kind>object</kind>
         <file>main.obj</file>
         <name>main.obj</name>
      </input_file>
      <input_file id="fl-3">
         <path>.\</path>
         <kind>object</kind>
         <file>system_msp432p4111.obj</file>
         <name>system_msp432p4111.obj</name>
      </input_file>
      <input_file id="fl-4">
         <path>.\LcdDriver\</path>
         <kind>object</kind>
         <file>Crystalfontz128x128_ST7735.obj</file>
         <name>Crystalfontz128x128_ST7735.obj</name>
      </input_file>
      <input_file id="fl-5">
         <path>.\LcdDriver\</path>
         <kind>object</kind>
         <file>HAL_MSP_EXP432P401R_Crystalfontz128x128_ST7735.obj</file>
         <name>HAL_MSP_EXP432P401R_Crystalfontz128x128_ST7735.obj</name>
      </input_file>
      <input_file id="fl-6">
         <path>.\ccs\</path>
         <kind>object</kind>
         <file>startup_msp432p4111_ccs.obj</file>
         <name>startup_msp432p4111_ccs.obj</name>
      </input_file>
      <input_file id="fl-11">
         <kind>object</kind>
         <file>&lt;internal&gt;</file>
         <name>&lt;internal&gt;</name>
      </input_file>
      <input_file id="fl-12">
         <path>C:\ti\simplelink_msp432p4_sdk_3_40_01_02\source\ti\grlib\lib\ccs\m4f\</path>
         <kind>archive</kind>
         <file>grlib.a</file>
         <name>context.obj</name>
      </input_file>
      <input_file id="fl-13">
         <path>C:\ti\simplelink_msp432p4_sdk_3_40_01_02\source\ti\grlib\lib\ccs\m4f\</path>
         <kind>archive</kind>
         <file>grlib.a</file>
         <name>display.obj</name>
      </input_file>
      <input_file id="fl-14">
         <path>C:\ti\simplelink_msp432p4_sdk_3_40_01_02\source\ti\grlib\lib\ccs\m4f\</path>
         <kind>archive</kind>
         <file>grlib.a</file>
         <name>fontfixed6x8.obj</name>
      </input_file>
      <input_file id="fl-15">
         <path>C:\ti\simplelink_msp432p4_sdk_3_40_01_02\source\ti\grlib\lib\ccs\m4f\</path>
         <kind>archive</kind>
         <file>grlib.a</file>
         <name>string.obj</name>
      </input_file>
      <input_file id="fl-16">
         <path>C:\ti\simplelink_msp432p4_sdk_3_40_01_02\source\ti\grlib\lib\ccs\m4f\</path>
         <kind>archive</kind>
         <file>grlib.a</file>
         <name>line.obj</name>
      </input_file>
      <input_file id="fl-17">
         <path>C:\ti\simplelink_msp432p4_sdk_3_40_01_02\source\ti\devices\msp432p4xx\driverlib\ccs\</path>
         <kind>archive</kind>
         <file>msp432p4xx_driverlib.lib</file>
         <name>adc14.o</name>
      </input_file>
      <input_file id="fl-18">
         <path>C:\ti\simplelink_msp432p4_sdk_3_40_01_02\source\ti\devices\msp432p4xx\driverlib\ccs\</path>
         <kind>archive</kind>
         <file>msp432p4xx_driverlib.lib</file>
         <name>flash_a.o</name>
      </input_file>
      <input_file id="fl-19">
         <path>C:\ti\simplelink_msp432p4_sdk_3_40_01_02\source\ti\devices\msp432p4xx\driverlib\ccs\</path>
         <kind>archive</kind>
         <file>msp432p4xx_driverlib.lib</file>
         <name>gpio.o</name>
      </input_file>
      <input_file id="fl-1a">
         <path>C:\ti\simplelink_msp432p4_sdk_3_40_01_02\source\ti\devices\msp432p4xx\driverlib\ccs\</path>
         <kind>archive</kind>
         <file>msp432p4xx_driverlib.lib</file>
         <name>interrupt.o</name>
      </input_file>
      <input_file id="fl-1b">
         <path>C:\ti\simplelink_msp432p4_sdk_3_40_01_02\source\ti\devices\msp432p4xx\driverlib\ccs\</path>
         <kind>archive</kind>
         <file>msp432p4xx_driverlib.lib</file>
         <name>pcm.o</name>
      </input_file>
      <input_file id="fl-1c">
         <path>C:\ti\simplelink_msp432p4_sdk_3_40_01_02\source\ti\devices\msp432p4xx\driverlib\ccs\</path>
         <kind>archive</kind>
         <file>msp432p4xx_driverlib.lib</file>
         <name>rtc_c.o</name>
      </input_file>
      <input_file id="fl-1d">
         <path>C:\ti\simplelink_msp432p4_sdk_3_40_01_02\source\ti\devices\msp432p4xx\driverlib\ccs\</path>
         <kind>archive</kind>
         <file>msp432p4xx_driverlib.lib</file>
         <name>spi.o</name>
      </input_file>
      <input_file id="fl-1e">
         <path>C:\ti\simplelink_msp432p4_sdk_3_40_01_02\source\ti\devices\msp432p4xx\driverlib\ccs\</path>
         <kind>archive</kind>
         <file>msp432p4xx_driverlib.lib</file>
         <name>sysctl_a.o</name>
      </input_file>
      <input_file id="fl-1f">
         <path>C:\ti\simplelink_msp432p4_sdk_3_40_01_02\source\ti\devices\msp432p4xx\driverlib\ccs\</path>
         <kind>archive</kind>
         <file>msp432p4xx_driverlib.lib</file>
         <name>wdt_a.o</name>
      </input_file>
      <input_file id="fl-20">
         <path>C:\ti\simplelink_msp432p4_sdk_3_40_01_02\source\ti\devices\msp432p4xx\driverlib\ccs\</path>
         <kind>archive</kind>
         <file>msp432p4xx_driverlib.lib</file>
         <name>cpu.o</name>
      </input_file>
      <input_file id="fl-d6">
         <path>C:\ti\ccs1010\ccs\tools\compiler\ti-cgt-arm_20.2.2.LTS\lib\</path>
         <kind>archive</kind>
         <file>rtsv7M4_T_le_v4SPD16_eabi.lib</file>
         <name>sprintf.c.obj</name>
      </input_file>
      <input_file id="fl-d7">
         <path>C:\ti\ccs1010\ccs\tools\compiler\ti-cgt-arm_20.2.2.LTS\lib\</path>
         <kind>archive</kind>
         <file>rtsv7M4_T_le_v4SPD16_eabi.lib</file>
         <name>memcpy_t2.asm.obj</name>
      </input_file>
      <input_file id="fl-d8">
         <path>C:\ti\ccs1010\ccs\tools\compiler\ti-cgt-arm_20.2.2.LTS\lib\</path>
         <kind>archive</kind>
         <file>rtsv7M4_T_le_v4SPD16_eabi.lib</file>
         <name>copy_zero_init.c.obj</name>
      </input_file>
      <input_file id="fl-d9">
         <path>C:\ti\ccs1010\ccs\tools\compiler\ti-cgt-arm_20.2.2.LTS\lib\</path>
         <kind>archive</kind>
         <file>rtsv7M4_T_le_v4SPD16_eabi.lib</file>
         <name>copy_decompress_none.c.obj</name>
      </input_file>
      <input_file id="fl-da">
         <path>C:\ti\ccs1010\ccs\tools\compiler\ti-cgt-arm_20.2.2.LTS\lib\</path>
         <kind>archive</kind>
         <file>rtsv7M4_T_le_v4SPD16_eabi.lib</file>
         <name>copy_decompress_lzss.c.obj</name>
      </input_file>
      <input_file id="fl-db">
         <path>C:\ti\ccs1010\ccs\tools\compiler\ti-cgt-arm_20.2.2.LTS\lib\</path>
         <kind>archive</kind>
         <file>rtsv7M4_T_le_v4SPD16_eabi.lib</file>
         <name>boot_cortex_m.c.obj</name>
      </input_file>
      <input_file id="fl-dc">
         <path>C:\ti\ccs1010\ccs\tools\compiler\ti-cgt-arm_20.2.2.LTS\lib\</path>
         <kind>archive</kind>
         <file>rtsv7M4_T_le_v4SPD16_eabi.lib</file>
         <name>_printfi.c.obj</name>
      </input_file>
      <input_file id="fl-dd">
         <path>C:\ti\ccs1010\ccs\tools\compiler\ti-cgt-arm_20.2.2.LTS\lib\</path>
         <kind>archive</kind>
         <file>rtsv7M4_T_le_v4SPD16_eabi.lib</file>
         <name>fd_add_t2.asm.obj</name>
      </input_file>
      <input_file id="fl-de">
         <path>C:\ti\ccs1010\ccs\tools\compiler\ti-cgt-arm_20.2.2.LTS\lib\</path>
         <kind>archive</kind>
         <file>rtsv7M4_T_le_v4SPD16_eabi.lib</file>
         <name>fd_cmp_t2.asm.obj</name>
      </input_file>
      <input_file id="fl-df">
         <path>C:\ti\ccs1010\ccs\tools\compiler\ti-cgt-arm_20.2.2.LTS\lib\</path>
         <kind>archive</kind>
         <file>rtsv7M4_T_le_v4SPD16_eabi.lib</file>
         <name>fd_div_t2.asm.obj</name>
      </input_file>
      <input_file id="fl-e0">
         <path>C:\ti\ccs1010\ccs\tools\compiler\ti-cgt-arm_20.2.2.LTS\lib\</path>
         <kind>archive</kind>
         <file>rtsv7M4_T_le_v4SPD16_eabi.lib</file>
         <name>fd_mul_t2.asm.obj</name>
      </input_file>
      <input_file id="fl-e1">
         <path>C:\ti\ccs1010\ccs\tools\compiler\ti-cgt-arm_20.2.2.LTS\lib\</path>
         <kind>archive</kind>
         <file>rtsv7M4_T_le_v4SPD16_eabi.lib</file>
         <name>fd_toi_t2.asm.obj</name>
      </input_file>
      <input_file id="fl-e2">
         <path>C:\ti\ccs1010\ccs\tools\compiler\ti-cgt-arm_20.2.2.LTS\lib\</path>
         <kind>archive</kind>
         <file>rtsv7M4_T_le_v4SPD16_eabi.lib</file>
         <name>i_tofd_t2.asm.obj</name>
      </input_file>
      <input_file id="fl-e3">
         <path>C:\ti\ccs1010\ccs\tools\compiler\ti-cgt-arm_20.2.2.LTS\lib\</path>
         <kind>archive</kind>
         <file>rtsv7M4_T_le_v4SPD16_eabi.lib</file>
         <name>ull_div_t2.asm.obj</name>
      </input_file>
      <input_file id="fl-e4">
         <path>C:\ti\ccs1010\ccs\tools\compiler\ti-cgt-arm_20.2.2.LTS\lib\</path>
         <kind>archive</kind>
         <file>rtsv7M4_T_le_v4SPD16_eabi.lib</file>
         <name>memset_t2.asm.obj</name>
      </input_file>
      <input_file id="fl-e5">
         <path>C:\ti\ccs1010\ccs\tools\compiler\ti-cgt-arm_20.2.2.LTS\lib\</path>
         <kind>archive</kind>
         <file>rtsv7M4_T_le_v4SPD16_eabi.lib</file>
         <name>autoinit.c.obj</name>
      </input_file>
      <input_file id="fl-e6">
         <path>C:\ti\ccs1010\ccs\tools\compiler\ti-cgt-arm_20.2.2.LTS\lib\</path>
         <kind>archive</kind>
         <file>rtsv7M4_T_le_v4SPD16_eabi.lib</file>
         <name>pre_init.c.obj</name>
      </input_file>
      <input_file id="fl-e7">
         <path>C:\ti\ccs1010\ccs\tools\compiler\ti-cgt-arm_20.2.2.LTS\lib\</path>
         <kind>archive</kind>
         <file>rtsv7M4_T_le_v4SPD16_eabi.lib</file>
         <name>cpy_tbl.c.obj</name>
      </input_file>
      <input_file id="fl-e8">
         <path>C:\ti\ccs1010\ccs\tools\compiler\ti-cgt-arm_20.2.2.LTS\lib\</path>
         <kind>archive</kind>
         <file>rtsv7M4_T_le_v4SPD16_eabi.lib</file>
         <name>exit.c.obj</name>
      </input_file>
      <input_file id="fl-e9">
         <path>C:\ti\ccs1010\ccs\tools\compiler\ti-cgt-arm_20.2.2.LTS\lib\</path>
         <kind>archive</kind>
         <file>rtsv7M4_T_le_v4SPD16_eabi.lib</file>
         <name>_lock.c.obj</name>
      </input_file>
      <input_file id="fl-ea">
         <path>C:\ti\ccs1010\ccs\tools\compiler\ti-cgt-arm_20.2.2.LTS\lib\</path>
         <kind>archive</kind>
         <file>rtsv7M4_T_le_v4SPD16_eabi.lib</file>
         <name>_ltoa.c.obj</name>
      </input_file>
      <input_file id="fl-eb">
         <path>C:\ti\ccs1010\ccs\tools\compiler\ti-cgt-arm_20.2.2.LTS\lib\</path>
         <kind>archive</kind>
         <file>rtsv7M4_T_le_v4SPD16_eabi.lib</file>
         <name>args_main.c.obj</name>
      </input_file>
      <input_file id="fl-ec">
         <path>C:\ti\ccs1010\ccs\tools\compiler\ti-cgt-arm_20.2.2.LTS\lib\</path>
         <kind>archive</kind>
         <file>rtsv7M4_T_le_v4SPD16_eabi.lib</file>
         <name>atoi.c.obj</name>
      </input_file>
      <input_file id="fl-ed">
         <path>C:\ti\ccs1010\ccs\tools\compiler\ti-cgt-arm_20.2.2.LTS\lib\</path>
         <kind>archive</kind>
         <file>rtsv7M4_T_le_v4SPD16_eabi.lib</file>
         <name>ctype.c.obj</name>
      </input_file>
      <input_file id="fl-ee">
         <path>C:\ti\ccs1010\ccs\tools\compiler\ti-cgt-arm_20.2.2.LTS\lib\</path>
         <kind>archive</kind>
         <file>rtsv7M4_T_le_v4SPD16_eabi.lib</file>
         <name>memccpy.c.obj</name>
      </input_file>
      <input_file id="fl-ef">
         <path>C:\ti\ccs1010\ccs\tools\compiler\ti-cgt-arm_20.2.2.LTS\lib\</path>
         <kind>archive</kind>
         <file>rtsv7M4_T_le_v4SPD16_eabi.lib</file>
         <name>strchr.c.obj</name>
      </input_file>
      <input_file id="fl-f0">
         <path>C:\ti\ccs1010\ccs\tools\compiler\ti-cgt-arm_20.2.2.LTS\lib\</path>
         <kind>archive</kind>
         <file>rtsv7M4_T_le_v4SPD16_eabi.lib</file>
         <name>strlen.c.obj</name>
      </input_file>
      <input_file id="fl-f1">
         <path>C:\ti\ccs1010\ccs\tools\compiler\ti-cgt-arm_20.2.2.LTS\lib\</path>
         <kind>archive</kind>
         <file>rtsv7M4_T_le_v4SPD16_eabi.lib</file>
         <name>errno.c.obj</name>
      </input_file>
      <input_file id="fl-f2">
         <path>C:\ti\ccs1010\ccs\tools\compiler\ti-cgt-arm_20.2.2.LTS\lib\</path>
         <kind>archive</kind>
         <file>rtsv7M4_T_le_v4SPD16_eabi.lib</file>
         <name>s_frexp.c.obj</name>
      </input_file>
      <input_file id="fl-f3">
         <path>C:\ti\ccs1010\ccs\tools\compiler\ti-cgt-arm_20.2.2.LTS\lib\</path>
         <kind>archive</kind>
         <file>rtsv7M4_T_le_v4SPD16_eabi.lib</file>
         <name>s_scalbn.c.obj</name>
      </input_file>
      <input_file id="fl-f4">
         <path>C:\ti\ccs1010\ccs\tools\compiler\ti-cgt-arm_20.2.2.LTS\lib\</path>
         <kind>archive</kind>
         <file>rtsv7M4_T_le_v4SPD16_eabi.lib</file>
         <name>wcslen.c.obj</name>
      </input_file>
      <input_file id="fl-f5">
         <path>C:\ti\ccs1010\ccs\tools\compiler\ti-cgt-arm_20.2.2.LTS\lib\</path>
         <kind>archive</kind>
         <file>rtsv7M4_T_le_v4SPD16_eabi.lib</file>
         <name>s_copysign.c.obj</name>
      </input_file>
      <input_file id="fl-f6">
         <path>C:\ti\ccs1010\ccs\tools\compiler\ti-cgt-arm_20.2.2.LTS\lib\</path>
         <kind>archive</kind>
         <file>rtsv7M4_T_le_v4SPD16_eabi.lib</file>
         <name>div0.asm.obj</name>
      </input_file>
   </input_file_list>
   <object_component_list>
      <object_component id="oc-26">
         <name>.intvecs:retain</name>
         <load_address>0x0</load_address>
         <run_address>0x0</run_address>
         <size>0xe8</size>
         <input_file_ref idref="fl-6"/>
      </object_component>
      <object_component id="oc-192">
         <name>.text:__TI_printfi</name>
         <load_address>0xe8</load_address>
         <run_address>0xe8</run_address>
         <size>0xa4e</size>
         <input_file_ref idref="fl-dc"/>
      </object_component>
      <object_component id="oc-1b1">
         <name>.text:Graphics_drawString</name>
         <load_address>0xb36</load_address>
         <run_address>0xb36</run_address>
         <size>0x47e</size>
         <input_file_ref idref="fl-15"/>
      </object_component>
      <object_component id="oc-2b9">
         <name>.text:_pconv_a</name>
         <load_address>0xfb4</load_address>
         <run_address>0xfb4</run_address>
         <size>0x270</size>
         <input_file_ref idref="fl-dc"/>
      </object_component>
      <object_component id="oc-236">
         <name>.text:Crystalfontz128x128_PixelDrawMultiple</name>
         <load_address>0x1224</load_address>
         <run_address>0x1224</run_address>
         <size>0x1d8</size>
         <input_file_ref idref="fl-4"/>
      </object_component>
      <object_component id="oc-2a7">
         <name>.text:_pconv_g</name>
         <load_address>0x13fc</load_address>
         <run_address>0x13fc</run_address>
         <size>0x1d0</size>
         <input_file_ref idref="fl-dc"/>
      </object_component>
      <object_component id="oc-3ba">
         <name>.text</name>
         <load_address>0x15cc</load_address>
         <run_address>0x15cc</run_address>
         <size>0x1b6</size>
         <input_file_ref idref="fl-dd"/>
      </object_component>
      <object_component id="oc-6d">
         <name>.text:Default_Handler</name>
         <load_address>0x1782</load_address>
         <run_address>0x1782</run_address>
         <size>0x2</size>
         <input_file_ref idref="fl-6"/>
      </object_component>
      <object_component id="oc-9f">
         <name>.text:main</name>
         <load_address>0x1784</load_address>
         <run_address>0x1784</run_address>
         <size>0x1b4</size>
         <input_file_ref idref="fl-2"/>
      </object_component>
      <object_component id="oc-17e">
         <name>.text:_getIndexForMemRegister</name>
         <load_address>0x1938</load_address>
         <run_address>0x1938</run_address>
         <size>0x160</size>
         <input_file_ref idref="fl-17"/>
      </object_component>
      <object_component id="oc-419">
         <name>.text:__PCM_setPowerModeAdvanced</name>
         <load_address>0x1a98</load_address>
         <run_address>0x1a98</run_address>
         <size>0x15c</size>
         <input_file_ref idref="fl-1b"/>
      </object_component>
      <object_component id="oc-73">
         <name>.text:ADC14_IRQHandler</name>
         <load_address>0x1bf4</load_address>
         <run_address>0x1bf4</run_address>
         <size>0x148</size>
         <input_file_ref idref="fl-2"/>
      </object_component>
      <object_component id="oc-2b3">
         <name>.text:_pconv_e</name>
         <load_address>0x1d3c</load_address>
         <run_address>0x1d3c</run_address>
         <size>0x13c</size>
         <input_file_ref idref="fl-dc"/>
      </object_component>
      <object_component id="oc-3a0">
         <name>.text</name>
         <load_address>0x1e78</load_address>
         <run_address>0x1e78</run_address>
         <size>0x136</size>
         <input_file_ref idref="fl-df"/>
      </object_component>
      <object_component id="oc-457">
         <name>.text</name>
         <load_address>0x1fae</load_address>
         <run_address>0x1fae</run_address>
         <size>0x2</size>
         <input_file_ref idref="fl-f6"/>
      </object_component>
      <object_component id="oc-202">
         <name>.text:Crystalfontz128x128_SetDrawFrame</name>
         <load_address>0x1fb0</load_address>
         <run_address>0x1fb0</run_address>
         <size>0x134</size>
         <input_file_ref idref="fl-4"/>
      </object_component>
      <object_component id="oc-ff">
         <name>.text:Crystalfontz128x128_Init</name>
         <load_address>0x20e4</load_address>
         <run_address>0x20e4</run_address>
         <size>0x12c</size>
         <input_file_ref idref="fl-4"/>
      </object_component>
      <object_component id="oc-3cc">
         <name>.text:fcvt</name>
         <load_address>0x2210</load_address>
         <run_address>0x2210</run_address>
         <size>0x124</size>
         <input_file_ref idref="fl-dc"/>
      </object_component>
      <object_component id="oc-3e0">
         <name>.text:scalbn</name>
         <load_address>0x2334</load_address>
         <run_address>0x2334</run_address>
         <size>0x110</size>
         <input_file_ref idref="fl-f3"/>
      </object_component>
      <object_component id="oc-1d6">
         <name>.text:__PCM_setCoreVoltageLevelAdvanced</name>
         <load_address>0x2444</load_address>
         <run_address>0x2444</run_address>
         <size>0x108</size>
         <input_file_ref idref="fl-1b"/>
      </object_component>
      <object_component id="oc-39b">
         <name>.text</name>
         <load_address>0x254c</load_address>
         <run_address>0x254c</run_address>
         <size>0xfc</size>
         <input_file_ref idref="fl-e0"/>
      </object_component>
      <object_component id="oc-1ab">
         <name>.text:Graphics_getStringWidth</name>
         <load_address>0x2648</load_address>
         <run_address>0x2648</run_address>
         <size>0xfa</size>
         <input_file_ref idref="fl-15"/>
      </object_component>
      <object_component id="oc-12f">
         <name>.text:ADC14_configureConversionMemory</name>
         <load_address>0x2744</load_address>
         <run_address>0x2744</run_address>
         <size>0xb4</size>
         <input_file_ref idref="fl-17"/>
      </object_component>
      <object_component id="oc-129">
         <name>.text:ADC14_configureMultiSequenceMode</name>
         <load_address>0x27f8</load_address>
         <run_address>0x27f8</run_address>
         <size>0xb4</size>
         <input_file_ref idref="fl-17"/>
      </object_component>
      <object_component id="oc-29c">
         <name>.text:_ltostr</name>
         <load_address>0x28ac</load_address>
         <run_address>0x28ac</run_address>
         <size>0xb1</size>
         <input_file_ref idref="fl-dc"/>
      </object_component>
      <object_component id="oc-327">
         <name>.text:SPI_initMaster</name>
         <load_address>0x295e</load_address>
         <run_address>0x295e</run_address>
         <size>0xb0</size>
         <input_file_ref idref="fl-1d"/>
      </object_component>
      <object_component id="oc-248">
         <name>.text:Crystalfontz128x128_RectFill</name>
         <load_address>0x2a0e</load_address>
         <run_address>0x2a0e</run_address>
         <size>0x9c</size>
         <input_file_ref idref="fl-4"/>
      </object_component>
      <object_component id="oc-2e8">
         <name>.text:Graphics_drawLineH</name>
         <load_address>0x2aaa</load_address>
         <run_address>0x2aaa</run_address>
         <size>0x9c</size>
         <input_file_ref idref="fl-16"/>
      </object_component>
      <object_component id="oc-37">
         <name>.text</name>
         <load_address>0x2b46</load_address>
         <run_address>0x2b46</run_address>
         <size>0x9c</size>
         <input_file_ref idref="fl-d7"/>
      </object_component>
      <object_component id="oc-394">
         <name>.text</name>
         <load_address>0x2be2</load_address>
         <run_address>0x2be2</run_address>
         <size>0x96</size>
         <input_file_ref idref="fl-e3"/>
      </object_component>
      <object_component id="oc-b1">
         <name>.text:SystemInit</name>
         <load_address>0x2c78</load_address>
         <run_address>0x2c78</run_address>
         <size>0x94</size>
         <input_file_ref idref="fl-3"/>
      </object_component>
      <object_component id="oc-31a">
         <name>.text:GPIO_setAsPeripheralModuleFunctionOutputPin</name>
         <load_address>0x2d0c</load_address>
         <run_address>0x2d0c</run_address>
         <size>0x88</size>
         <input_file_ref idref="fl-19"/>
      </object_component>
      <object_component id="oc-2a2">
         <name>.text:__aeabi_cdcmple</name>
         <load_address>0x2d94</load_address>
         <run_address>0x2d94</run_address>
         <size>0x86</size>
         <input_file_ref idref="fl-de"/>
      </object_component>
      <object_component id="oc-3a5">
         <name>.text:__aeabi_cdrcmple</name>
         <load_address>0x2e1a</load_address>
         <run_address>0x2e1a</run_address>
         <size>0x86</size>
         <input_file_ref idref="fl-de"/>
      </object_component>
      <object_component id="oc-93">
         <name>.text</name>
         <load_address>0x2ea0</load_address>
         <run_address>0x2ea0</run_address>
         <size>0x7a</size>
         <input_file_ref idref="fl-e4"/>
      </object_component>
      <object_component id="oc-3c5">
         <name>.text:_mcpy</name>
         <load_address>0x2f1a</load_address>
         <run_address>0x2f1a</run_address>
         <size>0x6e</size>
         <input_file_ref idref="fl-dc"/>
      </object_component>
      <object_component id="oc-17">
         <name>.text:decompress:lzss:__TI_decompress_lzss</name>
         <load_address>0x2f88</load_address>
         <run_address>0x2f88</run_address>
         <size>0x68</size>
         <input_file_ref idref="fl-da"/>
      </object_component>
      <object_component id="oc-3da">
         <name>.text:frexp</name>
         <load_address>0x2ff0</load_address>
         <run_address>0x2ff0</run_address>
         <size>0x64</size>
         <input_file_ref idref="fl-f2"/>
      </object_component>
      <object_component id="oc-23c">
         <name>.text:Crystalfontz128x128_LineDrawH</name>
         <load_address>0x3054</load_address>
         <run_address>0x3054</run_address>
         <size>0x60</size>
         <input_file_ref idref="fl-4"/>
      </object_component>
      <object_component id="oc-242">
         <name>.text:Crystalfontz128x128_LineDrawV</name>
         <load_address>0x30b4</load_address>
         <run_address>0x30b4</run_address>
         <size>0x60</size>
         <input_file_ref idref="fl-4"/>
      </object_component>
      <object_component id="oc-307">
         <name>.text:PCM_getCoreVoltageLevel</name>
         <load_address>0x3114</load_address>
         <run_address>0x3114</run_address>
         <size>0x5e</size>
         <input_file_ref idref="fl-1b"/>
      </object_component>
      <object_component id="oc-301">
         <name>.text:PCM_getPowerMode</name>
         <load_address>0x3172</load_address>
         <run_address>0x3172</run_address>
         <size>0x5a</size>
         <input_file_ref idref="fl-1b"/>
      </object_component>
      <object_component id="oc-2ad">
         <name>.text:_pconv_f</name>
         <load_address>0x31cc</load_address>
         <run_address>0x31cc</run_address>
         <size>0x56</size>
         <input_file_ref idref="fl-dc"/>
      </object_component>
      <object_component id="oc-105">
         <name>.text:Crystalfontz128x128_SetOrientation</name>
         <load_address>0x3224</load_address>
         <run_address>0x3224</run_address>
         <size>0x54</size>
         <input_file_ref idref="fl-4"/>
      </object_component>
      <object_component id="oc-3af">
         <name>.text:__TI_ltoa</name>
         <load_address>0x3278</load_address>
         <run_address>0x3278</run_address>
         <size>0x54</size>
         <input_file_ref idref="fl-ea"/>
      </object_component>
      <object_component id="oc-10b">
         <name>.text:Graphics_initContext</name>
         <load_address>0x32cc</load_address>
         <run_address>0x32cc</run_address>
         <size>0x52</size>
         <input_file_ref idref="fl-12"/>
      </object_component>
      <object_component id="oc-3bf">
         <name>.text:_ecpy</name>
         <load_address>0x331e</load_address>
         <run_address>0x331e</run_address>
         <size>0x52</size>
         <input_file_ref idref="fl-dc"/>
      </object_component>
      <object_component id="oc-296">
         <name>.text:atoi</name>
         <load_address>0x3370</load_address>
         <run_address>0x3370</run_address>
         <size>0x4c</size>
         <input_file_ref idref="fl-ec"/>
      </object_component>
      <object_component id="oc-f9">
         <name>.text:FlashCtl_A_setWaitState</name>
         <load_address>0x33bc</load_address>
         <run_address>0x33bc</run_address>
         <size>0x48</size>
         <input_file_ref idref="fl-18"/>
      </object_component>
      <object_component id="oc-c5">
         <name>.text:Graphics_drawStringCentered</name>
         <load_address>0x3404</load_address>
         <run_address>0x3404</run_address>
         <size>0x48</size>
         <input_file_ref idref="fl-15"/>
      </object_component>
      <object_component id="oc-3aa">
         <name>.text</name>
         <load_address>0x344c</load_address>
         <run_address>0x344c</run_address>
         <size>0x48</size>
         <input_file_ref idref="fl-e1"/>
      </object_component>
      <object_component id="oc-14b">
         <name>.text:__TI_auto_init_nobinit_nopinit:__TI_auto_init_nobinit_nopinit</name>
         <load_address>0x3494</load_address>
         <run_address>0x3494</run_address>
         <size>0x44</size>
         <input_file_ref idref="fl-e5"/>
      </object_component>
      <object_component id="oc-230">
         <name>.text:Crystalfontz128x128_PixelDraw</name>
         <load_address>0x34d8</load_address>
         <run_address>0x34d8</run_address>
         <size>0x40</size>
         <input_file_ref idref="fl-4"/>
      </object_component>
      <object_component id="oc-320">
         <name>.text:GPIO_setAsOutputPin</name>
         <load_address>0x3518</load_address>
         <run_address>0x3518</run_address>
         <size>0x40</size>
         <input_file_ref idref="fl-19"/>
      </object_component>
      <object_component id="oc-2e2">
         <name>.text:Graphics_getNumberOfLeadingZeros</name>
         <load_address>0x3558</load_address>
         <run_address>0x3558</run_address>
         <size>0x40</size>
         <input_file_ref idref="fl-15"/>
      </object_component>
      <object_component id="oc-1e4">
         <name>.text:HAL_LCD_SpiInit</name>
         <load_address>0x3598</load_address>
         <run_address>0x3598</run_address>
         <size>0x40</size>
         <input_file_ref idref="fl-5"/>
      </object_component>
      <object_component id="oc-422">
         <name>.text:is_A_Module</name>
         <load_address>0x35d8</load_address>
         <run_address>0x35d8</run_address>
         <size>0x40</size>
         <input_file_ref idref="fl-1d"/>
      </object_component>
      <object_component id="oc-bf">
         <name>.text:sprintf</name>
         <load_address>0x3618</load_address>
         <run_address>0x3618</run_address>
         <size>0x40</size>
         <input_file_ref idref="fl-d6"/>
      </object_component>
      <object_component id="oc-3d2">
         <name>.text:_fcpy</name>
         <load_address>0x3658</load_address>
         <run_address>0x3658</run_address>
         <size>0x3e</size>
         <input_file_ref idref="fl-dc"/>
      </object_component>
      <object_component id="oc-1f6">
         <name>.text:HAL_LCD_writeCommand</name>
         <load_address>0x3698</load_address>
         <run_address>0x3698</run_address>
         <size>0x38</size>
         <input_file_ref idref="fl-5"/>
      </object_component>
      <object_component id="oc-40d">
         <name>.text:Graphics_drawHorizontalLineOnDisplay</name>
         <load_address>0x36d0</load_address>
         <run_address>0x36d0</run_address>
         <size>0x36</size>
         <input_file_ref idref="fl-13"/>
      </object_component>
      <object_component id="oc-55">
         <name>.text:_c_int00_noargs:_c_int00_noargs</name>
         <load_address>0x3708</load_address>
         <run_address>0x3708</run_address>
         <size>0x34</size>
         <input_file_ref idref="fl-db"/>
      </object_component>
      <object_component id="oc-1de">
         <name>.text:HAL_LCD_PortInit</name>
         <load_address>0x373c</load_address>
         <run_address>0x373c</run_address>
         <size>0x30</size>
         <input_file_ref idref="fl-5"/>
      </object_component>
      <object_component id="oc-3b5">
         <name>.text</name>
         <load_address>0x376c</load_address>
         <run_address>0x376c</run_address>
         <size>0x2e</size>
         <input_file_ref idref="fl-e2"/>
      </object_component>
      <object_component id="oc-25a">
         <name>.text:Crystalfontz128x128_ClearScreen</name>
         <load_address>0x379c</load_address>
         <run_address>0x379c</run_address>
         <size>0x2c</size>
         <input_file_ref idref="fl-4"/>
      </object_component>
      <object_component id="oc-2ee">
         <name>.text:Graphics_drawPixelOnDisplay</name>
         <load_address>0x37c8</load_address>
         <run_address>0x37c8</run_address>
         <size>0x2c</size>
         <input_file_ref idref="fl-13"/>
      </object_component>
      <object_component id="oc-1fc">
         <name>.text:HAL_LCD_writeData</name>
         <load_address>0x37f4</load_address>
         <run_address>0x37f4</run_address>
         <size>0x2c</size>
         <input_file_ref idref="fl-5"/>
      </object_component>
      <object_component id="oc-b9">
         <name>.text:ADC14_getResult</name>
         <load_address>0x3820</load_address>
         <run_address>0x3820</run_address>
         <size>0x28</size>
         <input_file_ref idref="fl-17"/>
      </object_component>
      <object_component id="oc-24e">
         <name>.text:Crystalfontz128x128_ColorTranslate</name>
         <load_address>0x3848</load_address>
         <run_address>0x3848</run_address>
         <size>0x28</size>
         <input_file_ref idref="fl-4"/>
      </object_component>
      <object_component id="oc-1f0">
         <name>.text:GPIO_setOutputHighOnPin</name>
         <load_address>0x3870</load_address>
         <run_address>0x3870</run_address>
         <size>0x28</size>
         <input_file_ref idref="fl-19"/>
      </object_component>
      <object_component id="oc-1ea">
         <name>.text:GPIO_setOutputLowOnPin</name>
         <load_address>0x3898</load_address>
         <run_address>0x3898</run_address>
         <size>0x28</size>
         <input_file_ref idref="fl-19"/>
      </object_component>
      <object_component id="oc-32d">
         <name>.text:SPI_enableModule</name>
         <load_address>0x38c0</load_address>
         <run_address>0x38c0</run_address>
         <size>0x1c</size>
         <input_file_ref idref="fl-1d"/>
      </object_component>
      <object_component id="oc-43">
         <name>.text:decompress:ZI:__TI_zero_init_nomemset:__TI_zero_init_nomemset</name>
         <load_address>0x38dc</load_address>
         <run_address>0x38dc</run_address>
         <size>0x1c</size>
         <input_file_ref idref="fl-d8"/>
      </object_component>
      <object_component id="oc-2bf">
         <name>.text:memccpy</name>
         <load_address>0x38f8</load_address>
         <run_address>0x38f8</run_address>
         <size>0x1c</size>
         <input_file_ref idref="fl-ee"/>
      </object_component>
      <object_component id="oc-21e">
         <name>.text:Graphics_clearDisplayOnDisplay</name>
         <load_address>0x3914</load_address>
         <run_address>0x3914</run_address>
         <size>0x1a</size>
         <input_file_ref idref="fl-13"/>
      </object_component>
      <object_component id="oc-117">
         <name>.text:Graphics_setBackgroundColor</name>
         <load_address>0x392e</load_address>
         <run_address>0x392e</run_address>
         <size>0x1a</size>
         <input_file_ref idref="fl-12"/>
      </object_component>
      <object_component id="oc-11d">
         <name>.text:Graphics_setFont</name>
         <load_address>0x3948</load_address>
         <run_address>0x3948</run_address>
         <size>0x1a</size>
         <input_file_ref idref="fl-12"/>
      </object_component>
      <object_component id="oc-470">
         <name>.text:copysign</name>
         <load_address>0x3962</load_address>
         <run_address>0x3962</run_address>
         <size>0x1a</size>
         <input_file_ref idref="fl-f5"/>
      </object_component>
      <object_component id="oc-198">
         <name>.text:_outs</name>
         <load_address>0x397c</load_address>
         <run_address>0x397c</run_address>
         <size>0x18</size>
         <input_file_ref idref="fl-d6"/>
      </object_component>
      <object_component id="oc-42a">
         <name>.text:EUSCI_A_SPI_enable</name>
         <load_address>0x3994</load_address>
         <run_address>0x3994</run_address>
         <size>0x16</size>
         <input_file_ref idref="fl-1d"/>
      </object_component>
      <object_component id="oc-430">
         <name>.text:EUSCI_B_SPI_enable</name>
         <load_address>0x39aa</load_address>
         <run_address>0x39aa</run_address>
         <size>0x16</size>
         <input_file_ref idref="fl-1d"/>
      </object_component>
      <object_component id="oc-111">
         <name>.text:Graphics_setForegroundColor</name>
         <load_address>0x39c0</load_address>
         <run_address>0x39c0</run_address>
         <size>0x16</size>
         <input_file_ref idref="fl-12"/>
      </object_component>
      <object_component id="oc-215">
         <name>.text:Graphics_translateColorOnDisplay</name>
         <load_address>0x39d6</load_address>
         <run_address>0x39d6</run_address>
         <size>0x16</size>
         <input_file_ref idref="fl-13"/>
      </object_component>
      <object_component id="oc-3e6">
         <name>.text:strchr</name>
         <load_address>0x39ec</load_address>
         <run_address>0x39ec</run_address>
         <size>0x16</size>
         <input_file_ref idref="fl-ef"/>
      </object_component>
      <object_component id="oc-30d">
         <name>.text:PCM_getPowerState</name>
         <load_address>0x3a04</load_address>
         <run_address>0x3a04</run_address>
         <size>0x14</size>
         <input_file_ref idref="fl-1b"/>
      </object_component>
      <object_component id="oc-290">
         <name>.text:strlen</name>
         <load_address>0x3a18</load_address>
         <run_address>0x3a18</run_address>
         <size>0x14</size>
         <input_file_ref idref="fl-f0"/>
      </object_component>
      <object_component id="oc-123">
         <name>.text:Graphics_clearDisplay</name>
         <load_address>0x3a2c</load_address>
         <run_address>0x3a2c</run_address>
         <size>0x12</size>
         <input_file_ref idref="fl-12"/>
      </object_component>
      <object_component id="oc-2c5">
         <name>.text:wcslen</name>
         <load_address>0x3a3e</load_address>
         <run_address>0x3a3e</run_address>
         <size>0x12</size>
         <input_file_ref idref="fl-f4"/>
      </object_component>
      <object_component id="oc-225">
         <name>.text:ADCIsConversionRunning</name>
         <load_address>0x3a50</load_address>
         <run_address>0x3a50</run_address>
         <size>0x10</size>
         <input_file_ref idref="fl-17"/>
      </object_component>
      <object_component id="oc-f3">
         <name>.text:PCM_setCoreVoltageLevel</name>
         <load_address>0x3a60</load_address>
         <run_address>0x3a60</run_address>
         <size>0x10</size>
         <input_file_ref idref="fl-1b"/>
      </object_component>
      <object_component id="oc-313">
         <name>.text:PCM_setPowerMode</name>
         <load_address>0x3a70</load_address>
         <run_address>0x3a70</run_address>
         <size>0x10</size>
         <input_file_ref idref="fl-1b"/>
      </object_component>
      <object_component id="oc-1d">
         <name>.text:decompress:none:__TI_decompress_none</name>
         <load_address>0x3a80</load_address>
         <run_address>0x3a80</run_address>
         <size>0xe</size>
         <input_file_ref idref="fl-d9"/>
      </object_component>
      <object_component id="oc-67">
         <name>.text:Reset_Handler</name>
         <load_address>0x3a8e</load_address>
         <run_address>0x3a8e</run_address>
         <size>0xc</size>
         <input_file_ref idref="fl-6"/>
      </object_component>
      <object_component id="oc-254">
         <name>.text:Crystalfontz128x128_Flush</name>
         <load_address>0x3a9a</load_address>
         <run_address>0x3a9a</run_address>
         <size>0xa</size>
         <input_file_ref idref="fl-4"/>
      </object_component>
      <object_component id="oc-19e">
         <name>.text:_outc</name>
         <load_address>0x3aa4</load_address>
         <run_address>0x3aa4</run_address>
         <size>0xa</size>
         <input_file_ref idref="fl-d6"/>
      </object_component>
      <object_component id="oc-2cb">
         <name>.text:__aeabi_errno_addr</name>
         <load_address>0x3ab0</load_address>
         <run_address>0x3ab0</run_address>
         <size>0x8</size>
         <input_file_ref idref="fl-f1"/>
      </object_component>
      <object_component id="oc-99">
         <name>.text:_system_pre_init</name>
         <load_address>0x3ab8</load_address>
         <run_address>0x3ab8</run_address>
         <size>0x4</size>
         <input_file_ref idref="fl-e6"/>
      </object_component>
      <object_component id="oc-13f">
         <name>.text:abort:abort</name>
         <load_address>0x3abc</load_address>
         <run_address>0x3abc</run_address>
         <size>0x4</size>
         <input_file_ref idref="fl-e8"/>
      </object_component>
      <object_component id="oc-262">
         <name>.const:.string:g_pucFontFixed6x8Data</name>
         <load_address>0x3ac0</load_address>
         <run_address>0x3ac0</run_address>
         <size>0x2f8</size>
         <input_file_ref idref="fl-14"/>
      </object_component>
      <object_component id="oc-38f">
         <name>.const:.string:_ctypes_</name>
         <load_address>0x3db8</load_address>
         <run_address>0x3db8</run_address>
         <size>0x101</size>
         <input_file_ref idref="fl-ed"/>
      </object_component>
      <object_component id="oc-13b">
         <name>.const:g_sFontFixed6x8</name>
         <load_address>0x3ebc</load_address>
         <run_address>0x3ebc</run_address>
         <size>0xc8</size>
         <input_file_ref idref="fl-14"/>
      </object_component>
      <object_component id="oc-184">
         <name>.const:_ctlRegs</name>
         <load_address>0x3f84</load_address>
         <run_address>0x3f84</run_address>
         <size>0x80</size>
         <input_file_ref idref="fl-17"/>
      </object_component>
      <object_component id="oc-33c">
         <name>.const:GPIO_PORT_TO_BASE</name>
         <load_address>0x4004</load_address>
         <run_address>0x4004</run_address>
         <size>0x30</size>
         <input_file_ref idref="fl-19"/>
      </object_component>
      <object_component id="oc-138">
         <name>.const:g_sCrystalfontz128x128_funcs</name>
         <load_address>0x4034</load_address>
         <run_address>0x4034</run_address>
         <size>0x20</size>
         <input_file_ref idref="fl-4"/>
      </object_component>
      <object_component id="oc-333">
         <name>.const:$P$T0$1</name>
         <load_address>0x4054</load_address>
         <run_address>0x4054</run_address>
         <size>0x1c</size>
         <input_file_ref idref="fl-5"/>
      </object_component>
      <object_component id="oc-364">
         <name>.const:$P$T0$1</name>
         <load_address>0x4070</load_address>
         <run_address>0x4070</run_address>
         <size>0x8</size>
         <input_file_ref idref="fl-4"/>
      </object_component>
      <object_component id="oc-4e0">
         <name>.cinit..data.load</name>
         <load_address>0x4078</load_address>
         <run_address>0x4078</run_address>
         <size>0xd</size>
      </object_component>
      <object_component id="oc-4de">
         <name>__TI_handler_table</name>
         <load_address>0x4088</load_address>
         <run_address>0x4088</run_address>
         <size>0xc</size>
      </object_component>
      <object_component id="oc-4e1">
         <name>.cinit..bss.load</name>
         <load_address>0x4098</load_address>
         <run_address>0x4098</run_address>
         <size>0x8</size>
      </object_component>
      <object_component id="oc-4df">
         <name>__TI_cinit_table</name>
         <load_address>0x40a0</load_address>
         <run_address>0x40a0</run_address>
         <size>0x10</size>
      </object_component>
      <object_component id="oc-4b2">
         <name>.binit</name>
         <load_address>0x0</load_address>
         <run_address>0x0</run_address>
         <size>0x0</size>
      </object_component>
      <object_component id="oc-135">
         <name>.data:g_sCrystalfontz128x128</name>
         <load_address>0x2000002c</load_address>
         <run_address>0x2000002c</run_address>
         <size>0x10</size>
         <input_file_ref idref="fl-4"/>
      </object_component>
      <object_component id="oc-3f6">
         <name>.data</name>
         <load_address>0x2000003c</load_address>
         <run_address>0x2000003c</run_address>
         <size>0x4</size>
         <input_file_ref idref="fl-f1"/>
      </object_component>
      <object_component id="oc-cb">
         <name>.bss:resultsBuffer</name>
         <uninitialized>true</uninitialized>
         <run_address>0x2000001c</run_address>
         <size>0x4</size>
         <input_file_ref idref="fl-2"/>
      </object_component>
      <object_component id="oc-ce">
         <name>.common:g_sContext</name>
         <uninitialized>true</uninitialized>
         <run_address>0x20000000</run_address>
         <size>0x1c</size>
      </object_component>
      <object_component id="oc-211">
         <name>.common:Lcd_Orientation</name>
         <uninitialized>true</uninitialized>
         <run_address>0x20000028</run_address>
         <size>0x1</size>
      </object_component>
      <object_component id="oc-208">
         <name>.common:Lcd_ScreenWidth</name>
         <uninitialized>true</uninitialized>
         <run_address>0x20000022</run_address>
         <size>0x2</size>
      </object_component>
      <object_component id="oc-20b">
         <name>.common:Lcd_ScreenHeigth</name>
         <uninitialized>true</uninitialized>
         <run_address>0x20000020</run_address>
         <size>0x2</size>
      </object_component>
      <object_component id="oc-20c">
         <name>.common:Lcd_PenSolid</name>
         <uninitialized>true</uninitialized>
         <run_address>0x20000029</run_address>
         <size>0x1</size>
      </object_component>
      <object_component id="oc-20d">
         <name>.common:Lcd_FontSolid</name>
         <uninitialized>true</uninitialized>
         <run_address>0x20000027</run_address>
         <size>0x1</size>
      </object_component>
      <object_component id="oc-20e">
         <name>.common:Lcd_FlagRead</name>
         <uninitialized>true</uninitialized>
         <run_address>0x20000026</run_address>
         <size>0x1</size>
      </object_component>
      <object_component id="oc-20f">
         <name>.common:Lcd_TouchTrim</name>
         <uninitialized>true</uninitialized>
         <run_address>0x20000024</run_address>
         <size>0x2</size>
      </object_component>
      <object_component id="oc-29">
         <name>.stack</name>
         <uninitialized>true</uninitialized>
         <run_address>0x2003fe00</run_address>
         <size>0x4</size>
         <input_file_ref idref="fl-db"/>
      </object_component>
      <object_component id="oc-4e3">
         <name>.stack</name>
         <uninitialized>true</uninitialized>
         <run_address>0x2003fe00</run_address>
         <size>0x0</size>
      </object_component>
      <object_component id="oc-cf">
         <name>.debug_info</name>
         <load_address>0x0</load_address>
         <run_address>0x0</run_address>
         <size>0xc07</size>
         <input_file_ref idref="fl-2"/>
      </object_component>
      <object_component id="oc-cc">
         <name>.debug_info</name>
         <load_address>0xc07</load_address>
         <run_address>0xc07</run_address>
         <size>0x110</size>
         <input_file_ref idref="fl-2"/>
      </object_component>
      <object_component id="oc-a0">
         <name>.debug_info</name>
         <load_address>0xd17</load_address>
         <run_address>0xd17</run_address>
         <size>0x352</size>
         <input_file_ref idref="fl-2"/>
      </object_component>
      <object_component id="oc-74">
         <name>.debug_info</name>
         <load_address>0x1069</load_address>
         <run_address>0x1069</run_address>
         <size>0x2d1</size>
         <input_file_ref idref="fl-2"/>
      </object_component>
      <object_component id="oc-1bd">
         <name>.debug_info</name>
         <load_address>0x133a</load_address>
         <run_address>0x133a</run_address>
         <size>0x3c27</size>
         <input_file_ref idref="fl-2"/>
      </object_component>
      <object_component id="oc-de">
         <name>.debug_info</name>
         <load_address>0x4f61</load_address>
         <run_address>0x4f61</run_address>
         <size>0x26b</size>
         <input_file_ref idref="fl-2"/>
      </object_component>
      <object_component id="oc-1c2">
         <name>.debug_info</name>
         <load_address>0x51cc</load_address>
         <run_address>0x51cc</run_address>
         <size>0x1028</size>
         <input_file_ref idref="fl-2"/>
      </object_component>
      <object_component id="oc-1c7">
         <name>.debug_info</name>
         <load_address>0x61f4</load_address>
         <run_address>0x61f4</run_address>
         <size>0x439</size>
         <input_file_ref idref="fl-2"/>
      </object_component>
      <object_component id="oc-d7">
         <name>.debug_info</name>
         <load_address>0x662d</load_address>
         <run_address>0x662d</run_address>
         <size>0x8b</size>
         <input_file_ref idref="fl-2"/>
      </object_component>
      <object_component id="oc-1d1">
         <name>.debug_info</name>
         <load_address>0x66b8</load_address>
         <run_address>0x66b8</run_address>
         <size>0x2a4</size>
         <input_file_ref idref="fl-2"/>
      </object_component>
      <object_component id="oc-1cc">
         <name>.debug_info</name>
         <load_address>0x695c</load_address>
         <run_address>0x695c</run_address>
         <size>0xef</size>
         <input_file_ref idref="fl-2"/>
      </object_component>
      <object_component id="oc-d2">
         <name>.debug_info</name>
         <load_address>0x6a4b</load_address>
         <run_address>0x6a4b</run_address>
         <size>0xbb</size>
         <input_file_ref idref="fl-2"/>
      </object_component>
      <object_component id="oc-1a6">
         <name>.debug_info</name>
         <load_address>0x6b06</load_address>
         <run_address>0x6b06</run_address>
         <size>0x2c</size>
         <input_file_ref idref="fl-2"/>
      </object_component>
      <object_component id="oc-337">
         <name>.debug_info</name>
         <load_address>0x6b32</load_address>
         <run_address>0x6b32</run_address>
         <size>0x131</size>
         <input_file_ref idref="fl-2"/>
      </object_component>
      <object_component id="oc-b4">
         <name>.debug_info</name>
         <load_address>0x6c63</load_address>
         <run_address>0x6c63</run_address>
         <size>0x162</size>
         <input_file_ref idref="fl-3"/>
      </object_component>
      <object_component id="oc-32">
         <name>.debug_info</name>
         <load_address>0x6dc5</load_address>
         <run_address>0x6dc5</run_address>
         <size>0x84</size>
         <input_file_ref idref="fl-3"/>
      </object_component>
      <object_component id="oc-209">
         <name>.debug_info</name>
         <load_address>0x6e49</load_address>
         <run_address>0x6e49</run_address>
         <size>0x998</size>
         <input_file_ref idref="fl-4"/>
      </object_component>
      <object_component id="oc-136">
         <name>.debug_info</name>
         <load_address>0x77e1</load_address>
         <run_address>0x77e1</run_address>
         <size>0x144</size>
         <input_file_ref idref="fl-4"/>
      </object_component>
      <object_component id="oc-139">
         <name>.debug_info</name>
         <load_address>0x7925</load_address>
         <run_address>0x7925</run_address>
         <size>0x150</size>
         <input_file_ref idref="fl-4"/>
      </object_component>
      <object_component id="oc-365">
         <name>.debug_info</name>
         <load_address>0x7a75</load_address>
         <run_address>0x7a75</run_address>
         <size>0x125</size>
         <input_file_ref idref="fl-4"/>
      </object_component>
      <object_component id="oc-100">
         <name>.debug_info</name>
         <load_address>0x7b9a</load_address>
         <run_address>0x7b9a</run_address>
         <size>0x417</size>
         <input_file_ref idref="fl-4"/>
      </object_component>
      <object_component id="oc-203">
         <name>.debug_info</name>
         <load_address>0x7fb1</load_address>
         <run_address>0x7fb1</run_address>
         <size>0x323</size>
         <input_file_ref idref="fl-4"/>
      </object_component>
      <object_component id="oc-106">
         <name>.debug_info</name>
         <load_address>0x82d4</load_address>
         <run_address>0x82d4</run_address>
         <size>0x27f</size>
         <input_file_ref idref="fl-4"/>
      </object_component>
      <object_component id="oc-231">
         <name>.debug_info</name>
         <load_address>0x8553</load_address>
         <run_address>0x8553</run_address>
         <size>0x2c4</size>
         <input_file_ref idref="fl-4"/>
      </object_component>
      <object_component id="oc-238">
         <name>.debug_info</name>
         <load_address>0x8817</load_address>
         <run_address>0x8817</run_address>
         <size>0x427</size>
         <input_file_ref idref="fl-4"/>
      </object_component>
      <object_component id="oc-23e">
         <name>.debug_info</name>
         <load_address>0x8c3e</load_address>
         <run_address>0x8c3e</run_address>
         <size>0x2df</size>
         <input_file_ref idref="fl-4"/>
      </object_component>
      <object_component id="oc-244">
         <name>.debug_info</name>
         <load_address>0x8f1d</load_address>
         <run_address>0x8f1d</run_address>
         <size>0x2df</size>
         <input_file_ref idref="fl-4"/>
      </object_component>
      <object_component id="oc-24a">
         <name>.debug_info</name>
         <load_address>0x91fc</load_address>
         <run_address>0x91fc</run_address>
         <size>0x310</size>
         <input_file_ref idref="fl-4"/>
      </object_component>
      <object_component id="oc-24f">
         <name>.debug_info</name>
         <load_address>0x950c</load_address>
         <run_address>0x950c</run_address>
         <size>0x22d</size>
         <input_file_ref idref="fl-4"/>
      </object_component>
      <object_component id="oc-255">
         <name>.debug_info</name>
         <load_address>0x9739</load_address>
         <run_address>0x9739</run_address>
         <size>0x1e8</size>
         <input_file_ref idref="fl-4"/>
      </object_component>
      <object_component id="oc-25b">
         <name>.debug_info</name>
         <load_address>0x9921</load_address>
         <run_address>0x9921</run_address>
         <size>0x258</size>
         <input_file_ref idref="fl-4"/>
      </object_component>
      <object_component id="oc-346">
         <name>.debug_info</name>
         <load_address>0x9b79</load_address>
         <run_address>0x9b79</run_address>
         <size>0x3c27</size>
         <input_file_ref idref="fl-4"/>
      </object_component>
      <object_component id="oc-439">
         <name>.debug_info</name>
         <load_address>0xd7a0</load_address>
         <run_address>0xd7a0</run_address>
         <size>0x8de</size>
         <input_file_ref idref="fl-5"/>
      </object_component>
      <object_component id="oc-334">
         <name>.debug_info</name>
         <load_address>0xe07e</load_address>
         <run_address>0xe07e</run_address>
         <size>0x138</size>
         <input_file_ref idref="fl-5"/>
      </object_component>
      <object_component id="oc-1df">
         <name>.debug_info</name>
         <load_address>0xe1b6</load_address>
         <run_address>0xe1b6</run_address>
         <size>0x28f</size>
         <input_file_ref idref="fl-5"/>
      </object_component>
      <object_component id="oc-1e5">
         <name>.debug_info</name>
         <load_address>0xe445</load_address>
         <run_address>0xe445</run_address>
         <size>0x258</size>
         <input_file_ref idref="fl-5"/>
      </object_component>
      <object_component id="oc-1f7">
         <name>.debug_info</name>
         <load_address>0xe69d</load_address>
         <run_address>0xe69d</run_address>
         <size>0x24f</size>
         <input_file_ref idref="fl-5"/>
      </object_component>
      <object_component id="oc-1fd">
         <name>.debug_info</name>
         <load_address>0xe8ec</load_address>
         <run_address>0xe8ec</run_address>
         <size>0x202</size>
         <input_file_ref idref="fl-5"/>
      </object_component>
      <object_component id="oc-7b">
         <name>.debug_info</name>
         <load_address>0xeaee</load_address>
         <run_address>0xeaee</run_address>
         <size>0x302</size>
         <input_file_ref idref="fl-6"/>
      </object_component>
      <object_component id="oc-27">
         <name>.debug_info</name>
         <load_address>0xedf0</load_address>
         <run_address>0xedf0</run_address>
         <size>0x12e</size>
         <input_file_ref idref="fl-6"/>
      </object_component>
      <object_component id="oc-68">
         <name>.debug_info</name>
         <load_address>0xef1e</load_address>
         <run_address>0xef1e</run_address>
         <size>0x191</size>
         <input_file_ref idref="fl-6"/>
      </object_component>
      <object_component id="oc-6e">
         <name>.debug_info</name>
         <load_address>0xf0af</load_address>
         <run_address>0xf0af</run_address>
         <size>0x179</size>
         <input_file_ref idref="fl-6"/>
      </object_component>
      <object_component id="oc-214">
         <name>.debug_info</name>
         <load_address>0xf228</load_address>
         <run_address>0xf228</run_address>
         <size>0x561</size>
         <input_file_ref idref="fl-12"/>
      </object_component>
      <object_component id="oc-10f">
         <name>.debug_info</name>
         <load_address>0xf789</load_address>
         <run_address>0xf789</run_address>
         <size>0x1ef</size>
         <input_file_ref idref="fl-12"/>
      </object_component>
      <object_component id="oc-11b">
         <name>.debug_info</name>
         <load_address>0xf978</load_address>
         <run_address>0xf978</run_address>
         <size>0x203</size>
         <input_file_ref idref="fl-12"/>
      </object_component>
      <object_component id="oc-121">
         <name>.debug_info</name>
         <load_address>0xfb7b</load_address>
         <run_address>0xfb7b</run_address>
         <size>0x1d0</size>
         <input_file_ref idref="fl-12"/>
      </object_component>
      <object_component id="oc-115">
         <name>.debug_info</name>
         <load_address>0xfd4b</load_address>
         <run_address>0xfd4b</run_address>
         <size>0x1f6</size>
         <input_file_ref idref="fl-12"/>
      </object_component>
      <object_component id="oc-127">
         <name>.debug_info</name>
         <load_address>0xff41</load_address>
         <run_address>0xff41</run_address>
         <size>0x1c3</size>
         <input_file_ref idref="fl-12"/>
      </object_component>
      <object_component id="oc-2fc">
         <name>.debug_info</name>
         <load_address>0x10104</load_address>
         <run_address>0x10104</run_address>
         <size>0x26b</size>
         <input_file_ref idref="fl-12"/>
      </object_component>
      <object_component id="oc-2f5">
         <name>.debug_info</name>
         <load_address>0x1036f</load_address>
         <run_address>0x1036f</run_address>
         <size>0x439</size>
         <input_file_ref idref="fl-12"/>
      </object_component>
      <object_component id="oc-28b">
         <name>.debug_info</name>
         <load_address>0x107a8</load_address>
         <run_address>0x107a8</run_address>
         <size>0x297</size>
         <input_file_ref idref="fl-12"/>
      </object_component>
      <object_component id="oc-188">
         <name>.debug_info</name>
         <load_address>0x10a3f</load_address>
         <run_address>0x10a3f</run_address>
         <size>0xef</size>
         <input_file_ref idref="fl-12"/>
      </object_component>
      <object_component id="oc-18d">
         <name>.debug_info</name>
         <load_address>0x10b2e</load_address>
         <run_address>0x10b2e</run_address>
         <size>0xbb</size>
         <input_file_ref idref="fl-12"/>
      </object_component>
      <object_component id="oc-34e">
         <name>.debug_info</name>
         <load_address>0x10be9</load_address>
         <run_address>0x10be9</run_address>
         <size>0x3fb</size>
         <input_file_ref idref="fl-13"/>
      </object_component>
      <object_component id="oc-2f0">
         <name>.debug_info</name>
         <load_address>0x10fe4</load_address>
         <run_address>0x10fe4</run_address>
         <size>0x203</size>
         <input_file_ref idref="fl-13"/>
      </object_component>
      <object_component id="oc-40f">
         <name>.debug_info</name>
         <load_address>0x111e7</load_address>
         <run_address>0x111e7</run_address>
         <size>0x221</size>
         <input_file_ref idref="fl-13"/>
      </object_component>
      <object_component id="oc-217">
         <name>.debug_info</name>
         <load_address>0x11408</load_address>
         <run_address>0x11408</run_address>
         <size>0x1e3</size>
         <input_file_ref idref="fl-13"/>
      </object_component>
      <object_component id="oc-220">
         <name>.debug_info</name>
         <load_address>0x115eb</load_address>
         <run_address>0x115eb</run_address>
         <size>0x1db</size>
         <input_file_ref idref="fl-13"/>
      </object_component>
      <object_component id="oc-267">
         <name>.debug_info</name>
         <load_address>0x117c6</load_address>
         <run_address>0x117c6</run_address>
         <size>0x27c</size>
         <input_file_ref idref="fl-14"/>
      </object_component>
      <object_component id="oc-263">
         <name>.debug_info</name>
         <load_address>0x11a42</load_address>
         <run_address>0x11a42</run_address>
         <size>0x13a</size>
         <input_file_ref idref="fl-14"/>
      </object_component>
      <object_component id="oc-13c">
         <name>.debug_info</name>
         <load_address>0x11b7c</load_address>
         <run_address>0x11b7c</run_address>
         <size>0x12f</size>
         <input_file_ref idref="fl-14"/>
      </object_component>
      <object_component id="oc-1b8">
         <name>.debug_info</name>
         <load_address>0x11cab</load_address>
         <run_address>0x11cab</run_address>
         <size>0x4ba</size>
         <input_file_ref idref="fl-15"/>
      </object_component>
      <object_component id="oc-2e3">
         <name>.debug_info</name>
         <load_address>0x12165</load_address>
         <run_address>0x12165</run_address>
         <size>0x1c5</size>
         <input_file_ref idref="fl-15"/>
      </object_component>
      <object_component id="oc-1ac">
         <name>.debug_info</name>
         <load_address>0x1232a</load_address>
         <run_address>0x1232a</run_address>
         <size>0x28e</size>
         <input_file_ref idref="fl-15"/>
      </object_component>
      <object_component id="oc-1b2">
         <name>.debug_info</name>
         <load_address>0x125b8</load_address>
         <run_address>0x125b8</run_address>
         <size>0x42a</size>
         <input_file_ref idref="fl-15"/>
      </object_component>
      <object_component id="oc-c6">
         <name>.debug_info</name>
         <load_address>0x129e2</load_address>
         <run_address>0x129e2</run_address>
         <size>0x26e</size>
         <input_file_ref idref="fl-15"/>
      </object_component>
      <object_component id="oc-414">
         <name>.debug_info</name>
         <load_address>0x12c50</load_address>
         <run_address>0x12c50</run_address>
         <size>0x53b</size>
         <input_file_ref idref="fl-16"/>
      </object_component>
      <object_component id="oc-2e9">
         <name>.debug_info</name>
         <load_address>0x1318b</load_address>
         <run_address>0x1318b</run_address>
         <size>0x216</size>
         <input_file_ref idref="fl-16"/>
      </object_component>
      <object_component id="oc-22d">
         <name>.debug_info</name>
         <load_address>0x133a1</load_address>
         <run_address>0x133a1</run_address>
         <size>0x706</size>
         <input_file_ref idref="fl-17"/>
      </object_component>
      <object_component id="oc-185">
         <name>.debug_info</name>
         <load_address>0x13aa7</load_address>
         <run_address>0x13aa7</run_address>
         <size>0x124</size>
         <input_file_ref idref="fl-17"/>
      </object_component>
      <object_component id="oc-181">
         <name>.debug_info</name>
         <load_address>0x13bcb</load_address>
         <run_address>0x13bcb</run_address>
         <size>0x1d9</size>
         <input_file_ref idref="fl-17"/>
      </object_component>
      <object_component id="oc-228">
         <name>.debug_info</name>
         <load_address>0x13da4</load_address>
         <run_address>0x13da4</run_address>
         <size>0x1b8</size>
         <input_file_ref idref="fl-17"/>
      </object_component>
      <object_component id="oc-12b">
         <name>.debug_info</name>
         <load_address>0x13f5c</load_address>
         <run_address>0x13f5c</run_address>
         <size>0x308</size>
         <input_file_ref idref="fl-17"/>
      </object_component>
      <object_component id="oc-131">
         <name>.debug_info</name>
         <load_address>0x14264</load_address>
         <run_address>0x14264</run_address>
         <size>0x38b</size>
         <input_file_ref idref="fl-17"/>
      </object_component>
      <object_component id="oc-bb">
         <name>.debug_info</name>
         <load_address>0x145ef</load_address>
         <run_address>0x145ef</run_address>
         <size>0x22f</size>
         <input_file_ref idref="fl-17"/>
      </object_component>
      <object_component id="oc-353">
         <name>.debug_info</name>
         <load_address>0x1481e</load_address>
         <run_address>0x1481e</run_address>
         <size>0x431a</size>
         <input_file_ref idref="fl-17"/>
      </object_component>
      <object_component id="oc-358">
         <name>.debug_info</name>
         <load_address>0x18b38</load_address>
         <run_address>0x18b38</run_address>
         <size>0x1028</size>
         <input_file_ref idref="fl-17"/>
      </object_component>
      <object_component id="oc-fb">
         <name>.debug_info</name>
         <load_address>0x19b60</load_address>
         <run_address>0x19b60</run_address>
         <size>0x22e</size>
         <input_file_ref idref="fl-18"/>
      </object_component>
      <object_component id="oc-43c">
         <name>.debug_info</name>
         <load_address>0x19d8e</load_address>
         <run_address>0x19d8e</run_address>
         <size>0x701</size>
         <input_file_ref idref="fl-19"/>
      </object_component>
      <object_component id="oc-33d">
         <name>.debug_info</name>
         <load_address>0x1a48f</load_address>
         <run_address>0x1a48f</run_address>
         <size>0x135</size>
         <input_file_ref idref="fl-19"/>
      </object_component>
      <object_component id="oc-322">
         <name>.debug_info</name>
         <load_address>0x1a5c4</load_address>
         <run_address>0x1a5c4</run_address>
         <size>0x252</size>
         <input_file_ref idref="fl-19"/>
      </object_component>
      <object_component id="oc-31c">
         <name>.debug_info</name>
         <load_address>0x1a816</load_address>
         <run_address>0x1a816</run_address>
         <size>0x2a5</size>
         <input_file_ref idref="fl-19"/>
      </object_component>
      <object_component id="oc-1f2">
         <name>.debug_info</name>
         <load_address>0x1aabb</load_address>
         <run_address>0x1aabb</run_address>
         <size>0x25a</size>
         <input_file_ref idref="fl-19"/>
      </object_component>
      <object_component id="oc-1ec">
         <name>.debug_info</name>
         <load_address>0x1ad15</load_address>
         <run_address>0x1ad15</run_address>
         <size>0x258</size>
         <input_file_ref idref="fl-19"/>
      </object_component>
      <object_component id="oc-1d9">
         <name>.debug_info</name>
         <load_address>0x1af6d</load_address>
         <run_address>0x1af6d</run_address>
         <size>0x3a5</size>
         <input_file_ref idref="fl-1b"/>
      </object_component>
      <object_component id="oc-f6">
         <name>.debug_info</name>
         <load_address>0x1b312</load_address>
         <run_address>0x1b312</run_address>
         <size>0x220</size>
         <input_file_ref idref="fl-1b"/>
      </object_component>
      <object_component id="oc-303">
         <name>.debug_info</name>
         <load_address>0x1b532</load_address>
         <run_address>0x1b532</run_address>
         <size>0x1eb</size>
         <input_file_ref idref="fl-1b"/>
      </object_component>
      <object_component id="oc-30a">
         <name>.debug_info</name>
         <load_address>0x1b71d</load_address>
         <run_address>0x1b71d</run_address>
         <size>0x1f9</size>
         <input_file_ref idref="fl-1b"/>
      </object_component>
      <object_component id="oc-41b">
         <name>.debug_info</name>
         <load_address>0x1b916</load_address>
         <run_address>0x1b916</run_address>
         <size>0x346</size>
         <input_file_ref idref="fl-1b"/>
      </object_component>
      <object_component id="oc-315">
         <name>.debug_info</name>
         <load_address>0x1bc5c</load_address>
         <run_address>0x1bc5c</run_address>
         <size>0x202</size>
         <input_file_ref idref="fl-1b"/>
      </object_component>
      <object_component id="oc-30f">
         <name>.debug_info</name>
         <load_address>0x1be5e</load_address>
         <run_address>0x1be5e</run_address>
         <size>0x1ac</size>
         <input_file_ref idref="fl-1b"/>
      </object_component>
      <object_component id="oc-429">
         <name>.debug_info</name>
         <load_address>0x1c00a</load_address>
         <run_address>0x1c00a</run_address>
         <size>0x6f5</size>
         <input_file_ref idref="fl-1d"/>
      </object_component>
      <object_component id="oc-423">
         <name>.debug_info</name>
         <load_address>0x1c6ff</load_address>
         <run_address>0x1c6ff</run_address>
         <size>0x1c7</size>
         <input_file_ref idref="fl-1d"/>
      </object_component>
      <object_component id="oc-328">
         <name>.debug_info</name>
         <load_address>0x1c8c6</load_address>
         <run_address>0x1c8c6</run_address>
         <size>0x22b</size>
         <input_file_ref idref="fl-1d"/>
      </object_component>
      <object_component id="oc-32e">
         <name>.debug_info</name>
         <load_address>0x1caf1</load_address>
         <run_address>0x1caf1</run_address>
         <size>0x235</size>
         <input_file_ref idref="fl-1d"/>
      </object_component>
      <object_component id="oc-431">
         <name>.debug_info</name>
         <load_address>0x1cd26</load_address>
         <run_address>0x1cd26</run_address>
         <size>0x1e9</size>
         <input_file_ref idref="fl-1d"/>
      </object_component>
      <object_component id="oc-42b">
         <name>.debug_info</name>
         <load_address>0x1cf0f</load_address>
         <run_address>0x1cf0f</run_address>
         <size>0x1e9</size>
         <input_file_ref idref="fl-1d"/>
      </object_component>
      <object_component id="oc-493">
         <name>.debug_info</name>
         <load_address>0x1d0f8</load_address>
         <run_address>0x1d0f8</run_address>
         <size>0x131</size>
         <input_file_ref idref="fl-1d"/>
      </object_component>
      <object_component id="oc-1a5">
         <name>.debug_info</name>
         <load_address>0x1d229</load_address>
         <run_address>0x1d229</run_address>
         <size>0x333</size>
         <input_file_ref idref="fl-d6"/>
      </object_component>
      <object_component id="oc-c1">
         <name>.debug_info</name>
         <load_address>0x1d55c</load_address>
         <run_address>0x1d55c</run_address>
         <size>0x1d1</size>
         <input_file_ref idref="fl-d6"/>
      </object_component>
      <object_component id="oc-199">
         <name>.debug_info</name>
         <load_address>0x1d72d</load_address>
         <run_address>0x1d72d</run_address>
         <size>0x18d</size>
         <input_file_ref idref="fl-d6"/>
      </object_component>
      <object_component id="oc-19f">
         <name>.debug_info</name>
         <load_address>0x1d8ba</load_address>
         <run_address>0x1d8ba</run_address>
         <size>0x16d</size>
         <input_file_ref idref="fl-d6"/>
      </object_component>
      <object_component id="oc-3fd">
         <name>.debug_info</name>
         <load_address>0x1da27</load_address>
         <run_address>0x1da27</run_address>
         <size>0x2c</size>
         <input_file_ref idref="fl-d6"/>
      </object_component>
      <object_component id="oc-38">
         <name>.debug_info</name>
         <load_address>0x1da53</load_address>
         <run_address>0x1da53</run_address>
         <size>0x119</size>
         <input_file_ref idref="fl-d7"/>
      </object_component>
      <object_component id="oc-92">
         <name>.debug_info</name>
         <load_address>0x1db6c</load_address>
         <run_address>0x1db6c</run_address>
         <size>0x2d4</size>
         <input_file_ref idref="fl-d8"/>
      </object_component>
      <object_component id="oc-44">
         <name>.debug_info</name>
         <load_address>0x1de40</load_address>
         <run_address>0x1de40</run_address>
         <size>0x1d2</size>
         <input_file_ref idref="fl-d8"/>
      </object_component>
      <object_component id="oc-8d">
         <name>.debug_info</name>
         <load_address>0x1e012</load_address>
         <run_address>0x1e012</run_address>
         <size>0x46</size>
         <input_file_ref idref="fl-d8"/>
      </object_component>
      <object_component id="oc-ea">
         <name>.debug_info</name>
         <load_address>0x1e058</load_address>
         <run_address>0x1e058</run_address>
         <size>0x2c</size>
         <input_file_ref idref="fl-d8"/>
      </object_component>
      <object_component id="oc-42">
         <name>.debug_info</name>
         <load_address>0x1e084</load_address>
         <run_address>0x1e084</run_address>
         <size>0x2a8</size>
         <input_file_ref idref="fl-d9"/>
      </object_component>
      <object_component id="oc-1f">
         <name>.debug_info</name>
         <load_address>0x1e32c</load_address>
         <run_address>0x1e32c</run_address>
         <size>0x1ea</size>
         <input_file_ref idref="fl-d9"/>
      </object_component>
      <object_component id="oc-3d">
         <name>.debug_info</name>
         <load_address>0x1e516</load_address>
         <run_address>0x1e516</run_address>
         <size>0x46</size>
         <input_file_ref idref="fl-d9"/>
      </object_component>
      <object_component id="oc-85">
         <name>.debug_info</name>
         <load_address>0x1e55c</load_address>
         <run_address>0x1e55c</run_address>
         <size>0x2c</size>
         <input_file_ref idref="fl-d9"/>
      </object_component>
      <object_component id="oc-83">
         <name>.debug_info</name>
         <load_address>0x1e588</load_address>
         <run_address>0x1e588</run_address>
         <size>0x29e</size>
         <input_file_ref idref="fl-da"/>
      </object_component>
      <object_component id="oc-19">
         <name>.debug_info</name>
         <load_address>0x1e826</load_address>
         <run_address>0x1e826</run_address>
         <size>0x250</size>
         <input_file_ref idref="fl-da"/>
      </object_component>
      <object_component id="oc-2d">
         <name>.debug_info</name>
         <load_address>0x1ea76</load_address>
         <run_address>0x1ea76</run_address>
         <size>0x60</size>
         <input_file_ref idref="fl-da"/>
      </object_component>
      <object_component id="oc-e3">
         <name>.debug_info</name>
         <load_address>0x1ead6</load_address>
         <run_address>0x1ead6</run_address>
         <size>0x46</size>
         <input_file_ref idref="fl-da"/>
      </object_component>
      <object_component id="oc-7e">
         <name>.debug_info</name>
         <load_address>0x1eb1c</load_address>
         <run_address>0x1eb1c</run_address>
         <size>0x39</size>
         <input_file_ref idref="fl-da"/>
      </object_component>
      <object_component id="oc-2a">
         <name>.debug_info</name>
         <load_address>0x1eb55</load_address>
         <run_address>0x1eb55</run_address>
         <size>0x10b</size>
         <input_file_ref idref="fl-db"/>
      </object_component>
      <object_component id="oc-59">
         <name>.debug_info</name>
         <load_address>0x1ec60</load_address>
         <run_address>0x1ec60</run_address>
         <size>0x1a9</size>
         <input_file_ref idref="fl-db"/>
      </object_component>
      <object_component id="oc-2d2">
         <name>.debug_info</name>
         <load_address>0x1ee09</load_address>
         <run_address>0x1ee09</run_address>
         <size>0x590</size>
         <input_file_ref idref="fl-dc"/>
      </object_component>
      <object_component id="oc-29d">
         <name>.debug_info</name>
         <load_address>0x1f399</load_address>
         <run_address>0x1f399</run_address>
         <size>0x21e</size>
         <input_file_ref idref="fl-dc"/>
      </object_component>
      <object_component id="oc-3c0">
         <name>.debug_info</name>
         <load_address>0x1f5b7</load_address>
         <run_address>0x1f5b7</run_address>
         <size>0x1b3</size>
         <input_file_ref idref="fl-dc"/>
      </object_component>
      <object_component id="oc-3c6">
         <name>.debug_info</name>
         <load_address>0x1f76a</load_address>
         <run_address>0x1f76a</run_address>
         <size>0x21b</size>
         <input_file_ref idref="fl-dc"/>
      </object_component>
      <object_component id="oc-2a8">
         <name>.debug_info</name>
         <load_address>0x1f985</load_address>
         <run_address>0x1f985</run_address>
         <size>0x3c0</size>
         <input_file_ref idref="fl-dc"/>
      </object_component>
      <object_component id="oc-3cd">
         <name>.debug_info</name>
         <load_address>0x1fd45</load_address>
         <run_address>0x1fd45</run_address>
         <size>0x30a</size>
         <input_file_ref idref="fl-dc"/>
      </object_component>
[...]
      </symbol>
      <symbol id="sm-21e">
         <name>Graphics_setBackgroundColor</name>
         <value>0x392f</value>
         <object_component_ref idref="oc-117"/>
      </symbol>
      <symbol id="sm-21f">
         <name>Graphics_setFont</name>
         <value>0x3949</value>
         <object_component_ref idref="oc-11d"/>
      </symbol>
      <symbol id="sm-220">
         <name>Graphics_initContext</name>
         <value>0x32cd</value>
         <object_component_ref idref="oc-10b"/>
      </symbol>
      <symbol id="sm-221">
         <name>Graphics_setForegroundColor</name>
         <value>0x39c1</value>
         <object_component_ref idref="oc-111"/>
      </symbol>
      <symbol id="sm-222">
         <name>Graphics_clearDisplay</name>
         <value>0x3a2d</value>
         <object_component_ref idref="oc-123"/>
      </symbol>
      <symbol id="sm-247">
         <name>Graphics_clearDisplayOnDisplay</name>
         <value>0x3915</value>
         <object_component_ref idref="oc-21e"/>
      </symbol>
      <symbol id="sm-248">
         <name>Graphics_drawPixelOnDisplay</name>
         <value>0x37c9</value>
         <object_component_ref idref="oc-2ee"/>
      </symbol>
      <symbol id="sm-249">
         <name>Graphics_translateColorOnDisplay</name>
         <value>0x39d7</value>
         <object_component_ref idref="oc-215"/>
      </symbol>
      <symbol id="sm-24a">
         <name>Graphics_drawHorizontalLineOnDisplay</name>
         <value>0x36d1</value>
         <object_component_ref idref="oc-40d"/>
      </symbol>
      <symbol id="sm-25c">
         <name>g_sFontFixed6x8</name>
         <value>0x3ebc</value>
         <object_component_ref idref="oc-13b"/>
      </symbol>
      <symbol id="sm-2b4">
         <name>Graphics_drawStringCentered</name>
         <value>0x3405</value>
         <object_component_ref idref="oc-c5"/>
      </symbol>
      <symbol id="sm-2b5">
         <name>Graphics_drawString</name>
         <value>0xb37</value>
         <object_component_ref idref="oc-1b1"/>
      </symbol>
      <symbol id="sm-2b6">
         <name>Graphics_getStringWidth</name>
         <value>0x2649</value>
         <object_component_ref idref="oc-1ab"/>
      </symbol>
      <symbol id="sm-2c9">
         <name>Graphics_drawLineH</name>
         <value>0x2aab</value>
         <object_component_ref idref="oc-2e8"/>
      </symbol>
      <symbol id="sm-350">
         <name>ADC14_configureMultiSequenceMode</name>
         <value>0x27f9</value>
         <object_component_ref idref="oc-129"/>
      </symbol>
      <symbol id="sm-351">
         <name>ADC14_configureConversionMemory</name>
         <value>0x2745</value>
         <object_component_ref idref="oc-12f"/>
      </symbol>
      <symbol id="sm-352">
         <name>ADC14_getResult</name>
         <value>0x3821</value>
         <object_component_ref idref="oc-b9"/>
      </symbol>
      <symbol id="sm-361">
         <name>FlashCtl_A_setWaitState</name>
         <value>0x33bd</value>
         <object_component_ref idref="oc-f9"/>
      </symbol>
      <symbol id="sm-39a">
         <name>GPIO_setOutputHighOnPin</name>
         <value>0x3871</value>
         <object_component_ref idref="oc-1f0"/>
      </symbol>
      <symbol id="sm-39b">
         <name>GPIO_setAsOutputPin</name>
         <value>0x3519</value>
         <object_component_ref idref="oc-320"/>
      </symbol>
      <symbol id="sm-39c">
         <name>GPIO_setOutputLowOnPin</name>
         <value>0x3899</value>
         <object_component_ref idref="oc-1ea"/>
      </symbol>
      <symbol id="sm-39d">
         <name>GPIO_setAsPeripheralModuleFunctionOutputPin</name>
         <value>0x2d0d</value>
         <object_component_ref idref="oc-31a"/>
      </symbol>
      <symbol id="sm-41c">
         <name>PCM_setCoreVoltageLevel</name>
         <value>0x3a61</value>
         <object_component_ref idref="oc-f3"/>
      </symbol>
      <symbol id="sm-41d">
         <name>PCM_getCoreVoltageLevel</name>
         <value>0x3115</value>
         <object_component_ref idref="oc-307"/>
      </symbol>
      <symbol id="sm-41e">
         <name>PCM_getPowerMode</name>
         <value>0x3173</value>
         <object_component_ref idref="oc-301"/>
      </symbol>
      <symbol id="sm-41f">
         <name>PCM_getPowerState</name>
         <value>0x3a05</value>
         <object_component_ref idref="oc-30d"/>
      </symbol>
      <symbol id="sm-420">
         <name>PCM_setPowerMode</name>
         <value>0x3a71</value>
         <object_component_ref idref="oc-313"/>
      </symbol>
      <symbol id="sm-460">
         <name>EUSCI_B_SPI_enable</name>
         <value>0x39ab</value>
         <object_component_ref idref="oc-430"/>
      </symbol>
      <symbol id="sm-461">
         <name>SPI_enableModule</name>
         <value>0x38c1</value>
         <object_component_ref idref="oc-32d"/>
      </symbol>
      <symbol id="sm-462">
         <name>EUSCI_A_SPI_enable</name>
         <value>0x3995</value>
         <object_component_ref idref="oc-42a"/>
      </symbol>
      <symbol id="sm-463">
         <name>SPI_initMaster</name>
         <value>0x295f</value>
         <object_component_ref idref="oc-327"/>
      </symbol>
      <symbol id="sm-48d">
         <name>sprintf</name>
         <value>0x3619</value>
         <object_component_ref idref="oc-bf"/>
      </symbol>
      <symbol id="sm-4a8">
         <name>memcpy</name>
         <value>0x2b47</value>
         <object_component_ref idref="oc-37"/>
      </symbol>
      <symbol id="sm-4a9">
         <name>__aeabi_memcpy</name>
         <value>0x2b47</value>
         <object_component_ref idref="oc-37"/>
      </symbol>
      <symbol id="sm-4aa">
         <name>__aeabi_memcpy8</name>
         <value>0x2b47</value>
         <object_component_ref idref="oc-37"/>
      </symbol>
      <symbol id="sm-4ab">
         <name>__aeabi_memcpy4</name>
         <value>0x2b47</value>
         <object_component_ref idref="oc-37"/>
      </symbol>
      <symbol id="sm-4c4">
         <name>__TI_zero_init_nomemset</name>
         <value>0x38dd</value>
         <object_component_ref idref="oc-43"/>
      </symbol>
      <symbol id="sm-4db">
         <name>__TI_decompress_none</name>
         <value>0x3a81</value>
         <object_component_ref idref="oc-1d"/>
      </symbol>
      <symbol id="sm-4fe">
         <name>__TI_decompress_lzss</name>
         <value>0x2f89</value>
         <object_component_ref idref="oc-17"/>
      </symbol>
      <symbol id="sm-511">
         <name>__stack</name>
         <value>0x2003fe00</value>
         <object_component_ref idref="oc-29"/>
      </symbol>
      <symbol id="sm-512">
         <name>_c_int00_noargs</name>
         <value>0x3709</value>
         <object_component_ref idref="oc-55"/>
      </symbol>
      <symbol id="sm-677">
         <name>__TI_printfi</name>
         <value>0xe9</value>
         <object_component_ref idref="oc-192"/>
      </symbol>
      <symbol id="sm-68e">
         <name>__aeabi_dsub</name>
         <value>0x15cd</value>
         <object_component_ref idref="oc-3ba"/>
      </symbol>
      <symbol id="sm-68f">
         <name>__aeabi_dadd</name>
         <value>0x15d7</value>
         <object_component_ref idref="oc-3ba"/>
      </symbol>
      <symbol id="sm-6b1">
         <name>__aeabi_cdcmpeq</name>
         <value>0x2d95</value>
         <object_component_ref idref="oc-2a2"/>
      </symbol>
      <symbol id="sm-6b2">
         <name>__aeabi_cdcmple</name>
         <value>0x2d95</value>
         <object_component_ref idref="oc-2a2"/>
      </symbol>
      <symbol id="sm-6b3">
         <name>__aeabi_cdrcmple</name>
         <value>0x2e1b</value>
         <object_component_ref idref="oc-3a5"/>
      </symbol>
      <symbol id="sm-6c7">
         <name>__aeabi_ddiv</name>
         <value>0x1e79</value>
         <object_component_ref idref="oc-3a0"/>
      </symbol>
      <symbol id="sm-6d2">
         <name>__aeabi_dmul</name>
         <value>0x254d</value>
         <object_component_ref idref="oc-39b"/>
      </symbol>
      <symbol id="sm-6dc">
         <name>__aeabi_d2iz</name>
         <value>0x344d</value>
         <object_component_ref idref="oc-3aa"/>
      </symbol>
      <symbol id="sm-6e6">
         <name>__aeabi_i2d</name>
         <value>0x376d</value>
         <object_component_ref idref="oc-3b5"/>
      </symbol>
      <symbol id="sm-6f3">
         <name>__aeabi_uldivmod</name>
         <value>0x2be3</value>
         <object_component_ref idref="oc-394"/>
      </symbol>
      <symbol id="sm-702">
         <name>__aeabi_memset</name>
         <value>0x2ea3</value>
         <object_component_ref idref="oc-93"/>
      </symbol>
      <symbol id="sm-703">
         <name>memset</name>
         <value>0x2ea9</value>
         <object_component_ref idref="oc-93"/>
      </symbol>
      <symbol id="sm-704">
         <name>__aeabi_memset8</name>
         <value>0x2ea3</value>
         <object_component_ref idref="oc-93"/>
      </symbol>
      <symbol id="sm-705">
         <name>__aeabi_memset4</name>
         <value>0x2ea3</value>
         <object_component_ref idref="oc-93"/>
      </symbol>
      <symbol id="sm-706">
         <name>__aeabi_memclr8</name>
         <value>0x2ea1</value>
         <object_component_ref idref="oc-93"/>
      </symbol>
      <symbol id="sm-707">
         <name>__aeabi_memclr4</name>
         <value>0x2ea1</value>
         <object_component_ref idref="oc-93"/>
      </symbol>
      <symbol id="sm-708">
         <name>__aeabi_memclr</name>
         <value>0x2ea1</value>
         <object_component_ref idref="oc-93"/>
      </symbol>
      <symbol id="sm-730">
         <name>__TI_auto_init_nobinit_nopinit</name>
         <value>0x3495</value>
         <object_component_ref idref="oc-14b"/>
      </symbol>
      <symbol id="sm-73a">
         <name>_system_pre_init</name>
         <value>0x3ab9</value>
         <object_component_ref idref="oc-99"/>
      </symbol>
      <symbol id="sm-746">
         <name>C$$EXIT</name>
         <value>0x3abd</value>
         <object_component_ref idref="oc-13f"/>
      </symbol>
      <symbol id="sm-747">
         <name>abort</name>
         <value>0x3abd</value>
         <object_component_ref idref="oc-13f"/>
      </symbol>
      <symbol id="sm-757">
         <name>__TI_ltoa</name>
         <value>0x3279</value>
         <object_component_ref idref="oc-3af"/>
      </symbol>
      <symbol id="sm-76e">
         <name>atoi</name>
         <value>0x3371</value>
         <object_component_ref idref="oc-296"/>
      </symbol>
      <symbol id="sm-779">
         <name>_ctypes_</name>
         <value>0x3db8</value>
         <object_component_ref idref="oc-38f"/>
      </symbol>
      <symbol id="sm-789">
         <name>memccpy</name>
         <value>0x38f9</value>
         <object_component_ref idref="oc-2bf"/>
      </symbol>
      <symbol id="sm-799">
         <name>strchr</name>
         <value>0x39ed</value>
         <object_component_ref idref="oc-3e6"/>
      </symbol>
      <symbol id="sm-7a7">
         <name>strlen</name>
         <value>0x3a19</value>
         <object_component_ref idref="oc-290"/>
      </symbol>
      <symbol id="sm-7bd">
         <name>__aeabi_errno_addr</name>
         <value>0x3ab1</value>
         <object_component_ref idref="oc-2cb"/>
      </symbol>
      <symbol id="sm-7be">
         <name>errno</name>
         <value>0x2000003c</value>
         <object_component_ref idref="oc-3f6"/>
      </symbol>
      <symbol id="sm-7de">
         <name>frexpl</name>
         <value>0x2ff1</value>
         <object_component_ref idref="oc-3da"/>
      </symbol>
      <symbol id="sm-7df">
         <name>frexp</name>
         <value>0x2ff1</value>
         <object_component_ref idref="oc-3da"/>
      </symbol>
      <symbol id="sm-7fc">
         <name>scalbn</name>
         <value>0x2335</value>
         <object_component_ref idref="oc-3e0"/>
      </symbol>
      <symbol id="sm-7fd">
         <name>scalbnl</name>
         <value>0x2335</value>
         <object_component_ref idref="oc-3e0"/>
      </symbol>
      <symbol id="sm-7fe">
         <name>ldexpl</name>
         <value>0x2335</value>
         <object_component_ref idref="oc-3e0"/>
      </symbol>
      <symbol id="sm-7ff">
         <name>ldexp</name>
         <value>0x2335</value>
         <object_component_ref idref="oc-3e0"/>
      </symbol>
      <symbol id="sm-818">
         <name>wcslen</name>
         <value>0x3a3f</value>
         <object_component_ref idref="oc-2c5"/>
      </symbol>
      <symbol id="sm-822">
         <name>copysign</name>
         <value>0x3963</value>
         <object_component_ref idref="oc-470"/>
      </symbol>
      <symbol id="sm-823">
         <name>copysignl</name>
         <value>0x3963</value>
         <object_component_ref idref="oc-470"/>
      </symbol>
      <symbol id="sm-82d">
         <name>__aeabi_idiv0</name>
         <value>0x1faf</value>
         <object_component_ref idref="oc-457"/>
      </symbol>
      <symbol id="sm-82e">
         <name>__aeabi_ldiv0</name>
         <value>0x1faf</value>
         <object_component_ref idref="oc-457"/>
      </symbol>
      <symbol id="sm-82f">
         <name>__TI_static_base__</name>
         <value>0x0</value>
      </symbol>
      <symbol id="sm-832">
         <name>__mpu_init</name>
         <value>0x0</value>
      </symbol>
      <symbol id="sm-833">
         <name>_system_post_cinit</name>
         <value>0x0</value>
      </symbol>
      <symbol id="sm-834">
         <name>NMI_Handler</name>
         <value>0x1783</value>
      </symbol>
      <symbol id="sm-835">
         <name>HardFault_Handler</name>
         <value>0x1783</value>
      </symbol>
      <symbol id="sm-836">
         <name>MemManage_Handler</name>
         <value>0x1783</value>
      </symbol>
      <symbol id="sm-837">
         <name>BusFault_Handler</name>
         <value>0x1783</value>
      </symbol>
      <symbol id="sm-838">
         <name>UsageFault_Handler</name>
         <value>0x1783</value>
      </symbol>
      <symbol id="sm-839">
         <name>SVC_Handler</name>
         <value>0x1783</value>
      </symbol>
      <symbol id="sm-83a">
         <name>DebugMon_Handler</name>
         <value>0x1783</value>
      </symbol>
      <symbol id="sm-83b">
         <name>PendSV_Handler</name>
         <value>0x1783</value>
      </symbol>
      <symbol id="sm-83c">
         <name>SysTick_Handler</name>
         <value>0x1783</value>
      </symbol>
      <symbol id="sm-83d">
         <name>PSS_IRQHandler</name>
         <value>0x1783</value>
      </symbol>
      <symbol id="sm-83e">
         <name>CS_IRQHandler</name>
         <value>0x1783</value>
      </symbol>
      <symbol id="sm-83f">
         <name>PCM_IRQHandler</name>
         <value>0x1783</value>
      </symbol>
      <symbol id="sm-840">
         <name>WDT_A_IRQHandler</name>
         <value>0x1783</value>
      </symbol>
      <symbol id="sm-841">
         <name>FPU_IRQHandler</name>
         <value>0x1783</value>
      </symbol>
      <symbol id="sm-842">
         <name>FLCTL_A_IRQHandler</name>
         <value>0x1783</value>
      </symbol>
      <symbol id="sm-843">
         <name>COMP_E0_IRQHandler</name>
         <value>0x1783</value>
      </symbol>
      <symbol id="sm-844">
         <name>COMP_E1_IRQHandler</name>
         <value>0x1783</value>
      </symbol>
      <symbol id="sm-845">
         <name>TA0_0_IRQHandler</name>
         <value>0x1783</value>
      </symbol>
      <symbol id="sm-846">
         <name>TA0_N_IRQHandler</name>
         <value>0x1783</value>
      </symbol>
      <symbol id="sm-847">
         <name>TA1_0_IRQHandler</name>
         <value>0x1783</value>
      </symbol>
      <symbol id="sm-848">
         <name>TA1_N_IRQHandler</name>
         <value>0x1783</value>
      </symbol>
      <symbol id="sm-849">
         <name>TA2_0_IRQHandler</name>
         <value>0x1783</value>
      </symbol>
      <symbol id="sm-84a">
         <name>TA2_N_IRQHandler</name>
         <value>0x1783</value>
      </symbol>
      <symbol id="sm-84b">
         <name>TA3_0_IRQHandler</name>
         <value>0x1783</value>
      </symbol>
      <symbol id="sm-84c">
         <name>TA3_N_IRQHandler</name>
         <value>0x1783</value>
      </symbol>
      <symbol id="sm-84d">
         <name>EUSCIA0_IRQHandler</name>
         <value>0x1783</value>
      </symbol>
      <symbol id="sm-84e">
         <name>EUSCIA1_IRQHandler</name>
         <value>0x1783</value>
      </symbol>
      <symbol id="sm-84f">
         <name>EUSCIA2_IRQHandler</name>
         <value>0x1783</value>
      </symbol>
      <symbol id="sm-850">
         <name>EUSCIA3_IRQHandler</name>
         <value>0x1783</value>
      </symbol>
      <symbol id="sm-851">
         <name>EUSCIB0_IRQHandler</name>
         <value>0x1783</value>
      </symbol>
      <symbol id="sm-852">
         <name>EUSCIB1_IRQHandler</name>
         <value>0x1783</value>
      </symbol>
      <symbol id="sm-853">
         <name>EUSCIB2_IRQHandler</name>
         <value>0x1783</value>
      </symbol>
      <symbol id="sm-854">
         <name>EUSCIB3_IRQHandler</name>
         <value>0x1783</value>
      </symbol>
      <symbol id="sm-855">
         <name>ADC14_IRQHandler</name>
         <value>0x1bf5</value>
      </symbol>
      <symbol id="sm-856">
         <name>T32_INT1_IRQHandler</name>
         <value>0x1783</value>
      </symbol>
      <symbol id="sm-857">
         <name>T32_INT2_IRQHandler</name>
         <value>0x1783</value>
      </symbol>
      <symbol id="sm-858">
         <name>T32_INTC_IRQHandler</name>
         <value>0x1783</value>
      </symbol>
      <symbol id="sm-859">
         <name>AES256_IRQHandler</name>
         <value>0x1783</value>
      </symbol>
      <symbol id="sm-85a">
         <name>RTC_C_IRQHandler</name>
         <value>0x1783</value>
      </symbol>
      <symbol id="sm-85b">
         <name>DMA_ERR_IRQHandler</name>
         <value>0x1783</value>
      </symbol>
      <symbol id="sm-85c">
         <name>DMA_INT3_IRQHandler</name>
         <value>0x1783</value>
      </symbol>
      <symbol id="sm-85d">
         <name>DMA_INT2_IRQHandler</name>
         <value>0x1783</value>
      </symbol>
      <symbol id="sm-85e">
         <name>DMA_INT1_IRQHandler</name>
         <value>0x1783</value>
      </symbol>
      <symbol id="sm-85f">
         <name>DMA_INT0_IRQHandler</name>
         <value>0x1783</value>
      </symbol>
      <symbol id="sm-860">
         <name>PORT1_IRQHandler</name>
         <value>0x1783</value>
      </symbol>
      <symbol id="sm-861">
         <name>PORT2_IRQHandler</name>
         <value>0x1783</value>
      </symbol>
      <symbol id="sm-862">
         <name>PORT3_IRQHandler</name>
         <value>0x1783</value>
      </symbol>
      <symbol id="sm-863">
         <name>PORT4_IRQHandler</name>
         <value>0x1783</value>
      </symbol>
      <symbol id="sm-864">
         <name>PORT5_IRQHandler</name>
         <value>0x1783</value>
      </symbol>
      <symbol id="sm-865">
         <name>PORT6_IRQHandler</name>
         <value>0x1783</value>
      </symbol>
      <symbol id="sm-866">
         <name>LCD_F_IRQHandler</name>
         <value>0x1783</value>
      </symbol>
   </symbol_table>
   <title>Link successful</title>
</link_info>
