<?xml version="1.0" encoding="ISO-8859-1" ?>
<link_info>
   <banner>TI ARM Linker PC v20.2.2.LTS</banner>
   <copyright>Copyright (c) 1996-2018 Texas Instruments Incorporated</copyright>
   <link_time>0x5f8f6357</link_time>
   <link_errors>0x0</link_errors>
   <output_file>progdevices.out</output_file>
   <entry_point>
      <name>_c_int00_noargs</name>
      <address>0x12ad</address>
   </entry_point>
   <input_file_list>
      <input_file id="fl-2">
         <path>.\</path>
         <kind>object</kind>
         <file>main.obj</file>
         <name>main.obj</name>
      </input_file>
      <input_file id="fl-3">
         <path>.\</path>
         <kind>object</kind>
         <file>system_msp432p4111.obj</file>
         <name>system_msp432p4111.obj</name>
      </input_file>
      <input_file id="fl-4">
         <path>.\LcdDriver\</path>
         <kind>object</kind>
         <file>Crystalfontz128x128_ST7735.obj</file>
         <name>Crystalfontz128x128_ST7735.obj</name>
      </input_file>
      <input_file id="fl-5">
         <path>.\LcdDriver\</path>
         <kind>object</kind>
         <file>HAL_MSP_EXP432P401R_Crystalfontz128x128_ST7735.obj</file>
         <name>HAL_MSP_EXP432P401R_Crystalfontz128x128_ST7735.obj</name>
      </input_file>
      <input_file id="fl-6">
         <path>.\ccs\</path>
         <kind>object</kind>
         <file>startup_msp432p4111_ccs.obj</file>
         <name>startup_msp432p4111_ccs.obj</name>
      </input_file>
      <input_file id="fl-11">
         <kind>object</kind>
         <file>&lt;internal&gt;</file>
         <name>&lt;internal&gt;</name>
      </input_file>
      <input_file id="fl-12">
         <path>C:\ti\simplelink_msp432p4_sdk_3_40_01_02\source\ti\grlib\lib\ccs\m4f\</path>
         <kind>archive</kind>
         <file>grlib.a</file>
         <name>context.obj</name>
      </input_file>
      <input_file id="fl-13">
         <path>C:\ti\simplelink_msp432p4_sdk_3_40_01_02\source\ti\grlib\lib\ccs\m4f\</path>
         <kind>archive</kind>
         <file>grlib.a</file>
         <name>display.obj</name>
      </input_file>
      <input_file id="fl-14">
         <path>C:\ti\simplelink_msp432p4_sdk_3_40_01_02\source\ti\grlib\lib\ccs\m4f\</path>
         <kind>archive</kind>
         <file>grlib.a</file>
         <name>fontfixed6x8.obj</name>
      </input_file>
      <input_file id="fl-15">
         <path>C:\ti\simplelink_msp432p4_sdk_3_40_01_02\source\ti\grlib\lib\ccs\m4f\</path>
         <kind>archive</kind>
         <file>grlib.a</file>
         <name>string.obj</name>
      </input_file>
      <input_file id="fl-16">
         <path>C:\ti\simplelink_msp432p4_sdk_3_40_01_02\source\ti\grlib\lib\ccs\m4f\</path>
         <kind>archive</kind>
         <file>grlib.a</file>
         <name>line.obj</name>
      </input_file>
      <input_file id="fl-17">
         <path>C:\ti\simplelink_msp432p4_sdk_3_40_01_02\source\ti\devices\msp432p4xx\driverlib\ccs\</path>
         <kind>archive</kind>
         <file>msp432p4xx_driverlib.lib</file>
         <name>gpio.o</name>
      </input_file>
      <input_file id="fl-18">
         <path>C:\ti\simplelink_msp432p4_sdk_3_40_01_02\source\ti\devices\msp432p4xx\driverlib\ccs\</path>
         <kind>archive</kind>
         <file>msp432p4xx_driverlib.lib</file>
         <name>interrupt.o</name>
      </input_file>
      <input_file id="fl-19">
         <path>C:\ti\simplelink_msp432p4_sdk_3_40_01_02\source\ti\devices\msp432p4xx\driverlib\ccs\</path>
         <kind>archive</kind>
         <file>msp432p4xx_driverlib.lib</file>
         <name>spi.o</name>
      </input_file>
      <input_file id="fl-1a">
         <path>C:\ti\simplelink_msp432p4_sdk_3_40_01_02\source\ti\devices\msp432p4xx\driverlib\ccs\</path>
         <kind>archive</kind>
         <file>msp432p4xx_driverlib.lib</file>
         <name>cpu.o</name>
      </input_file>
      <input_file id="fl-d0">
         <path>C:\ti\ccs1010\ccs\tools\compiler\ti-cgt-arm_20.2.2.LTS\lib\</path>
         <kind>archive</kind>
         <file>rtsv7M4_T_le_v4SPD16_eabi.lib</file>
         <name>copy_zero_init.c.obj</name>
      </input_file>
      <input_file id="fl-d1">
         <path>C:\ti\ccs1010\ccs\tools\compiler\ti-cgt-arm_20.2.2.LTS\lib\</path>
         <kind>archive</kind>
         <file>rtsv7M4_T_le_v4SPD16_eabi.lib</file>
         <name>copy_decompress_none.c.obj</name>
      </input_file>
      <input_file id="fl-d2">
         <path>C:\ti\ccs1010\ccs\tools\compiler\ti-cgt-arm_20.2.2.LTS\lib\</path>
         <kind>archive</kind>
         <file>rtsv7M4_T_le_v4SPD16_eabi.lib</file>
         <name>copy_decompress_lzss.c.obj</name>
      </input_file>
      <input_file id="fl-d3">
         <path>C:\ti\ccs1010\ccs\tools\compiler\ti-cgt-arm_20.2.2.LTS\lib\</path>
         <kind>archive</kind>
         <file>rtsv7M4_T_le_v4SPD16_eabi.lib</file>
         <name>boot_cortex_m.c.obj</name>
      </input_file>
      <input_file id="fl-d4">
         <path>C:\ti\ccs1010\ccs\tools\compiler\ti-cgt-arm_20.2.2.LTS\lib\</path>
         <kind>archive</kind>
         <file>rtsv7M4_T_le_v4SPD16_eabi.lib</file>
         <name>memcpy_t2.asm.obj</name>
      </input_file>
      <input_file id="fl-d5">
         <path>C:\ti\ccs1010\ccs\tools\compiler\ti-cgt-arm_20.2.2.LTS\lib\</path>
         <kind>archive</kind>
         <file>rtsv7M4_T_le_v4SPD16_eabi.lib</file>
         <name>memset_t2.asm.obj</name>
      </input_file>
      <input_file id="fl-d6">
         <path>C:\ti\ccs1010\ccs\tools\compiler\ti-cgt-arm_20.2.2.LTS\lib\</path>
         <kind>archive</kind>
         <file>rtsv7M4_T_le_v4SPD16_eabi.lib</file>
         <name>autoinit.c.obj</name>
      </input_file>
      <input_file id="fl-d7">
         <path>C:\ti\ccs1010\ccs\tools\compiler\ti-cgt-arm_20.2.2.LTS\lib\</path>
         <kind>archive</kind>
         <file>rtsv7M4_T_le_v4SPD16_eabi.lib</file>
         <name>pre_init.c.obj</name>
      </input_file>
      <input_file id="fl-d8">
         <path>C:\ti\ccs1010\ccs\tools\compiler\ti-cgt-arm_20.2.2.LTS\lib\</path>
         <kind>archive</kind>
         <file>rtsv7M4_T_le_v4SPD16_eabi.lib</file>
         <name>cpy_tbl.c.obj</name>
      </input_file>
      <input_file id="fl-d9">
         <path>C:\ti\ccs1010\ccs\tools\compiler\ti-cgt-arm_20.2.2.LTS\lib\</path>
         <kind>archive</kind>
         <file>rtsv7M4_T_le_v4SPD16_eabi.lib</file>
         <name>exit.c.obj</name>
      </input_file>
      <input_file id="fl-da">
         <path>C:\ti\ccs1010\ccs\tools\compiler\ti-cgt-arm_20.2.2.LTS\lib\</path>
         <kind>archive</kind>
         <file>rtsv7M4_T_le_v4SPD16_eabi.lib</file>
         <name>_lock.c.obj</name>
      </input_file>
      <input_file id="fl-db">
         <path>C:\ti\ccs1010\ccs\tools\compiler\ti-cgt-arm_20.2.2.LTS\lib\</path>
         <kind>archive</kind>
         <file>rtsv7M4_T_le_v4SPD16_eabi.lib</file>
         <name>args_main.c.obj</name>
      </input_file>
   </input_file_list>
   <object_component_list>
      <object_component id="oc-26">
         <name>.intvecs:retain</name>
         <load_address>0x0</load_address>
         <run_address>0x0</run_address>
         <size>0xe8</size>
         <input_file_ref idref="fl-6"/>
      </object_component>
      <object_component id="oc-f4">
         <name>.text:Graphics_drawString</name>
         <load_address>0xe8</load_address>
         <run_address>0xe8</run_address>
         <size>0x47e</size>
         <input_file_ref idref="fl-15"/>
      </object_component>
      <object_component id="oc-1d3">
         <name>.text:Crystalfontz128x128_PixelDrawMultiple</name>
         <load_address>0x566</load_address>
         <run_address>0x566</run_address>
         <size>0x1d8</size>
         <input_file_ref idref="fl-4"/>
      </object_component>
      <object_component id="oc-6d">
         <name>.text:Default_Handler</name>
         <load_address>0x73e</load_address>
         <run_address>0x73e</run_address>
         <size>0x2</size>
         <input_file_ref idref="fl-6"/>
      </object_component>
      <object_component id="oc-99">
         <name>.text:main</name>
         <load_address>0x740</load_address>
         <run_address>0x740</run_address>
         <size>0x1a8</size>
         <input_file_ref idref="fl-2"/>
      </object_component>
      <object_component id="oc-174">
         <name>.text:Crystalfontz128x128_SetDrawFrame</name>
         <load_address>0x8e8</load_address>
         <run_address>0x8e8</run_address>
         <size>0x134</size>
         <input_file_ref idref="fl-4"/>
      </object_component>
      <object_component id="oc-ca">
         <name>.text:Crystalfontz128x128_Init</name>
         <load_address>0xa1c</load_address>
         <run_address>0xa1c</run_address>
         <size>0x12c</size>
         <input_file_ref idref="fl-4"/>
      </object_component>
      <object_component id="oc-232">
         <name>.text:SPI_initMaster</name>
         <load_address>0xb48</load_address>
         <run_address>0xb48</run_address>
         <size>0xb0</size>
         <input_file_ref idref="fl-19"/>
      </object_component>
      <object_component id="oc-1e5">
         <name>.text:Crystalfontz128x128_RectFill</name>
         <load_address>0xbf8</load_address>
         <run_address>0xbf8</run_address>
         <size>0x9c</size>
         <input_file_ref idref="fl-4"/>
      </object_component>
      <object_component id="oc-1a7">
         <name>.text:Graphics_drawLineH</name>
         <load_address>0xc94</load_address>
         <run_address>0xc94</run_address>
         <size>0x9c</size>
         <input_file_ref idref="fl-16"/>
      </object_component>
      <object_component id="oc-37">
         <name>.text</name>
         <load_address>0xd30</load_address>
         <run_address>0xd30</run_address>
         <size>0x9c</size>
         <input_file_ref idref="fl-d4"/>
      </object_component>
      <object_component id="oc-ab">
         <name>.text:SystemInit</name>
         <load_address>0xdcc</load_address>
         <run_address>0xdcc</run_address>
         <size>0x94</size>
         <input_file_ref idref="fl-3"/>
      </object_component>
      <object_component id="oc-225">
         <name>.text:GPIO_setAsPeripheralModuleFunctionOutputPin</name>
         <load_address>0xe60</load_address>
         <run_address>0xe60</run_address>
         <size>0x88</size>
         <input_file_ref idref="fl-17"/>
      </object_component>
      <object_component id="oc-17">
         <name>.text:decompress:lzss:__TI_decompress_lzss</name>
         <load_address>0xee8</load_address>
         <run_address>0xee8</run_address>
         <size>0x68</size>
         <input_file_ref idref="fl-d2"/>
      </object_component>
      <object_component id="oc-1d9">
         <name>.text:Crystalfontz128x128_LineDrawH</name>
         <load_address>0xf50</load_address>
         <run_address>0xf50</run_address>
         <size>0x60</size>
         <input_file_ref idref="fl-4"/>
      </object_component>
      <object_component id="oc-1df">
         <name>.text:Crystalfontz128x128_LineDrawV</name>
         <load_address>0xfb0</load_address>
         <run_address>0xfb0</run_address>
         <size>0x60</size>
         <input_file_ref idref="fl-4"/>
      </object_component>
      <object_component id="oc-d0">
         <name>.text:Crystalfontz128x128_SetOrientation</name>
         <load_address>0x1010</load_address>
         <run_address>0x1010</run_address>
         <size>0x54</size>
         <input_file_ref idref="fl-4"/>
      </object_component>
      <object_component id="oc-d6">
         <name>.text:Graphics_initContext</name>
         <load_address>0x1064</load_address>
         <run_address>0x1064</run_address>
         <size>0x52</size>
         <input_file_ref idref="fl-12"/>
      </object_component>
      <object_component id="oc-118">
         <name>.text:__TI_auto_init_nobinit_nopinit:__TI_auto_init_nobinit_nopinit</name>
         <load_address>0x10b8</load_address>
         <run_address>0x10b8</run_address>
         <size>0x44</size>
         <input_file_ref idref="fl-d6"/>
      </object_component>
      <object_component id="oc-1cd">
         <name>.text:Crystalfontz128x128_PixelDraw</name>
         <load_address>0x10fc</load_address>
         <run_address>0x10fc</run_address>
         <size>0x40</size>
         <input_file_ref idref="fl-4"/>
      </object_component>
      <object_component id="oc-22b">
         <name>.text:GPIO_setAsOutputPin</name>
         <load_address>0x113c</load_address>
         <run_address>0x113c</run_address>
         <size>0x40</size>
         <input_file_ref idref="fl-17"/>
      </object_component>
      <object_component id="oc-1a1">
         <name>.text:Graphics_getNumberOfLeadingZeros</name>
         <load_address>0x117c</load_address>
         <run_address>0x117c</run_address>
         <size>0x40</size>
         <input_file_ref idref="fl-15"/>
      </object_component>
      <object_component id="oc-156">
         <name>.text:HAL_LCD_SpiInit</name>
         <load_address>0x11bc</load_address>
         <run_address>0x11bc</run_address>
         <size>0x40</size>
         <input_file_ref idref="fl-5"/>
      </object_component>
      <object_component id="oc-2ad">
         <name>.text:is_A_Module</name>
         <load_address>0x11fc</load_address>
         <run_address>0x11fc</run_address>
         <size>0x40</size>
         <input_file_ref idref="fl-19"/>
      </object_component>
      <object_component id="oc-168">
         <name>.text:HAL_LCD_writeCommand</name>
         <load_address>0x123c</load_address>
         <run_address>0x123c</run_address>
         <size>0x38</size>
         <input_file_ref idref="fl-5"/>
      </object_component>
      <object_component id="oc-270">
         <name>.text:Graphics_drawHorizontalLineOnDisplay</name>
         <load_address>0x1274</load_address>
         <run_address>0x1274</run_address>
         <size>0x36</size>
         <input_file_ref idref="fl-13"/>
      </object_component>
      <object_component id="oc-55">
         <name>.text:_c_int00_noargs:_c_int00_noargs</name>
         <load_address>0x12ac</load_address>
         <run_address>0x12ac</run_address>
         <size>0x34</size>
         <input_file_ref idref="fl-d3"/>
      </object_component>
      <object_component id="oc-150">
         <name>.text:HAL_LCD_PortInit</name>
         <load_address>0x12e0</load_address>
         <run_address>0x12e0</run_address>
         <size>0x30</size>
         <input_file_ref idref="fl-5"/>
      </object_component>
      <object_component id="oc-1f7">
         <name>.text:Crystalfontz128x128_ClearScreen</name>
         <load_address>0x1310</load_address>
         <run_address>0x1310</run_address>
         <size>0x2c</size>
         <input_file_ref idref="fl-4"/>
      </object_component>
      <object_component id="oc-1ad">
         <name>.text:Graphics_drawPixelOnDisplay</name>
         <load_address>0x133c</load_address>
         <run_address>0x133c</run_address>
         <size>0x2c</size>
         <input_file_ref idref="fl-13"/>
      </object_component>
      <object_component id="oc-16e">
         <name>.text:HAL_LCD_writeData</name>
         <load_address>0x1368</load_address>
         <run_address>0x1368</run_address>
         <size>0x2c</size>
         <input_file_ref idref="fl-5"/>
      </object_component>
      <object_component id="oc-1eb">
         <name>.text:Crystalfontz128x128_ColorTranslate</name>
         <load_address>0x1394</load_address>
         <run_address>0x1394</run_address>
         <size>0x28</size>
         <input_file_ref idref="fl-4"/>
      </object_component>
      <object_component id="oc-162">
         <name>.text:GPIO_setOutputHighOnPin</name>
         <load_address>0x13bc</load_address>
         <run_address>0x13bc</run_address>
         <size>0x28</size>
         <input_file_ref idref="fl-17"/>
      </object_component>
      <object_component id="oc-15c">
         <name>.text:GPIO_setOutputLowOnPin</name>
         <load_address>0x13e4</load_address>
         <run_address>0x13e4</run_address>
         <size>0x28</size>
         <input_file_ref idref="fl-17"/>
      </object_component>
      <object_component id="oc-238">
         <name>.text:SPI_enableModule</name>
         <load_address>0x140c</load_address>
         <run_address>0x140c</run_address>
         <size>0x1c</size>
         <input_file_ref idref="fl-19"/>
      </object_component>
      <object_component id="oc-43">
         <name>.text:decompress:ZI:__TI_zero_init_nomemset:__TI_zero_init_nomemset</name>
         <load_address>0x1428</load_address>
         <run_address>0x1428</run_address>
         <size>0x1c</size>
         <input_file_ref idref="fl-d0"/>
      </object_component>
      <object_component id="oc-19a">
         <name>.text:Graphics_clearDisplayOnDisplay</name>
         <load_address>0x1444</load_address>
         <run_address>0x1444</run_address>
         <size>0x1a</size>
         <input_file_ref idref="fl-13"/>
      </object_component>
      <object_component id="oc-e2">
         <name>.text:Graphics_setBackgroundColor</name>
         <load_address>0x145e</load_address>
         <run_address>0x145e</run_address>
         <size>0x1a</size>
         <input_file_ref idref="fl-12"/>
      </object_component>
      <object_component id="oc-e8">
         <name>.text:Graphics_setFont</name>
         <load_address>0x1478</load_address>
         <run_address>0x1478</run_address>
         <size>0x1a</size>
         <input_file_ref idref="fl-12"/>
      </object_component>
      <object_component id="oc-2b5">
         <name>.text:EUSCI_A_SPI_enable</name>
         <load_address>0x1492</load_address>
         <run_address>0x1492</run_address>
         <size>0x16</size>
         <input_file_ref idref="fl-19"/>
      </object_component>
      <object_component id="oc-2bb">
         <name>.text:EUSCI_B_SPI_enable</name>
         <load_address>0x14a8</load_address>
         <run_address>0x14a8</run_address>
         <size>0x16</size>
         <input_file_ref idref="fl-19"/>
      </object_component>
      <object_component id="oc-dc">
         <name>.text:Graphics_setForegroundColor</name>
         <load_address>0x14be</load_address>
         <run_address>0x14be</run_address>
         <size>0x16</size>
         <input_file_ref idref="fl-12"/>
      </object_component>
      <object_component id="oc-18c">
         <name>.text:Graphics_translateColorOnDisplay</name>
         <load_address>0x14d4</load_address>
         <run_address>0x14d4</run_address>
         <size>0x16</size>
         <input_file_ref idref="fl-13"/>
      </object_component>
      <object_component id="oc-ee">
         <name>.text:Graphics_clearDisplay</name>
         <load_address>0x14ea</load_address>
         <run_address>0x14ea</run_address>
         <size>0x12</size>
         <input_file_ref idref="fl-12"/>
      </object_component>
      <object_component id="oc-1d">
         <name>.text:decompress:none:__TI_decompress_none</name>
         <load_address>0x14fc</load_address>
         <run_address>0x14fc</run_address>
         <size>0xe</size>
         <input_file_ref idref="fl-d1"/>
      </object_component>
      <object_component id="oc-67">
         <name>.text:Reset_Handler</name>
         <load_address>0x150a</load_address>
         <run_address>0x150a</run_address>
         <size>0xc</size>
         <input_file_ref idref="fl-6"/>
      </object_component>
      <object_component id="oc-1f1">
         <name>.text:Crystalfontz128x128_Flush</name>
         <load_address>0x1516</load_address>
         <run_address>0x1516</run_address>
         <size>0xa</size>
         <input_file_ref idref="fl-4"/>
      </object_component>
      <object_component id="oc-93">
         <name>.text:_system_pre_init</name>
         <load_address>0x1520</load_address>
         <run_address>0x1520</run_address>
         <size>0x4</size>
         <input_file_ref idref="fl-d7"/>
      </object_component>
      <object_component id="oc-10c">
         <name>.text:abort:abort</name>
         <load_address>0x1524</load_address>
         <run_address>0x1524</run_address>
         <size>0x4</size>
         <input_file_ref idref="fl-d9"/>
      </object_component>
      <object_component id="oc-1ff">
         <name>.const:.string:g_pucFontFixed6x8Data</name>
         <load_address>0x1528</load_address>
         <run_address>0x1528</run_address>
         <size>0x2f8</size>
         <input_file_ref idref="fl-14"/>
      </object_component>
      <object_component id="oc-103">
         <name>.const:g_sFontFixed6x8</name>
         <load_address>0x1820</load_address>
         <run_address>0x1820</run_address>
         <size>0xc8</size>
         <input_file_ref idref="fl-14"/>
      </object_component>
      <object_component id="oc-247">
         <name>.const:GPIO_PORT_TO_BASE</name>
         <load_address>0x18e8</load_address>
         <run_address>0x18e8</run_address>
         <size>0x30</size>
         <input_file_ref idref="fl-17"/>
      </object_component>
      <object_component id="oc-100">
         <name>.const:g_sCrystalfontz128x128_funcs</name>
         <load_address>0x1918</load_address>
         <run_address>0x1918</run_address>
         <size>0x20</size>
         <input_file_ref idref="fl-4"/>
      </object_component>
      <object_component id="oc-23e">
         <name>.const:$P$T0$1</name>
         <load_address>0x1938</load_address>
         <run_address>0x1938</run_address>
         <size>0x1c</size>
         <input_file_ref idref="fl-5"/>
      </object_component>
      <object_component id="oc-282">
         <name>.const:$P$T0$1</name>
         <load_address>0x1954</load_address>
         <run_address>0x1954</run_address>
         <size>0x8</size>
         <input_file_ref idref="fl-4"/>
      </object_component>
      <object_component id="oc-327">
         <name>.cinit..data.load</name>
         <load_address>0x1960</load_address>
         <run_address>0x1960</run_address>
         <size>0xd</size>
      </object_component>
      <object_component id="oc-325">
         <name>__TI_handler_table</name>
         <load_address>0x1970</load_address>
         <run_address>0x1970</run_address>
         <size>0xc</size>
      </object_component>
      <object_component id="oc-328">
         <name>.cinit..bss.load</name>
         <load_address>0x1980</load_address>
         <run_address>0x1980</run_address>
         <size>0x8</size>
      </object_component>
      <object_component id="oc-326">
         <name>__TI_cinit_table</name>
         <load_address>0x1988</load_address>
         <run_address>0x1988</run_address>
         <size>0x10</size>
      </object_component>
      <object_component id="oc-2f9">
         <name>.binit</name>
         <load_address>0x0</load_address>
         <run_address>0x0</run_address>
         <size>0x0</size>
      </object_component>
      <object_component id="oc-fd">
         <name>.data:g_sCrystalfontz128x128</name>
         <load_address>0x20000028</load_address>
         <run_address>0x20000028</run_address>
         <size>0x10</size>
         <input_file_ref idref="fl-4"/>
      </object_component>
      <object_component id="oc-fa">
         <name>.common:g_sContext</name>
         <uninitialized>true</uninitialized>
         <run_address>0x20000000</run_address>
         <size>0x1c</size>
      </object_component>
      <object_component id="oc-183">
         <name>.common:Lcd_Orientation</name>
         <uninitialized>true</uninitialized>
         <run_address>0x20000024</run_address>
         <size>0x1</size>
      </object_component>
      <object_component id="oc-17a">
         <name>.common:Lcd_ScreenWidth</name>
         <uninitialized>true</uninitialized>
         <run_address>0x2000001e</run_address>
         <size>0x2</size>
      </object_component>
      <object_component id="oc-17d">
         <name>.common:Lcd_ScreenHeigth</name>
         <uninitialized>true</uninitialized>
         <run_address>0x2000001c</run_address>
         <size>0x2</size>
      </object_component>
      <object_component id="oc-17e">
         <name>.common:Lcd_PenSolid</name>
         <uninitialized>true</uninitialized>
         <run_address>0x20000025</run_address>
         <size>0x1</size>
      </object_component>
      <object_component id="oc-17f">
         <name>.common:Lcd_FontSolid</name>
         <uninitialized>true</uninitialized>
         <run_address>0x20000023</run_address>
         <size>0x1</size>
      </object_component>
      <object_component id="oc-180">
         <name>.common:Lcd_FlagRead</name>
         <uninitialized>true</uninitialized>
         <run_address>0x20000022</run_address>
         <size>0x1</size>
      </object_component>
      <object_component id="oc-181">
         <name>.common:Lcd_TouchTrim</name>
         <uninitialized>true</uninitialized>
         <run_address>0x20000020</run_address>
         <size>0x2</size>
      </object_component>
      <object_component id="oc-29">
         <name>.stack</name>
         <uninitialized>true</uninitialized>
         <run_address>0x2003fe00</run_address>
         <size>0x4</size>
         <input_file_ref idref="fl-d3"/>
      </object_component>
      <object_component id="oc-32a">
         <name>.stack</name>
         <uninitialized>true</uninitialized>
         <run_address>0x2003fe00</run_address>
         <size>0x0</size>
      </object_component>
      <object_component id="oc-fb">
         <name>.debug_info</name>
         <load_address>0x0</load_address>
         <run_address>0x0</run_address>
         <size>0x9e2</size>
         <input_file_ref idref="fl-2"/>
      </object_component>
      <object_component id="oc-9a">
         <name>.debug_info</name>
         <load_address>0x9e2</load_address>
         <run_address>0x9e2</run_address>
         <size>0x293</size>
         <input_file_ref idref="fl-2"/>
      </object_component>
      <object_component id="oc-1bc">
         <name>.debug_info</name>
         <load_address>0xc75</load_address>
         <run_address>0xc75</run_address>
         <size>0x3c27</size>
         <input_file_ref idref="fl-2"/>
      </object_component>
      <object_component id="oc-b5">
         <name>.debug_info</name>
         <load_address>0x489c</load_address>
         <run_address>0x489c</run_address>
         <size>0x26b</size>
         <input_file_ref idref="fl-2"/>
      </object_component>
      <object_component id="oc-1c1">
         <name>.debug_info</name>
         <load_address>0x4b07</load_address>
         <run_address>0x4b07</run_address>
         <size>0x1028</size>
         <input_file_ref idref="fl-2"/>
      </object_component>
      <object_component id="oc-1c6">
         <name>.debug_info</name>
         <load_address>0x5b2f</load_address>
         <run_address>0x5b2f</run_address>
         <size>0x439</size>
         <input_file_ref idref="fl-2"/>
      </object_component>
      <object_component id="oc-107">
         <name>.debug_info</name>
         <load_address>0x5f68</load_address>
         <run_address>0x5f68</run_address>
         <size>0x8b</size>
         <input_file_ref idref="fl-2"/>
      </object_component>
      <object_component id="oc-14b">
         <name>.debug_info</name>
         <load_address>0x5ff3</load_address>
         <run_address>0x5ff3</run_address>
         <size>0x2a4</size>
         <input_file_ref idref="fl-2"/>
      </object_component>
      <object_component id="oc-25b">
         <name>.debug_info</name>
         <load_address>0x6297</load_address>
         <run_address>0x6297</run_address>
         <size>0xef</size>
         <input_file_ref idref="fl-2"/>
      </object_component>
      <object_component id="oc-185">
         <name>.debug_info</name>
         <load_address>0x6386</load_address>
         <run_address>0x6386</run_address>
         <size>0xbb</size>
         <input_file_ref idref="fl-2"/>
      </object_component>
      <object_component id="oc-242">
         <name>.debug_info</name>
         <load_address>0x6441</load_address>
         <run_address>0x6441</run_address>
         <size>0x131</size>
         <input_file_ref idref="fl-2"/>
      </object_component>
      <object_component id="oc-ac">
         <name>.debug_info</name>
         <load_address>0x6572</load_address>
         <run_address>0x6572</run_address>
         <size>0x12a</size>
         <input_file_ref idref="fl-3"/>
      </object_component>
      <object_component id="oc-32">
         <name>.debug_info</name>
         <load_address>0x669c</load_address>
         <run_address>0x669c</run_address>
         <size>0x84</size>
         <input_file_ref idref="fl-3"/>
      </object_component>
      <object_component id="oc-17b">
         <name>.debug_info</name>
         <load_address>0x6720</load_address>
         <run_address>0x6720</run_address>
         <size>0x960</size>
         <input_file_ref idref="fl-4"/>
      </object_component>
      <object_component id="oc-fe">
         <name>.debug_info</name>
         <load_address>0x7080</load_address>
         <run_address>0x7080</run_address>
         <size>0x10c</size>
         <input_file_ref idref="fl-4"/>
      </object_component>
      <object_component id="oc-101">
         <name>.debug_info</name>
         <load_address>0x718c</load_address>
         <run_address>0x718c</run_address>
         <size>0x118</size>
         <input_file_ref idref="fl-4"/>
      </object_component>
      <object_component id="oc-283">
         <name>.debug_info</name>
         <load_address>0x72a4</load_address>
         <run_address>0x72a4</run_address>
         <size>0xed</size>
         <input_file_ref idref="fl-4"/>
      </object_component>
      <object_component id="oc-cb">
         <name>.debug_info</name>
         <load_address>0x7391</load_address>
         <run_address>0x7391</run_address>
         <size>0x3df</size>
         <input_file_ref idref="fl-4"/>
      </object_component>
      <object_component id="oc-175">
         <name>.debug_info</name>
         <load_address>0x7770</load_address>
         <run_address>0x7770</run_address>
         <size>0x2eb</size>
         <input_file_ref idref="fl-4"/>
      </object_component>
      <object_component id="oc-d1">
         <name>.debug_info</name>
         <load_address>0x7a5b</load_address>
         <run_address>0x7a5b</run_address>
         <size>0x247</size>
         <input_file_ref idref="fl-4"/>
      </object_component>
      <object_component id="oc-1ce">
         <name>.debug_info</name>
         <load_address>0x7ca2</load_address>
         <run_address>0x7ca2</run_address>
         <size>0x28c</size>
         <input_file_ref idref="fl-4"/>
      </object_component>
      <object_component id="oc-1d4">
         <name>.debug_info</name>
         <load_address>0x7f2e</load_address>
         <run_address>0x7f2e</run_address>
         <size>0x3ef</size>
         <input_file_ref idref="fl-4"/>
      </object_component>
      <object_component id="oc-1da">
         <name>.debug_info</name>
         <load_address>0x831d</load_address>
         <run_address>0x831d</run_address>
         <size>0x2a7</size>
         <input_file_ref idref="fl-4"/>
      </object_component>
      <object_component id="oc-1e0">
         <name>.debug_info</name>
         <load_address>0x85c4</load_address>
         <run_address>0x85c4</run_address>
         <size>0x2a7</size>
         <input_file_ref idref="fl-4"/>
      </object_component>
      <object_component id="oc-1e6">
         <name>.debug_info</name>
         <load_address>0x886b</load_address>
         <run_address>0x886b</run_address>
         <size>0x2d8</size>
         <input_file_ref idref="fl-4"/>
      </object_component>
      <object_component id="oc-1ec">
         <name>.debug_info</name>
         <load_address>0x8b43</load_address>
         <run_address>0x8b43</run_address>
         <size>0x1f5</size>
         <input_file_ref idref="fl-4"/>
      </object_component>
      <object_component id="oc-1f2">
         <name>.debug_info</name>
         <load_address>0x8d38</load_address>
         <run_address>0x8d38</run_address>
         <size>0x1b0</size>
         <input_file_ref idref="fl-4"/>
      </object_component>
      <object_component id="oc-1f8">
         <name>.debug_info</name>
         <load_address>0x8ee8</load_address>
         <run_address>0x8ee8</run_address>
         <size>0x220</size>
         <input_file_ref idref="fl-4"/>
      </object_component>
      <object_component id="oc-256">
         <name>.debug_info</name>
         <load_address>0x9108</load_address>
         <run_address>0x9108</run_address>
         <size>0x3c27</size>
         <input_file_ref idref="fl-4"/>
      </object_component>
      <object_component id="oc-2c4">
         <name>.debug_info</name>
         <load_address>0xcd2f</load_address>
         <run_address>0xcd2f</run_address>
         <size>0x8a6</size>
         <input_file_ref idref="fl-5"/>
      </object_component>
      <object_component id="oc-23f">
         <name>.debug_info</name>
         <load_address>0xd5d5</load_address>
         <run_address>0xd5d5</run_address>
         <size>0x100</size>
         <input_file_ref idref="fl-5"/>
      </object_component>
      <object_component id="oc-151">
         <name>.debug_info</name>
         <load_address>0xd6d5</load_address>
         <run_address>0xd6d5</run_address>
         <size>0x257</size>
         <input_file_ref idref="fl-5"/>
      </object_component>
      <object_component id="oc-157">
         <name>.debug_info</name>
         <load_address>0xd92c</load_address>
         <run_address>0xd92c</run_address>
         <size>0x220</size>
         <input_file_ref idref="fl-5"/>
      </object_component>
      <object_component id="oc-169">
         <name>.debug_info</name>
         <load_address>0xdb4c</load_address>
         <run_address>0xdb4c</run_address>
         <size>0x217</size>
         <input_file_ref idref="fl-5"/>
      </object_component>
      <object_component id="oc-16f">
         <name>.debug_info</name>
         <load_address>0xdd63</load_address>
         <run_address>0xdd63</run_address>
         <size>0x1ca</size>
         <input_file_ref idref="fl-5"/>
      </object_component>
      <object_component id="oc-75">
         <name>.debug_info</name>
         <load_address>0xdf2d</load_address>
         <run_address>0xdf2d</run_address>
         <size>0x2ca</size>
         <input_file_ref idref="fl-6"/>
      </object_component>
      <object_component id="oc-27">
         <name>.debug_info</name>
         <load_address>0xe1f7</load_address>
         <run_address>0xe1f7</run_address>
         <size>0xf6</size>
         <input_file_ref idref="fl-6"/>
      </object_component>
      <object_component id="oc-69">
         <name>.debug_info</name>
         <load_address>0xe2ed</load_address>
         <run_address>0xe2ed</run_address>
         <size>0x159</size>
         <input_file_ref idref="fl-6"/>
      </object_component>
      <object_component id="oc-71">
         <name>.debug_info</name>
         <load_address>0xe446</load_address>
         <run_address>0xe446</run_address>
         <size>0x141</size>
         <input_file_ref idref="fl-6"/>
      </object_component>
      <object_component id="oc-18b">
         <name>.debug_info</name>
         <load_address>0xe587</load_address>
         <run_address>0xe587</run_address>
         <size>0x561</size>
         <input_file_ref idref="fl-12"/>
      </object_component>
      <object_component id="oc-d8">
         <name>.debug_info</name>
         <load_address>0xeae8</load_address>
         <run_address>0xeae8</run_address>
         <size>0x1ef</size>
         <input_file_ref idref="fl-12"/>
      </object_component>
      <object_component id="oc-e4">
         <name>.debug_info</name>
         <load_address>0xecd7</load_address>
         <run_address>0xecd7</run_address>
         <size>0x203</size>
         <input_file_ref idref="fl-12"/>
      </object_component>
      <object_component id="oc-ea">
         <name>.debug_info</name>
         <load_address>0xeeda</load_address>
         <run_address>0xeeda</run_address>
         <size>0x1d0</size>
         <input_file_ref idref="fl-12"/>
      </object_component>
      <object_component id="oc-de">
         <name>.debug_info</name>
         <load_address>0xf0aa</load_address>
         <run_address>0xf0aa</run_address>
         <size>0x1f6</size>
         <input_file_ref idref="fl-12"/>
      </object_component>
      <object_component id="oc-f0">
         <name>.debug_info</name>
         <load_address>0xf2a0</load_address>
         <run_address>0xf2a0</run_address>
         <size>0x1c3</size>
         <input_file_ref idref="fl-12"/>
      </object_component>
      <object_component id="oc-262">
         <name>.debug_info</name>
         <load_address>0xf463</load_address>
         <run_address>0xf463</run_address>
         <size>0x26b</size>
         <input_file_ref idref="fl-12"/>
      </object_component>
      <object_component id="oc-1b5">
         <name>.debug_info</name>
         <load_address>0xf6ce</load_address>
         <run_address>0xf6ce</run_address>
         <size>0x439</size>
         <input_file_ref idref="fl-12"/>
      </object_component>
      <object_component id="oc-269">
         <name>.debug_info</name>
         <load_address>0xfb07</load_address>
         <run_address>0xfb07</run_address>
         <size>0x297</size>
         <input_file_ref idref="fl-12"/>
      </object_component>
      <object_component id="oc-24b">
         <name>.debug_info</name>
         <load_address>0xfd9e</load_address>
         <run_address>0xfd9e</run_address>
         <size>0xef</size>
         <input_file_ref idref="fl-12"/>
      </object_component>
      <object_component id="oc-193">
         <name>.debug_info</name>
         <load_address>0xfe8d</load_address>
         <run_address>0xfe8d</run_address>
         <size>0xbb</size>
         <input_file_ref idref="fl-12"/>
      </object_component>
      <object_component id="oc-268">
         <name>.debug_info</name>
         <load_address>0xff48</load_address>
         <run_address>0xff48</run_address>
         <size>0x3fb</size>
         <input_file_ref idref="fl-13"/>
      </object_component>
      <object_component id="oc-1af">
         <name>.debug_info</name>
         <load_address>0x10343</load_address>
         <run_address>0x10343</run_address>
         <size>0x203</size>
         <input_file_ref idref="fl-13"/>
      </object_component>
      <object_component id="oc-272">
         <name>.debug_info</name>
         <load_address>0x10546</load_address>
         <run_address>0x10546</run_address>
         <size>0x221</size>
         <input_file_ref idref="fl-13"/>
      </object_component>
      <object_component id="oc-18f">
         <name>.debug_info</name>
         <load_address>0x10767</load_address>
         <run_address>0x10767</run_address>
         <size>0x1e3</size>
         <input_file_ref idref="fl-13"/>
      </object_component>
      <object_component id="oc-19d">
         <name>.debug_info</name>
         <load_address>0x1094a</load_address>
         <run_address>0x1094a</run_address>
         <size>0x1db</size>
         <input_file_ref idref="fl-13"/>
      </object_component>
      <object_component id="oc-204">
         <name>.debug_info</name>
         <load_address>0x10b25</load_address>
         <run_address>0x10b25</run_address>
         <size>0x27c</size>
         <input_file_ref idref="fl-14"/>
      </object_component>
      <object_component id="oc-200">
         <name>.debug_info</name>
         <load_address>0x10da1</load_address>
         <run_address>0x10da1</run_address>
         <size>0x13a</size>
         <input_file_ref idref="fl-14"/>
      </object_component>
      <object_component id="oc-104">
         <name>.debug_info</name>
         <load_address>0x10edb</load_address>
         <run_address>0x10edb</run_address>
         <size>0x12f</size>
         <input_file_ref idref="fl-14"/>
      </object_component>
      <object_component id="oc-1b4">
         <name>.debug_info</name>
         <load_address>0x1100a</load_address>
         <run_address>0x1100a</run_address>
         <size>0x4ba</size>
         <input_file_ref idref="fl-15"/>
      </object_component>
      <object_component id="oc-1a3">
         <name>.debug_info</name>
         <load_address>0x114c4</load_address>
         <run_address>0x114c4</run_address>
         <size>0x1c5</size>
         <input_file_ref idref="fl-15"/>
      </object_component>
      <object_component id="oc-f5">
         <name>.debug_info</name>
         <load_address>0x11689</load_address>
         <run_address>0x11689</run_address>
         <size>0x42a</size>
         <input_file_ref idref="fl-15"/>
      </object_component>
      <object_component id="oc-277">
         <name>.debug_info</name>
         <load_address>0x11ab3</load_address>
         <run_address>0x11ab3</run_address>
         <size>0x53b</size>
         <input_file_ref idref="fl-16"/>
      </object_component>
      <object_component id="oc-1a8">
         <name>.debug_info</name>
         <load_address>0x11fee</load_address>
         <run_address>0x11fee</run_address>
         <size>0x216</size>
         <input_file_ref idref="fl-16"/>
      </object_component>
      <object_component id="oc-2c7">
         <name>.debug_info</name>
         <load_address>0x12204</load_address>
         <run_address>0x12204</run_address>
         <size>0x701</size>
         <input_file_ref idref="fl-17"/>
      </object_component>
      <object_component id="oc-248">
         <name>.debug_info</name>
         <load_address>0x12905</load_address>
         <run_address>0x12905</run_address>
         <size>0x135</size>
         <input_file_ref idref="fl-17"/>
      </object_component>
      <object_component id="oc-22e">
         <name>.debug_info</name>
         <load_address>0x12a3a</load_address>
         <run_address>0x12a3a</run_address>
         <size>0x252</size>
         <input_file_ref idref="fl-17"/>
      </object_component>
      <object_component id="oc-228">
         <name>.debug_info</name>
         <load_address>0x12c8c</load_address>
         <run_address>0x12c8c</run_address>
         <size>0x2a5</size>
         <input_file_ref idref="fl-17"/>
      </object_component>
      <object_component id="oc-165">
         <name>.debug_info</name>
         <load_address>0x12f31</load_address>
         <run_address>0x12f31</run_address>
         <size>0x25a</size>
         <input_file_ref idref="fl-17"/>
      </object_component>
      <object_component id="oc-15f">
         <name>.debug_info</name>
         <load_address>0x1318b</load_address>
         <run_address>0x1318b</run_address>
         <size>0x258</size>
         <input_file_ref idref="fl-17"/>
      </object_component>
      <object_component id="oc-2e6">
         <name>.debug_info</name>
         <load_address>0x133e3</load_address>
         <run_address>0x133e3</run_address>
         <size>0x1028</size>
         <input_file_ref idref="fl-17"/>
      </object_component>
      <object_component id="oc-2e1">
         <name>.debug_info</name>
         <load_address>0x1440b</load_address>
         <run_address>0x1440b</run_address>
         <size>0x431a</size>
         <input_file_ref idref="fl-17"/>
      </object_component>
      <object_component id="oc-2b4">
         <name>.debug_info</name>
         <load_address>0x18725</load_address>
         <run_address>0x18725</run_address>
         <size>0x6f5</size>
         <input_file_ref idref="fl-19"/>
      </object_component>
      <object_component id="oc-2af">
         <name>.debug_info</name>
         <load_address>0x18e1a</load_address>
         <run_address>0x18e1a</run_address>
         <size>0x1c7</size>
         <input_file_ref idref="fl-19"/>
      </object_component>
      <object_component id="oc-234">
         <name>.debug_info</name>
         <load_address>0x18fe1</load_address>
         <run_address>0x18fe1</run_address>
         <size>0x22b</size>
         <input_file_ref idref="fl-19"/>
      </object_component>
      <object_component id="oc-23a">
         <name>.debug_info</name>
         <load_address>0x1920c</load_address>
         <run_address>0x1920c</run_address>
         <size>0x235</size>
         <input_file_ref idref="fl-19"/>
      </object_component>
      <object_component id="oc-2bc">
         <name>.debug_info</name>
         <load_address>0x19441</load_address>
         <run_address>0x19441</run_address>
         <size>0x1e9</size>
         <input_file_ref idref="fl-19"/>
      </object_component>
      <object_component id="oc-2b6">
         <name>.debug_info</name>
         <load_address>0x1962a</load_address>
         <run_address>0x1962a</run_address>
         <size>0x1e9</size>
         <input_file_ref idref="fl-19"/>
      </object_component>
      <object_component id="oc-2eb">
         <name>.debug_info</name>
         <load_address>0x19813</load_address>
         <run_address>0x19813</run_address>
         <size>0x131</size>
         <input_file_ref idref="fl-19"/>
      </object_component>
      <object_component id="oc-8c">
         <name>.debug_info</name>
         <load_address>0x19944</load_address>
         <run_address>0x19944</run_address>
         <size>0x2d4</size>
         <input_file_ref idref="fl-d0"/>
      </object_component>
      <object_component id="oc-45">
         <name>.debug_info</name>
         <load_address>0x19c18</load_address>
         <run_address>0x19c18</run_address>
         <size>0x1d2</size>
         <input_file_ref idref="fl-d0"/>
      </object_component>
      <object_component id="oc-87">
         <name>.debug_info</name>
         <load_address>0x19dea</load_address>
         <run_address>0x19dea</run_address>
         <size>0x46</size>
         <input_file_ref idref="fl-d0"/>
      </object_component>
      <object_component id="oc-c1">
         <name>.debug_info</name>
         <load_address>0x19e30</load_address>
         <run_address>0x19e30</run_address>
         <size>0x2c</size>
         <input_file_ref idref="fl-d0"/>
      </object_component>
      <object_component id="oc-42">
         <name>.debug_info</name>
         <load_address>0x19e5c</load_address>
         <run_address>0x19e5c</run_address>
         <size>0x2a8</size>
         <input_file_ref idref="fl-d1"/>
      </object_component>
      <object_component id="oc-1e">
         <name>.debug_info</name>
         <load_address>0x1a104</load_address>
         <run_address>0x1a104</run_address>
         <size>0x1ea</size>
         <input_file_ref idref="fl-d1"/>
      </object_component>
      <object_component id="oc-3d">
         <name>.debug_info</name>
         <load_address>0x1a2ee</load_address>
         <run_address>0x1a2ee</run_address>
         <size>0x46</size>
         <input_file_ref idref="fl-d1"/>
      </object_component>
      <object_component id="oc-7f">
         <name>.debug_info</name>
         <load_address>0x1a334</load_address>
         <run_address>0x1a334</run_address>
         <size>0x2c</size>
         <input_file_ref idref="fl-d1"/>
      </object_component>
      <object_component id="oc-7d">
         <name>.debug_info</name>
         <load_address>0x1a360</load_address>
         <run_address>0x1a360</run_address>
         <size>0x29e</size>
         <input_file_ref idref="fl-d2"/>
      </object_component>
      <object_component id="oc-1a">
         <name>.debug_info</name>
         <load_address>0x1a5fe</load_address>
         <run_address>0x1a5fe</run_address>
         <size>0x250</size>
         <input_file_ref idref="fl-d2"/>
      </object_component>
      <object_component id="oc-2d">
         <name>.debug_info</name>
         <load_address>0x1a84e</load_address>
         <run_address>0x1a84e</run_address>
         <size>0x60</size>
         <input_file_ref idref="fl-d2"/>
      </object_component>
      <object_component id="oc-ba">
         <name>.debug_info</name>
         <load_address>0x1a8ae</load_address>
         <run_address>0x1a8ae</run_address>
         <size>0x46</size>
         <input_file_ref idref="fl-d2"/>
      </object_component>
      <object_component id="oc-78">
         <name>.debug_info</name>
         <load_address>0x1a8f4</load_address>
         <run_address>0x1a8f4</run_address>
         <size>0x39</size>
         <input_file_ref idref="fl-d2"/>
      </object_component>
      <object_component id="oc-2a">
         <name>.debug_info</name>
         <load_address>0x1a92d</load_address>
         <run_address>0x1a92d</run_address>
         <size>0x10b</size>
         <input_file_ref idref="fl-d3"/>
      </object_component>
      <object_component id="oc-58">
         <name>.debug_info</name>
         <load_address>0x1aa38</load_address>
         <run_address>0x1aa38</run_address>
         <size>0x1a9</size>
         <input_file_ref idref="fl-d3"/>
      </object_component>
      <object_component id="oc-38">
         <name>.debug_info</name>
         <load_address>0x1abe1</load_address>
         <run_address>0x1abe1</run_address>
         <size>0x119</size>
         <input_file_ref idref="fl-d4"/>
      </object_component>
      <object_component id="oc-210">
         <name>.debug_info</name>
         <load_address>0x1acfa</load_address>
         <run_address>0x1acfa</run_address>
         <size>0x4b3</size>
         <input_file_ref idref="fl-d6"/>
      </object_component>
      <object_component id="oc-119">
         <name>.debug_info</name>
         <load_address>0x1b1ad</load_address>
         <run_address>0x1b1ad</run_address>
         <size>0x1a6</size>
         <input_file_ref idref="fl-d6"/>
      </object_component>
      <object_component id="oc-29a">
         <name>.debug_info</name>
         <load_address>0x1b353</load_address>
         <run_address>0x1b353</run_address>
         <size>0x39</size>
         <input_file_ref idref="fl-d6"/>
      </object_component>
      <object_component id="oc-2d2">
         <name>.debug_info</name>
         <load_address>0x1b38c</load_address>
         <run_address>0x1b38c</run_address>
         <size>0x39</size>
         <input_file_ref idref="fl-d6"/>
      </object_component>
      <object_component id="oc-29f">
         <name>.debug_info</name>
         <load_address>0x1b3c5</load_address>
         <run_address>0x1b3c5</run_address>
         <size>0x39</size>
         <input_file_ref idref="fl-d6"/>
      </object_component>
      <object_component id="oc-2a4">
         <name>.debug_info</name>
         <load_address>0x1b3fe</load_address>
         <run_address>0x1b3fe</run_address>
         <size>0xcd</size>
         <input_file_ref idref="fl-d6"/>
      </object_component>
      <object_component id="oc-96">
         <name>.debug_info</name>
         <load_address>0x1b4cb</load_address>
         <run_address>0x1b4cb</run_address>
         <size>0x153</size>
         <input_file_ref idref="fl-d7"/>
      </object_component>
      <object_component id="oc-10e">
         <name>.debug_info</name>
         <load_address>0x1b61e</load_address>
         <run_address>0x1b61e</run_address>
         <size>0x122</size>
         <input_file_ref idref="fl-d9"/>
      </object_component>
      <object_component id="oc-32b">
         <name>.debug_info</name>
         <load_address>0x1b740</load_address>
         <run_address>0x1b740</run_address>
         <size>0x9e</size>
      </object_component>
      <object_component id="oc-1bb">
         <name>.debug_line</name>
         <load_address>0x0</load_address>
         <run_address>0x0</run_address>
         <size>0x9e</size>
         <input_file_ref idref="fl-2"/>
      </object_component>
      <object_component id="oc-9d">
         <name>.debug_line</name>
         <load_address>0x9e</load_address>
         <run_address>0x9e</run_address>
         <size>0x92</size>
         <input_file_ref idref="fl-2"/>
      </object_component>
      <object_component id="oc-1bf">
         <name>.debug_line</name>
         <load_address>0x130</load_address>
         <run_address>0x130</run_address>
         <size>0x7b</size>
         <input_file_ref idref="fl-2"/>
      </object_component>
      <object_component id="oc-b8">
         <name>.debug_line</name>
         <load_address>0x1ab</load_address>
         <run_address>0x1ab</run_address>
         <size>0x6f</size>
         <input_file_ref idref="fl-2"/>
      </object_component>
      <object_component id="oc-1c4">
         <name>.debug_line</name>
         <load_address>0x21a</load_address>
         <run_address>0x21a</run_address>
         <size>0x78</size>
         <input_file_ref idref="fl-2"/>
      </object_component>
      <object_component id="oc-1c9">
         <name>.debug_line</name>
         <load_address>0x292</load_address>
         <run_address>0x292</run_address>
         <size>0x64</size>
         <input_file_ref idref="fl-2"/>
      </object_component>
      <object_component id="oc-10a">
         <name>.debug_line</name>
         <load_address>0x2f6</load_address>
         <run_address>0x2f6</run_address>
         <size>0x20</size>
         <input_file_ref idref="fl-2"/>
      </object_component>
      <object_component id="oc-14e">
         <name>.debug_line</name>
         <load_address>0x316</load_address>
         <run_address>0x316</run_address>
         <size>0x73</size>
         <input_file_ref idref="fl-2"/>
      </object_component>
      <object_component id="oc-25e">
         <name>.debug_line</name>
         <load_address>0x389</load_address>
         <run_address>0x389</run_address>
         <size>0x6f</size>
         <input_file_ref idref="fl-2"/>
      </object_component>
      <object_component id="oc-188">
         <name>.debug_line</name>
         <load_address>0x3f8</load_address>
         <run_address>0x3f8</run_address>
         <size>0x70</size>
         <input_file_ref idref="fl-2"/>
      </object_component>
      <object_component id="oc-245">
         <name>.debug_line</name>
         <load_address>0x468</load_address>
         <run_address>0x468</run_address>
         <size>0x79</size>
         <input_file_ref idref="fl-2"/>
      </object_component>
      <object_component id="oc-b0">
         <name>.debug_line</name>
         <load_address>0x4e1</load_address>
         <run_address>0x4e1</run_address>
         <size>0x72</size>
         <input_file_ref idref="fl-3"/>
      </object_component>
      <object_component id="oc-35">
         <name>.debug_line</name>
         <load_address>0x553</load_address>
         <run_address>0x553</run_address>
         <size>0x20</size>
         <input_file_ref idref="fl-3"/>
      </object_component>
      <object_component id="oc-255">
         <name>.debug_line</name>
         <load_address>0x573</load_address>
         <run_address>0x573</run_address>
         <size>0xe8</size>
         <input_file_ref idref="fl-4"/>
      </object_component>
      <object_component id="oc-1cc">
         <name>.debug_line</name>
         <load_address>0x65b</load_address>
         <run_address>0x65b</run_address>
         <size>0x4d</size>
         <input_file_ref idref="fl-4"/>
      </object_component>
      <object_component id="oc-1fe">
         <name>.debug_line</name>
         <load_address>0x6a8</load_address>
         <run_address>0x6a8</run_address>
         <size>0x4d</size>
         <input_file_ref idref="fl-4"/>
      </object_component>
      <object_component id="oc-2ce">
         <name>.debug_line</name>
         <load_address>0x6f5</load_address>
         <run_address>0x6f5</run_address>
         <size>0x4d</size>
         <input_file_ref idref="fl-4"/>
      </object_component>
      <object_component id="oc-ce">
         <name>.debug_line</name>
         <load_address>0x742</load_address>
         <run_address>0x742</run_address>
         <size>0x95</size>
         <input_file_ref idref="fl-4"/>
      </object_component>
      <object_component id="oc-178">
         <name>.debug_line</name>
         <load_address>0x7d7</load_address>
         <run_address>0x7d7</run_address>
         <size>0x8e</size>
         <input_file_ref idref="fl-4"/>
      </object_component>
      <object_component id="oc-d5">
         <name>.debug_line</name>
         <load_address>0x865</load_address>
         <run_address>0x865</run_address>
         <size>0x71</size>
         <input_file_ref idref="fl-4"/>
      </object_component>
      <object_component id="oc-1d2">
         <name>.debug_line</name>
         <load_address>0x8d6</load_address>
         <run_address>0x8d6</run_address>
         <size>0x68</size>
         <input_file_ref idref="fl-4"/>
      </object_component>
      <object_component id="oc-1d7">
         <name>.debug_line</name>
         <load_address>0x93e</load_address>
         <run_address>0x93e</run_address>
         <size>0x103</size>
         <input_file_ref idref="fl-4"/>
      </object_component>
      <object_component id="oc-1de">
         <name>.debug_line</name>
         <load_address>0xa41</load_address>
         <run_address>0xa41</run_address>
         <size>0x73</size>
         <input_file_ref idref="fl-4"/>
      </object_component>
      <object_component id="oc-1e4">
         <name>.debug_line</name>
         <load_address>0xab4</load_address>
         <run_address>0xab4</run_address>
         <size>0x73</size>
         <input_file_ref idref="fl-4"/>
      </object_component>
      <object_component id="oc-1ea">
         <name>.debug_line</name>
         <load_address>0xb27</load_address>
         <run_address>0xb27</run_address>
         <size>0x7e</size>
         <input_file_ref idref="fl-4"/>
      </object_component>
      <object_component id="oc-1ef">
         <name>.debug_line</name>
         <load_address>0xba5</load_address>
         <run_address>0xba5</run_address>
         <size>0x65</size>
         <input_file_ref idref="fl-4"/>
      </object_component>
      <object_component id="oc-1f6">
         <name>.debug_line</name>
         <load_address>0xc0a</load_address>
         <run_address>0xc0a</run_address>
         <size>0x60</size>
         <input_file_ref idref="fl-4"/>
      </object_component>
      <object_component id="oc-1fc">
         <name>.debug_line</name>
         <load_address>0xc6a</load_address>
         <run_address>0xc6a</run_address>
         <size>0x68</size>
         <input_file_ref idref="fl-4"/>
      </object_component>
      <object_component id="oc-259">
         <name>.debug_line</name>
         <load_address>0xcd2</load_address>
         <run_address>0xcd2</run_address>
         <size>0x7b</size>
         <input_file_ref idref="fl-4"/>
      </object_component>
      <object_component id="oc-2f3">
         <name>.debug_line</name>
         <load_address>0xd4d</load_address>
         <run_address>0xd4d</run_address>
         <size>0xd3</size>
         <input_file_ref idref="fl-5"/>
      </object_component>
      <object_component id="oc-2c3">
         <name>.debug_line</name>
         <load_address>0xe20</load_address>
         <run_address>0xe20</run_address>
         <size>0x61</size>
         <input_file_ref idref="fl-5"/>
      </object_component>
      <object_component id="oc-154">
         <name>.debug_line</name>
         <load_address>0xe81</load_address>
         <run_address>0xe81</run_address>
         <size>0x7c</size>
         <input_file_ref idref="fl-5"/>
      </object_component>
      <object_component id="oc-15a">
         <name>.debug_line</name>
         <load_address>0xefd</load_address>
         <run_address>0xefd</run_address>
         <size>0x7e</size>
         <input_file_ref idref="fl-5"/>
      </object_component>
      <object_component id="oc-16d">
         <name>.debug_line</name>
         <load_address>0xf7b</load_address>
         <run_address>0xf7b</run_address>
         <size>0x7d</size>
         <input_file_ref idref="fl-5"/>
      </object_component>
      <object_component id="oc-172">
         <name>.debug_line</name>
         <load_address>0xff8</load_address>
         <run_address>0xff8</run_address>
         <size>0x7b</size>
         <input_file_ref idref="fl-5"/>
      </object_component>
      <object_component id="oc-b4">
         <name>.debug_line</name>
         <load_address>0x1073</load_address>
         <run_address>0x1073</run_address>
         <size>0x44</size>
         <input_file_ref idref="fl-6"/>
      </object_component>
      <object_component id="oc-74">
         <name>.debug_line</name>
         <load_address>0x10b7</load_address>
         <run_address>0x10b7</run_address>
         <size>0x44</size>
         <input_file_ref idref="fl-6"/>
      </object_component>
      <object_component id="oc-6c">
         <name>.debug_line</name>
         <load_address>0x10fb</load_address>
         <run_address>0x10fb</run_address>
         <size>0x5d</size>
         <input_file_ref idref="fl-6"/>
      </object_component>
      <object_component id="oc-6f">
         <name>.debug_line</name>
         <load_address>0x1158</load_address>
         <run_address>0x1158</run_address>
         <size>0x59</size>
         <input_file_ref idref="fl-6"/>
      </object_component>
      <object_component id="oc-261">
         <name>.debug_line</name>
         <load_address>0x11b1</load_address>
         <run_address>0x11b1</run_address>
         <size>0x8a</size>
         <input_file_ref idref="fl-12"/>
      </object_component>
      <object_component id="oc-db">
         <name>.debug_line</name>
         <load_address>0x123b</load_address>
         <run_address>0x123b</run_address>
         <size>0x58</size>
         <input_file_ref idref="fl-12"/>
      </object_component>
      <object_component id="oc-e6">
         <name>.debug_line</name>
         <load_address>0x1293</load_address>
         <run_address>0x1293</run_address>
         <size>0x51</size>
         <input_file_ref idref="fl-12"/>
      </object_component>
      <object_component id="oc-ec">
         <name>.debug_line</name>
         <load_address>0x12e4</load_address>
         <run_address>0x12e4</run_address>
         <size>0x54</size>
         <input_file_ref idref="fl-12"/>
      </object_component>
      <object_component id="oc-e0">
         <name>.debug_line</name>
         <load_address>0x1338</load_address>
         <run_address>0x1338</run_address>
         <size>0x4e</size>
         <input_file_ref idref="fl-12"/>
      </object_component>
      <object_component id="oc-f3">
         <name>.debug_line</name>
         <load_address>0x1386</load_address>
         <run_address>0x1386</run_address>
         <size>0x4e</size>
         <input_file_ref idref="fl-12"/>
      </object_component>
      <object_component id="oc-265">
         <name>.debug_line</name>
         <load_address>0x13d4</load_address>
         <run_address>0x13d4</run_address>
         <size>0x5d</size>
         <input_file_ref idref="fl-12"/>
      </object_component>
      <object_component id="oc-1b8">
         <name>.debug_line</name>
         <load_address>0x1431</load_address>
         <run_address>0x1431</run_address>
         <size>0x8a</size>
         <input_file_ref idref="fl-12"/>
      </object_component>
      <object_component id="oc-26c">
         <name>.debug_line</name>
         <load_address>0x14bb</load_address>
         <run_address>0x14bb</run_address>
         <size>0x61</size>
         <input_file_ref idref="fl-12"/>
      </object_component>
      <object_component id="oc-24e">
         <name>.debug_line</name>
         <load_address>0x151c</load_address>
         <run_address>0x151c</run_address>
         <size>0x5d</size>
         <input_file_ref idref="fl-12"/>
      </object_component>
      <object_component id="oc-196">
         <name>.debug_line</name>
         <load_address>0x1579</load_address>
         <run_address>0x1579</run_address>
         <size>0x5e</size>
         <input_file_ref idref="fl-12"/>
      </object_component>
      <object_component id="oc-2c9">
         <name>.debug_line</name>
         <load_address>0x15d7</load_address>
         <run_address>0x15d7</run_address>
         <size>0x20</size>
         <input_file_ref idref="fl-13"/>
      </object_component>
      <object_component id="oc-1b1">
         <name>.debug_line</name>
         <load_address>0x15f7</load_address>
         <run_address>0x15f7</run_address>
         <size>0x4d</size>
         <input_file_ref idref="fl-13"/>
      </object_component>
      <object_component id="oc-274">
         <name>.debug_line</name>
         <load_address>0x1644</load_address>
         <run_address>0x1644</run_address>
         <size>0x4e</size>
         <input_file_ref idref="fl-13"/>
      </object_component>
      <object_component id="oc-18e">
         <name>.debug_line</name>
         <load_address>0x1692</load_address>
         <run_address>0x1692</run_address>
         <size>0x4e</size>
         <input_file_ref idref="fl-13"/>
      </object_component>
      <object_component id="oc-19c">
         <name>.debug_line</name>
         <load_address>0x16e0</load_address>
         <run_address>0x16e0</run_address>
         <size>0x4e</size>
         <input_file_ref idref="fl-13"/>
      </object_component>
      <object_component id="oc-289">
         <name>.debug_line</name>
         <load_address>0x172e</load_address>
         <run_address>0x172e</run_address>
         <size>0x20</size>
         <input_file_ref idref="fl-14"/>
      </object_component>
      <object_component id="oc-287">
         <name>.debug_line</name>
         <load_address>0x174e</load_address>
         <run_address>0x174e</run_address>
         <size>0x41</size>
         <input_file_ref idref="fl-14"/>
      </object_component>
      <object_component id="oc-203">
         <name>.debug_line</name>
         <load_address>0x178f</load_address>
         <run_address>0x178f</run_address>
         <size>0x41</size>
         <input_file_ref idref="fl-14"/>
      </object_component>
      <object_component id="oc-27a">
         <name>.debug_line</name>
         <load_address>0x17d0</load_address>
         <run_address>0x17d0</run_address>
         <size>0x8a</size>
         <input_file_ref idref="fl-15"/>
      </object_component>
      <object_component id="oc-1a2">
         <name>.debug_line</name>
         <load_address>0x185a</load_address>
         <run_address>0x185a</run_address>
         <size>0x68</size>
         <input_file_ref idref="fl-15"/>
      </object_component>
      <object_component id="oc-f8">
         <name>.debug_line</name>
         <load_address>0x18c2</load_address>
         <run_address>0x18c2</run_address>
         <size>0x20b</size>
         <input_file_ref idref="fl-15"/>
      </object_component>
      <object_component id="oc-2cc">
         <name>.debug_line</name>
         <load_address>0x1acd</load_address>
         <run_address>0x1acd</run_address>
         <size>0x8a</size>
         <input_file_ref idref="fl-16"/>
      </object_component>
      <object_component id="oc-1ab">
         <name>.debug_line</name>
         <load_address>0x1b57</load_address>
         <run_address>0x1b57</run_address>
         <size>0x61</size>
         <input_file_ref idref="fl-16"/>
      </object_component>
      <object_component id="oc-2f5">
         <name>.debug_line</name>
         <load_address>0x1bb8</load_address>
         <run_address>0x1bb8</run_address>
         <size>0x56</size>
         <input_file_ref idref="fl-17"/>
      </object_component>
      <object_component id="oc-2c6">
         <name>.debug_line</name>
         <load_address>0x1c0e</load_address>
         <run_address>0x1c0e</run_address>
         <size>0x51</size>
         <input_file_ref idref="fl-17"/>
      </object_component>
      <object_component id="oc-230">
         <name>.debug_line</name>
         <load_address>0x1c5f</load_address>
         <run_address>0x1c5f</run_address>
         <size>0x6e</size>
         <input_file_ref idref="fl-17"/>
      </object_component>
      <object_component id="oc-22a">
         <name>.debug_line</name>
         <load_address>0x1ccd</load_address>
         <run_address>0x1ccd</run_address>
         <size>0x78</size>
         <input_file_ref idref="fl-17"/>
      </object_component>
      <object_component id="oc-167">
         <name>.debug_line</name>
         <load_address>0x1d45</load_address>
         <run_address>0x1d45</run_address>
         <size>0x6c</size>
         <input_file_ref idref="fl-17"/>
      </object_component>
      <object_component id="oc-161">
         <name>.debug_line</name>
         <load_address>0x1db1</load_address>
         <run_address>0x1db1</run_address>
         <size>0x6c</size>
         <input_file_ref idref="fl-17"/>
      </object_component>
      <object_component id="oc-2e9">
         <name>.debug_line</name>
         <load_address>0x1e1d</load_address>
         <run_address>0x1e1d</run_address>
         <size>0x4f</size>
         <input_file_ref idref="fl-17"/>
      </object_component>
      <object_component id="oc-2e4">
         <name>.debug_line</name>
         <load_address>0x1e6c</load_address>
         <run_address>0x1e6c</run_address>
         <size>0x51</size>
         <input_file_ref idref="fl-17"/>
      </object_component>
      <object_component id="oc-2e0">
         <name>.debug_line</name>
         <load_address>0x1ebd</load_address>
         <run_address>0x1ebd</run_address>
         <size>0x56</size>
         <input_file_ref idref="fl-19"/>
      </object_component>
      <object_component id="oc-2b1">
         <name>.debug_line</name>
         <load_address>0x1f13</load_address>
         <run_address>0x1f13</run_address>
         <size>0x6b</size>
         <input_file_ref idref="fl-19"/>
      </object_component>
      <object_component id="oc-237">
         <name>.debug_line</name>
         <load_address>0x1f7e</load_address>
         <run_address>0x1f7e</run_address>
         <size>0x7a</size>
         <input_file_ref idref="fl-19"/>
      </object_component>
      <object_component id="oc-23c">
         <name>.debug_line</name>
         <load_address>0x1ff8</load_address>
         <run_address>0x1ff8</run_address>
         <size>0x71</size>
         <input_file_ref idref="fl-19"/>
      </object_component>
      <object_component id="oc-2bf">
         <name>.debug_line</name>
         <load_address>0x2069</load_address>
         <run_address>0x2069</run_address>
         <size>0x68</size>
         <input_file_ref idref="fl-19"/>
      </object_component>
      <object_component id="oc-2b9">
         <name>.debug_line</name>
         <load_address>0x20d1</load_address>
         <run_address>0x20d1</run_address>
         <size>0x68</size>
         <input_file_ref idref="fl-19"/>
      </object_component>
      <object_component id="oc-2ee">
         <name>.debug_line</name>
         <load_address>0x2139</load_address>
         <run_address>0x2139</run_address>
         <size>0x50</size>
         <input_file_ref idref="fl-19"/>
      </object_component>
      <object_component id="oc-c7">
         <name>.debug_line</name>
         <load_address>0x2189</load_address>
         <run_address>0x2189</run_address>
         <size>0x92</size>
         <input_file_ref idref="fl-d0"/>
      </object_component>
      <object_component id="oc-48">
         <name>.debug_line</name>
         <load_address>0x221b</load_address>
         <run_address>0x221b</run_address>
         <size>0x56</size>
         <input_file_ref idref="fl-d0"/>
      </object_component>
      <object_component id="oc-8a">
         <name>.debug_line</name>
         <load_address>0x2271</load_address>
         <run_address>0x2271</run_address>
         <size>0x34</size>
         <input_file_ref idref="fl-d0"/>
      </object_component>
      <object_component id="oc-c4">
         <name>.debug_line</name>
         <load_address>0x22a5</load_address>
         <run_address>0x22a5</run_address>
         <size>0x92</size>
         <input_file_ref idref="fl-d0"/>
      </object_component>
      <object_component id="oc-85">
         <name>.debug_line</name>
         <load_address>0x2337</load_address>
         <run_address>0x2337</run_address>
         <size>0x20</size>
         <input_file_ref idref="fl-d1"/>
      </object_component>
      <object_component id="oc-21">
         <name>.debug_line</name>
         <load_address>0x2357</load_address>
         <run_address>0x2357</run_address>
         <size>0x55</size>
         <input_file_ref idref="fl-d1"/>
      </object_component>
      <object_component id="oc-40">
         <name>.debug_line</name>
         <load_address>0x23ac</load_address>
         <run_address>0x23ac</run_address>
         <size>0x3a</size>
         <input_file_ref idref="fl-d1"/>
      </object_component>
      <object_component id="oc-82">
         <name>.debug_line</name>
         <load_address>0x23e6</load_address>
         <run_address>0x23e6</run_address>
         <size>0x92</size>
         <input_file_ref idref="fl-d1"/>
      </object_component>
      <object_component id="oc-c0">
         <name>.debug_line</name>
         <load_address>0x2478</load_address>
         <run_address>0x2478</run_address>
         <size>0x20</size>
         <input_file_ref idref="fl-d2"/>
      </object_component>
      <object_component id="oc-18">
         <name>.debug_line</name>
         <load_address>0x2498</load_address>
         <run_address>0x2498</run_address>
         <size>0xa9</size>
         <input_file_ref idref="fl-d2"/>
      </object_component>
      <object_component id="oc-30">
         <name>.debug_line</name>
         <load_address>0x2541</load_address>
         <run_address>0x2541</run_address>
         <size>0x3a</size>
         <input_file_ref idref="fl-d2"/>
      </object_component>
      <object_component id="oc-bd">
         <name>.debug_line</name>
         <load_address>0x257b</load_address>
         <run_address>0x257b</run_address>
         <size>0x9a</size>
         <input_file_ref idref="fl-d2"/>
      </object_component>
      <object_component id="oc-7b">
         <name>.debug_line</name>
         <load_address>0x2615</load_address>
         <run_address>0x2615</run_address>
         <size>0x96</size>
         <input_file_ref idref="fl-d2"/>
      </object_component>
      <object_component id="oc-77">
         <name>.debug_line</name>
         <load_address>0x26ab</load_address>
         <run_address>0x26ab</run_address>
         <size>0x33</size>
         <input_file_ref idref="fl-d3"/>
      </object_component>
      <object_component id="oc-57">
         <name>.debug_line</name>
         <load_address>0x26de</load_address>
         <run_address>0x26de</run_address>
         <size>0x45</size>
         <input_file_ref idref="fl-d3"/>
      </object_component>
      <object_component id="oc-3b">
         <name>.debug_line</name>
         <load_address>0x2723</load_address>
         <run_address>0x2723</run_address>
         <size>0x88</size>
         <input_file_ref idref="fl-d4"/>
      </object_component>
      <object_component id="oc-299">
         <name>.debug_line</name>
         <load_address>0x27ab</load_address>
         <run_address>0x27ab</run_address>
         <size>0xbf</size>
         <input_file_ref idref="fl-d6"/>
      </object_component>
      <object_component id="oc-11c">
         <name>.debug_line</name>
         <load_address>0x286a</load_address>
         <run_address>0x286a</run_address>
         <size>0x6f</size>
         <input_file_ref idref="fl-d6"/>
      </object_component>
      <object_component id="oc-29d">
         <name>.debug_line</name>
         <load_address>0x28d9</load_address>
         <run_address>0x28d9</run_address>
         <size>0x2e</size>
         <input_file_ref idref="fl-d6"/>
      </object_component>
      <object_component id="oc-2d5">
         <name>.debug_line</name>
         <load_address>0x2907</load_address>
         <run_address>0x2907</run_address>
         <size>0x9a</size>
         <input_file_ref idref="fl-d6"/>
      </object_component>
      <object_component id="oc-2a2">
         <name>.debug_line</name>
         <load_address>0x29a1</load_address>
         <run_address>0x29a1</run_address>
         <size>0x97</size>
         <input_file_ref idref="fl-d6"/>
      </object_component>
      <object_component id="oc-2a7">
         <name>.debug_line</name>
         <load_address>0x2a38</load_address>
         <run_address>0x2a38</run_address>
         <size>0x93</size>
         <input_file_ref idref="fl-d6"/>
      </object_component>
      <object_component id="oc-98">
         <name>.debug_line</name>
         <load_address>0x2acb</load_address>
         <run_address>0x2acb</run_address>
         <size>0x40</size>
         <input_file_ref idref="fl-d7"/>
      </object_component>
      <object_component id="oc-111">
         <name>.debug_line</name>
         <load_address>0x2b0b</load_address>
         <run_address>0x2b0b</run_address>
         <size>0x3c</size>
         <input_file_ref idref="fl-d9"/>
      </object_component>
      <object_component id="oc-9e">
         <name>.debug_frame</name>
         <load_address>0x0</load_address>
         <run_address>0x0</run_address>
         <size>0x5c</size>
         <input_file_ref idref="fl-2"/>
      </object_component>
      <object_component id="oc-af">
         <name>.debug_frame</name>
         <load_address>0x5c</load_address>
         <run_address>0x5c</run_address>
         <size>0x54</size>
         <input_file_ref idref="fl-3"/>
      </object_component>
      <object_component id="oc-cf">
         <name>.debug_frame</name>
         <load_address>0xb0</load_address>
         <run_address>0xb0</run_address>
         <size>0x5c</size>
[...]
            </available_space>
            <allocated_space>
               <start_address>0x103fe00</start_address>
               <size>0x200</size>
               <logical_group_ref idref="lg-11"/>
            </allocated_space>
         </usage_details>
      </memory_area>
      <memory_area display="yes" color="green">
         <name>SRAM_DATA</name>
         <page_id>0x0</page_id>
         <origin>0x20000000</origin>
         <length>0x40000</length>
         <used_space>0x236</used_space>
         <unused_space>0x3fdca</unused_space>
         <attributes>RW</attributes>
         <usage_details>
            <allocated_space>
               <start_address>0x20000000</start_address>
               <size>0x0</size>
               <logical_group_ref idref="lg-2f8"/>
            </allocated_space>
            <allocated_space>
               <start_address>0x20000000</start_address>
               <size>0x26</size>
               <logical_group_ref idref="lg-f"/>
            </allocated_space>
            <available_space>
               <start_address>0x20000026</start_address>
               <size>0x2</size>
            </available_space>
            <allocated_space>
               <start_address>0x20000028</start_address>
               <size>0x10</size>
               <logical_group_ref idref="lg-e"/>
            </allocated_space>
            <available_space>
               <start_address>0x20000038</start_address>
               <size>0x3fdc8</size>
            </available_space>
            <allocated_space>
               <start_address>0x2003fe00</start_address>
               <size>0x200</size>
               <logical_group_ref idref="lg-11"/>
            </allocated_space>
         </usage_details>
      </memory_area>
   </placement_map>
   <cptbl_list>
      <cptbl>
         <name>__TI_cinit_table</name>
         <cprec>
            <name>.data</name>
            <load_address>0x1960</load_address>
            <load_size>0xd</load_size>
            <run_address>0x20000028</run_address>
            <run_size>0x10</run_size>
            <compression>lzss</compression>
         </cprec>
         <cprec>
            <name>.bss</name>
            <load_address>0x1980</load_address>
            <load_size>0x8</load_size>
            <run_address>0x20000000</run_address>
            <run_size>0x26</run_size>
            <compression>zero_init</compression>
         </cprec>
      </cptbl>
   </cptbl_list>
   <handler_table>
      <handler_table_name>__TI_handler_table</handler_table_name>
      <handler>
         <index>0x0</index>
         <name>__TI_decompress_lzss</name>
      </handler>
      <handler>
         <index>0x1</index>
         <name>__TI_decompress_none</name>
      </handler>
      <handler>
         <index>0x2</index>
         <name>__TI_zero_init</name>
      </handler>
   </handler_table>
   <symbol_table>
      <symbol id="sm-1">
         <name>WDTCTL_SYM</name>
         <value>0x4000480c</value>
      </symbol>
      <symbol id="sm-2">
         <name>__start___llvm_prf_cnts</name>
         <value>0x20000000</value>
      </symbol>
      <symbol id="sm-3">
         <name>__stop___llvm_prf_cnts</name>
         <value>0x20000000</value>
      </symbol>
      <symbol id="sm-4">
         <name>__TI_CINIT_Base</name>
         <value>0x1988</value>
      </symbol>
      <symbol id="sm-5">
         <name>__TI_CINIT_Limit</name>
         <value>0x1998</value>
      </symbol>
      <symbol id="sm-6">
         <name>__TI_Handler_Table_Base</name>
         <value>0x1970</value>
      </symbol>
      <symbol id="sm-7">
         <name>__TI_Handler_Table_Limit</name>
         <value>0x197c</value>
      </symbol>
      <symbol id="sm-8">
         <name>binit</name>
         <value>0xffffffff</value>
      </symbol>
      <symbol id="sm-9">
         <name>__binit__</name>
         <value>0xffffffff</value>
      </symbol>
      <symbol id="sm-a">
         <name>__STACK_SIZE</name>
         <value>0x200</value>
      </symbol>
      <symbol id="sm-b">
         <name>__STACK_END</name>
         <value>0x20040000</value>
      </symbol>
      <symbol id="sm-c">
         <name>__c_args__</name>
         <value>0xffffffff</value>
      </symbol>
      <symbol id="sm-d">
         <name>__TI_pprof_out_hndl</name>
         <value>0xffffffff</value>
      </symbol>
      <symbol id="sm-e">
         <name>__TI_prof_data_start</name>
         <value>0xffffffff</value>
      </symbol>
      <symbol id="sm-f">
         <name>__TI_prof_data_size</name>
         <value>0xffffffff</value>
      </symbol>
      <symbol id="sm-7b">
         <name>g_sContext</name>
         <value>0x20000000</value>
      </symbol>
      <symbol id="sm-7c">
         <name>main</name>
         <value>0x741</value>
         <object_component_ref idref="oc-99"/>
      </symbol>
      <symbol id="sm-9a">
         <name>SystemInit</name>
         <value>0xdcd</value>
         <object_component_ref idref="oc-ab"/>
      </symbol>
      <symbol id="sm-14e">
         <name>Lcd_Orientation</name>
         <value>0x20000024</value>
      </symbol>
      <symbol id="sm-14f">
         <name>Lcd_ScreenWidth</name>
         <value>0x2000001e</value>
      </symbol>
      <symbol id="sm-150">
         <name>Lcd_ScreenHeigth</name>
         <value>0x2000001c</value>
      </symbol>
      <symbol id="sm-151">
         <name>Lcd_PenSolid</name>
         <value>0x20000025</value>
      </symbol>
      <symbol id="sm-152">
         <name>Lcd_FontSolid</name>
         <value>0x20000023</value>
      </symbol>
      <symbol id="sm-153">
         <name>Lcd_FlagRead</name>
         <value>0x20000022</value>
      </symbol>
      <symbol id="sm-154">
         <name>Lcd_TouchTrim</name>
         <value>0x20000020</value>
      </symbol>
      <symbol id="sm-155">
         <name>Crystalfontz128x128_SetDrawFrame</name>
         <value>0x8e9</value>
         <object_component_ref idref="oc-174"/>
      </symbol>
      <symbol id="sm-156">
         <name>Crystalfontz128x128_SetOrientation</name>
         <value>0x1011</value>
         <object_component_ref idref="oc-d0"/>
      </symbol>
      <symbol id="sm-157">
         <name>g_sCrystalfontz128x128_funcs</name>
         <value>0x1918</value>
         <object_component_ref idref="oc-100"/>
      </symbol>
      <symbol id="sm-158">
         <name>g_sCrystalfontz128x128</name>
         <value>0x20000028</value>
         <object_component_ref idref="oc-fd"/>
      </symbol>
      <symbol id="sm-159">
         <name>Crystalfontz128x128_Init</name>
         <value>0xa1d</value>
         <object_component_ref idref="oc-ca"/>
      </symbol>
      <symbol id="sm-192">
         <name>HAL_LCD_writeData</name>
         <value>0x1369</value>
         <object_component_ref idref="oc-16e"/>
      </symbol>
      <symbol id="sm-193">
         <name>HAL_LCD_SpiInit</name>
         <value>0x11bd</value>
         <object_component_ref idref="oc-156"/>
      </symbol>
      <symbol id="sm-194">
         <name>HAL_LCD_PortInit</name>
         <value>0x12e1</value>
         <object_component_ref idref="oc-150"/>
      </symbol>
      <symbol id="sm-195">
         <name>HAL_LCD_writeCommand</name>
         <value>0x123d</value>
         <object_component_ref idref="oc-168"/>
      </symbol>
      <symbol id="sm-1b1">
         <name>Reset_Handler</name>
         <value>0x150b</value>
         <object_component_ref idref="oc-67"/>
      </symbol>
      <symbol id="sm-1b2">
         <name>Default_Handler</name>
         <value>0x73f</value>
         <object_component_ref idref="oc-6d"/>
      </symbol>
      <symbol id="sm-1b3">
         <name>interruptVectors</name>
         <value>0x0</value>
         <object_component_ref idref="oc-26"/>
      </symbol>
      <symbol id="sm-1f9">
         <name>Graphics_setBackgroundColor</name>
         <value>0x145f</value>
         <object_component_ref idref="oc-e2"/>
      </symbol>
      <symbol id="sm-1fa">
         <name>Graphics_setFont</name>
         <value>0x1479</value>
         <object_component_ref idref="oc-e8"/>
      </symbol>
      <symbol id="sm-1fb">
         <name>Graphics_initContext</name>
         <value>0x1065</value>
         <object_component_ref idref="oc-d6"/>
      </symbol>
      <symbol id="sm-1fc">
         <name>Graphics_setForegroundColor</name>
         <value>0x14bf</value>
         <object_component_ref idref="oc-dc"/>
      </symbol>
      <symbol id="sm-1fd">
         <name>Graphics_clearDisplay</name>
         <value>0x14eb</value>
         <object_component_ref idref="oc-ee"/>
      </symbol>
      <symbol id="sm-222">
         <name>Graphics_clearDisplayOnDisplay</name>
         <value>0x1445</value>
         <object_component_ref idref="oc-19a"/>
      </symbol>
      <symbol id="sm-223">
         <name>Graphics_drawPixelOnDisplay</name>
         <value>0x133d</value>
         <object_component_ref idref="oc-1ad"/>
      </symbol>
      <symbol id="sm-224">
         <name>Graphics_translateColorOnDisplay</name>
         <value>0x14d5</value>
         <object_component_ref idref="oc-18c"/>
      </symbol>
      <symbol id="sm-225">
         <name>Graphics_drawHorizontalLineOnDisplay</name>
         <value>0x1275</value>
         <object_component_ref idref="oc-270"/>
      </symbol>
      <symbol id="sm-237">
         <name>g_sFontFixed6x8</name>
         <value>0x1820</value>
         <object_component_ref idref="oc-103"/>
      </symbol>
      <symbol id="sm-277">
         <name>Graphics_drawString</name>
         <value>0xe9</value>
         <object_component_ref idref="oc-f4"/>
      </symbol>
      <symbol id="sm-28a">
         <name>Graphics_drawLineH</name>
         <value>0xc95</value>
         <object_component_ref idref="oc-1a7"/>
      </symbol>
      <symbol id="sm-2cd">
         <name>GPIO_setOutputHighOnPin</name>
         <value>0x13bd</value>
         <object_component_ref idref="oc-162"/>
      </symbol>
      <symbol id="sm-2ce">
         <name>GPIO_setAsOutputPin</name>
         <value>0x113d</value>
         <object_component_ref idref="oc-22b"/>
      </symbol>
      <symbol id="sm-2cf">
         <name>GPIO_setOutputLowOnPin</name>
         <value>0x13e5</value>
         <object_component_ref idref="oc-15c"/>
      </symbol>
      <symbol id="sm-2d0">
         <name>GPIO_setAsPeripheralModuleFunctionOutputPin</name>
         <value>0xe61</value>
         <object_component_ref idref="oc-225"/>
      </symbol>
      <symbol id="sm-310">
         <name>EUSCI_B_SPI_enable</name>
         <value>0x14a9</value>
         <object_component_ref idref="oc-2bb"/>
      </symbol>
      <symbol id="sm-311">
         <name>SPI_enableModule</name>
         <value>0x140d</value>
         <object_component_ref idref="oc-238"/>
      </symbol>
      <symbol id="sm-312">
         <name>EUSCI_A_SPI_enable</name>
         <value>0x1493</value>
         <object_component_ref idref="oc-2b5"/>
      </symbol>
      <symbol id="sm-313">
         <name>SPI_initMaster</name>
         <value>0xb49</value>
         <object_component_ref idref="oc-232"/>
      </symbol>
      <symbol id="sm-32d">
         <name>__TI_zero_init_nomemset</name>
         <value>0x1429</value>
         <object_component_ref idref="oc-43"/>
      </symbol>
      <symbol id="sm-344">
         <name>__TI_decompress_none</name>
         <value>0x14fd</value>
         <object_component_ref idref="oc-1d"/>
      </symbol>
      <symbol id="sm-367">
         <name>__TI_decompress_lzss</name>
         <value>0xee9</value>
         <object_component_ref idref="oc-17"/>
      </symbol>
      <symbol id="sm-37a">
         <name>__stack</name>
         <value>0x2003fe00</value>
         <object_component_ref idref="oc-29"/>
      </symbol>
      <symbol id="sm-37b">
         <name>_c_int00_noargs</name>
         <value>0x12ad</value>
         <object_component_ref idref="oc-55"/>
      </symbol>
      <symbol id="sm-396">
         <name>memcpy</name>
         <value>0xd31</value>
         <object_component_ref idref="oc-37"/>
      </symbol>
      <symbol id="sm-397">
         <name>__aeabi_memcpy</name>
         <value>0xd31</value>
         <object_component_ref idref="oc-37"/>
      </symbol>
      <symbol id="sm-398">
         <name>__aeabi_memcpy8</name>
         <value>0xd31</value>
         <object_component_ref idref="oc-37"/>
      </symbol>
      <symbol id="sm-399">
         <name>__aeabi_memcpy4</name>
         <value>0xd31</value>
         <object_component_ref idref="oc-37"/>
      </symbol>
      <symbol id="sm-3c2">
         <name>__TI_auto_init_nobinit_nopinit</name>
         <value>0x10b9</value>
         <object_component_ref idref="oc-118"/>
      </symbol>
      <symbol id="sm-3cc">
         <name>_system_pre_init</name>
         <value>0x1521</value>
         <object_component_ref idref="oc-93"/>
      </symbol>
      <symbol id="sm-3d8">
         <name>C$$EXIT</name>
         <value>0x1525</value>
         <object_component_ref idref="oc-10c"/>
      </symbol>
      <symbol id="sm-3d9">
         <name>abort</name>
         <value>0x1525</value>
         <object_component_ref idref="oc-10c"/>
      </symbol>
      <symbol id="sm-3dc">
         <name>__TI_static_base__</name>
         <value>0x0</value>
      </symbol>
      <symbol id="sm-3df">
         <name>__mpu_init</name>
         <value>0x0</value>
      </symbol>
      <symbol id="sm-3e0">
         <name>_system_post_cinit</name>
         <value>0x0</value>
      </symbol>
      <symbol id="sm-3e1">
         <name>NMI_Handler</name>
         <value>0x73f</value>
      </symbol>
      <symbol id="sm-3e2">
         <name>HardFault_Handler</name>
         <value>0x73f</value>
      </symbol>
      <symbol id="sm-3e3">
         <name>MemManage_Handler</name>
         <value>0x73f</value>
      </symbol>
      <symbol id="sm-3e4">
         <name>BusFault_Handler</name>
         <value>0x73f</value>
      </symbol>
      <symbol id="sm-3e5">
         <name>UsageFault_Handler</name>
         <value>0x73f</value>
      </symbol>
      <symbol id="sm-3e6">
         <name>SVC_Handler</name>
         <value>0x73f</value>
      </symbol>
      <symbol id="sm-3e7">
         <name>DebugMon_Handler</name>
         <value>0x73f</value>
      </symbol>
      <symbol id="sm-3e8">
         <name>PendSV_Handler</name>
         <value>0x73f</value>
      </symbol>
      <symbol id="sm-3e9">
         <name>SysTick_Handler</name>
         <value>0x73f</value>
      </symbol>
      <symbol id="sm-3ea">
         <name>PSS_IRQHandler</name>
         <value>0x73f</value>
      </symbol>
      <symbol id="sm-3eb">
         <name>CS_IRQHandler</name>
         <value>0x73f</value>
      </symbol>
      <symbol id="sm-3ec">
         <name>PCM_IRQHandler</name>
         <value>0x73f</value>
      </symbol>
      <symbol id="sm-3ed">
         <name>WDT_A_IRQHandler</name>
         <value>0x73f</value>
      </symbol>
      <symbol id="sm-3ee">
         <name>FPU_IRQHandler</name>
         <value>0x73f</value>
      </symbol>
      <symbol id="sm-3ef">
         <name>FLCTL_A_IRQHandler</name>
         <value>0x73f</value>
      </symbol>
      <symbol id="sm-3f0">
         <name>COMP_E0_IRQHandler</name>
         <value>0x73f</value>
      </symbol>
      <symbol id="sm-3f1">
         <name>COMP_E1_IRQHandler</name>
         <value>0x73f</value>
      </symbol>
      <symbol id="sm-3f2">
         <name>TA0_0_IRQHandler</name>
         <value>0x73f</value>
      </symbol>
      <symbol id="sm-3f3">
         <name>TA0_N_IRQHandler</name>
         <value>0x73f</value>
      </symbol>
      <symbol id="sm-3f4">
         <name>TA1_0_IRQHandler</name>
         <value>0x73f</value>
      </symbol>
      <symbol id="sm-3f5">
         <name>TA1_N_IRQHandler</name>
         <value>0x73f</value>
      </symbol>
      <symbol id="sm-3f6">
         <name>TA2_0_IRQHandler</name>
         <value>0x73f</value>
      </symbol>
      <symbol id="sm-3f7">
         <name>TA2_N_IRQHandler</name>
         <value>0x73f</value>
      </symbol>
      <symbol id="sm-3f8">
         <name>TA3_0_IRQHandler</name>
         <value>0x73f</value>
      </symbol>
      <symbol id="sm-3f9">
         <name>TA3_N_IRQHandler</name>
         <value>0x73f</value>
      </symbol>
      <symbol id="sm-3fa">
         <name>EUSCIA0_IRQHandler</name>
         <value>0x73f</value>
      </symbol>
      <symbol id="sm-3fb">
         <name>EUSCIA1_IRQHandler</name>
         <value>0x73f</value>
      </symbol>
      <symbol id="sm-3fc">
         <name>EUSCIA2_IRQHandler</name>
         <value>0x73f</value>
      </symbol>
      <symbol id="sm-3fd">
         <name>EUSCIA3_IRQHandler</name>
         <value>0x73f</value>
      </symbol>
      <symbol id="sm-3fe">
         <name>EUSCIB0_IRQHandler</name>
         <value>0x73f</value>
      </symbol>
      <symbol id="sm-3ff">
         <name>EUSCIB1_IRQHandler</name>
         <value>0x73f</value>
      </symbol>
      <symbol id="sm-400">
         <name>EUSCIB2_IRQHandler</name>
         <value>0x73f</value>
      </symbol>
      <symbol id="sm-401">
         <name>EUSCIB3_IRQHandler</name>
         <value>0x73f</value>
      </symbol>
      <symbol id="sm-402">
         <name>ADC14_IRQHandler</name>
         <value>0x73f</value>
      </symbol>
      <symbol id="sm-403">
         <name>T32_INT1_IRQHandler</name>
         <value>0x73f</value>
      </symbol>
      <symbol id="sm-404">
         <name>T32_INT2_IRQHandler</name>
         <value>0x73f</value>
      </symbol>
      <symbol id="sm-405">
         <name>T32_INTC_IRQHandler</name>
         <value>0x73f</value>
      </symbol>
      <symbol id="sm-406">
         <name>AES256_IRQHandler</name>
         <value>0x73f</value>
      </symbol>
      <symbol id="sm-407">
         <name>RTC_C_IRQHandler</name>
         <value>0x73f</value>
      </symbol>
      <symbol id="sm-408">
         <name>DMA_ERR_IRQHandler</name>
         <value>0x73f</value>
      </symbol>
      <symbol id="sm-409">
         <name>DMA_INT3_IRQHandler</name>
         <value>0x73f</value>
      </symbol>
      <symbol id="sm-40a">
         <name>DMA_INT2_IRQHandler</name>
         <value>0x73f</value>
      </symbol>
      <symbol id="sm-40b">
         <name>DMA_INT1_IRQHandler</name>
         <value>0x73f</value>
      </symbol>
      <symbol id="sm-40c">
         <name>DMA_INT0_IRQHandler</name>
         <value>0x73f</value>
      </symbol>
      <symbol id="sm-40d">
         <name>PORT1_IRQHandler</name>
         <value>0x73f</value>
      </symbol>
      <symbol id="sm-40e">
         <name>PORT2_IRQHandler</name>
         <value>0x73f</value>
      </symbol>
      <symbol id="sm-40f">
         <name>PORT3_IRQHandler</name>
         <value>0x73f</value>
      </symbol>
      <symbol id="sm-410">
         <name>PORT4_IRQHandler</name>
         <value>0x73f</value>
      </symbol>
      <symbol id="sm-411">
         <name>PORT5_IRQHandler</name>
         <value>0x73f</value>
      </symbol>
      <symbol id="sm-412">
         <name>PORT6_IRQHandler</name>
         <value>0x73f</value>
      </symbol>
      <symbol id="sm-413">
         <name>LCD_F_IRQHandler</name>
         <value>0x73f</value>
      </symbol>
   </symbol_table>
   <title>Link successful</title>
</link_info>
