******************************************************************************
                  TI ARM Linker PC v20.2.5                     
******************************************************************************
>> Linked Thu Dec  7 16:40:00 2023

OUTPUT FILE NAME:   <buttonled_MSP_EXP432P4111_freertos_ccs.out>
ENTRY POINT SYMBOL: "resetISR"  address: 00002de1


MEMORY CONFIGURATION

         name            origin    length      used     unused   attr    fill
----------------------  --------  ---------  --------  --------  ----  --------
  MAIN                  00000000   00200000  00002e98  001fd168  R  X
  INFO                  00200000   00008000  00000000  00008000  R  X
  SRAM_CODE             01000000   00040000  000085ec  00037a14  RW X
  SRAM_DATA             20000000   00040000  000085ec  00037a14  RW  


SEGMENT ALLOCATION MAP

run origin  load origin   length   init length attrs members
----------  ----------- ---------- ----------- ----- -------
00000000    00000000    00002e98   00002e98    r-x
  00000000    00000000    00000144   00000144    r-- .intvecs
  00000144    00000144    00002d14   00002d14    r-x .text
  00002e58    00002e58    00000008   00000008    r-- .const
  00002e60    00002e60    00000038   00000038    r-- .cinit
20000000    20000000    000081ec   00000000    rw-
  20000000    20000000    00008184   00000000    rw- .bss
  20008184    20008184    00000068   00000000    rw- .data
2003fc00    2003fc00    00000400   00000000    rw-
  2003fc00    2003fc00    00000400   00000000    rw- .stack


SECTION ALLOCATION MAP

 output                                  attributes/
section   page    origin      length       input sections
--------  ----  ----------  ----------   ----------------
.text      0    00000144    00002d14     
                  00000144    000001b8     queue.obj (.text:xQueueGenericSend)
                  000002fc    0000017c     queue.obj (.text:xQueueReceive)
                  00000478    00000170     heap_4.obj (.text:pvPortMalloc)
                  000005e8    0000016c     port.obj (.text:vPortSuppressTicksAndSleep)
                  00000754    00000164     timers.obj (.text:prvProcessReceivedCommands)
                  000008b8    00000158     tasks.obj (.text:xTaskIncrementTick)
                  00000a10    0000013c     tasks.obj (.text:vTaskPrioritySet)
                  00000b4c    00000128     tasks.obj (.text:prvInitialiseNewTask)
                  00000c74    0000011c     tasks.obj (.text:xTaskResumeAll)
                  00000d90    00000104     msp432p4xx_driverlib.lib : cs.o (.text:_CSComputeCLKFrequency)
                  00000e94    00000104     queue.obj (.text:xQueueGenericSendFromISR)
                  00000f98    000000f8     msp432p4xx_driverlib.lib : cs.o (.text:CS_getDCOFrequency)
                  00001090    000000e0     tasks.obj (.text:xTaskPriorityDisinherit)
                  00001170    000000da     portasm.obj (.text)
                  0000124a    00000002     startup_msp432_ccs.obj (.text:defaultISR)
                  0000124c    000000d0     port.obj (.text:xPortStartScheduler)
                  0000131c    000000c8     main_freertos.obj (.text:main)
                  000013e4    000000c4     tasks.obj (.text:prvAddNewTaskToReadyList)
                  000014a8    000000bc     queue.obj (.text:prvCopyDataToQueue)
                  00001564    000000bc     heap_4.obj (.text:prvHeapInit)
                  00001620    000000bc     timers.obj (.text:prvSwitchTimerLists)
                  000016dc    000000b8     queue.obj (.text:xQueueGenericReset)
                  00001794    000000b0     tasks.obj (.text:prvAddCurrentTaskToDelayedList)
                  00001844    000000b0     tasks.obj (.text:xTaskCheckForTimeOut)
                  000018f4    000000ae     queue.obj (.text:prvUnlockQueue)
                  000019a2    00000002     startup_msp432_ccs.obj (.text:faultISR)
                  000019a4    000000a8     heap_4.obj (.text:prvInsertBlockIntoFreeList)
                  00001a4c    000000a8     tasks.obj (.text:xTaskRemoveFromEventList)
                  00001af4    0000009c     rtsv7M4_T_le_v4SPD16_eabi.lib : memcpy_t2.asm.obj (.text)
                  00001b90    0000009c     heap_4.obj (.text:vPortFree)
                  00001c2c    0000009c     tasks.obj (.text:vTaskSwitchContext)
                  00001cc8    00000094     msp432p4xx_driverlib.lib : sysctl_a.o (.text:SysCtl_A_getTLVInfo)
                  00001d5c    00000094     tasks.obj (.text:vTaskStartScheduler)
                  00001df0    00000088     timers.obj (.text:prvProcessTimerOrBlockTask)
                  00001e78    00000084     timers.obj (.text:xTimerGenericCommand)
                  00001efc    00000080     timers.obj (.text:prvProcessExpiredTimer)
                  00001f7c    0000007c     msp432p4xx_driverlib.lib : cs.o (.text:_CSGetDOCFrequency)
                  00001ff8    0000007a     rtsv7M4_T_le_v4SPD16_eabi.lib : memset_t2.asm.obj (.text)
                  00002072    0000007a     tasks.obj (.text:xTaskCreate)
                  000020ec    00000078     timers.obj (.text:prvInsertTimerInActiveList)
                  00002164    00000078     port.obj (.text:vPortSetupTimerInterrupt)
                  000021dc    00000074     tasks.obj (.text:prvInitialiseTaskLists)
                  00002250    00000074     port.obj (.text:vPortValidateInterruptPriority)
                  000022c4    0000006c     main_freertos.obj (.text:Task1)
                  00002330    0000006c     main_freertos.obj (.text:Task2)
                  0000239c    0000006c     main_freertos.obj (.text:Task3)
                  00002408    0000006c     main_freertos.obj (.text:Task4)
                  00002474    0000006a     queue.obj (.text:xQueueGenericCreate)
                  000024de    00000068     rtsv7M4_T_le_v4SPD16_eabi.lib : copy_decompress_lzss.c.obj (.text:decompress:lzss:__TI_decompress_lzss)
                  00002546    00000066     list.obj (.text:vListInsert)
                  000025ac    00000064     tasks.obj (.text:prvGetExpectedIdleTime)
                  00002610    00000062     msp432p4xx_driverlib.lib : cs.o (.text:_CSGetDividerValue)
                  00002672    00000002     startup_msp432_ccs.obj (.text:nmiISR)
                  00002674    00000060     port.obj (.text:pxPortInitialiseStack)
                  000026d4    0000005c     tasks.obj (.text:prvIdleTask)
                  00002730    0000005c     queue.obj (.text:vQueueWaitForMessageRestricted)
                  0000278c    00000058     tasks.obj (.text:eTaskConfirmSleepModeStatus)
                  000027e4    00000054     timers.obj (.text:xTimerCreateTimerTask)
                  00002838    0000004c     timers.obj (.text:prvCheckForValidListAndQueue)
                  00002884    0000004c     tasks.obj (.text:prvCheckTasksWaitingTermination)
                  000028d0    0000004c     port.obj (.text:vPortEnterCritical)
                  0000291c    00000048     list.obj (.text:uxListRemove)
                  00002964    00000044     rtsv7M4_T_le_v4SPD16_eabi.lib : autoinit.c.obj (.text:__TI_auto_init_nobinit_nopinit:__TI_auto_init_nobinit_nopinit)
                  000029a8    00000044     queue.obj (.text:prvInitialiseNewQueue)
                  000029ec    00000044     tasks.obj (.text:vTaskStepTick)
                  00002a30    00000040     tasks.obj (.text:vTaskPlaceOnEventListRestricted)
                  00002a70    0000003c     queue.obj (.text:prvCopyDataFromQueue)
                  00002aac    0000003c     tasks.obj (.text:prvResetNextTaskUnblockTime)
                  00002ae8    0000003c     list.obj (.text:vListInsertEnd)
                  00002b24    00000038     timers.obj (.text:prvGetNextExpireTime)
                  00002b5c    00000038     port.obj (.text:prvTaskExitError)
                  00002b94    00000034     rtsv7M4_T_le_v4SPD16_eabi.lib : boot_cortex_m.c.obj (.text:_c_int00_noargs:_c_int00_noargs)
                  00002bc8    00000034     timers.obj (.text:prvSampleTimeNow)
                  00002bfc    00000034     tasks.obj (.text:vTaskPlaceOnEventList)
                  00002c30    00000030     msp432p4xx_driverlib.lib : cs.o (.text:CS_clearInterruptFlag)
                  00002c60    00000030     list.obj (.text:vListInitialise)
                  00002c90    00000030     port.obj (.text:vPortExitCritical)
                  00002cc0    00000030     tasks.obj (.text:xTaskGetSchedulerState)
                  00002cf0    0000002c     port.obj (.text:xPortSysTickHandler)
                  00002d1c    00000028     msp432p4xx_driverlib.lib : cs.o (.text:CS_getMCLK)
                  00002d44    00000026     queue.obj (.text:prvIsQueueFull)
                  00002d6a    00000002     --HOLE-- [fill = 0]
                  00002d6c    00000024     tasks.obj (.text:vTaskInternalSetTimeOutState)
                  00002d90    00000020     queue.obj (.text:prvIsQueueEmpty)
                  00002db0    0000001a     timers.obj (.text:prvTimerTask)
                  00002dca    00000014     tasks.obj (.text:prvDeleteTCB)
                  00002dde    00000002     --HOLE-- [fill = 0]
                  00002de0    00000014     startup_msp432_ccs.obj (.text:resetISR)
                  00002df4    00000014     tasks.obj (.text:xTaskGetTickCount)
                  00002e08    00000010     list.obj (.text:vListInitialiseItem)
                  00002e18    00000010     tasks.obj (.text:vTaskSuspendAll)
                  00002e28    0000000e     rtsv7M4_T_le_v4SPD16_eabi.lib : copy_decompress_none.c.obj (.text:decompress:none:__TI_decompress_none)
                  00002e36    0000000c                                   : copy_zero_init.c.obj (.text:decompress:ZI:__TI_zero_init)
                  00002e42    00000002     --HOLE-- [fill = 0]
                  00002e44    0000000c     tasks.obj (.text:vTaskMissedYield)
                  00002e50    00000004     rtsv7M4_T_le_v4SPD16_eabi.lib : pre_init.c.obj (.text:_system_pre_init)
                  00002e54    00000004                                   : exit.c.obj (.text:abort:abort)

.const     0    00002e58    00000008     
                  00002e58    00000008     port.obj (.const)

.cinit     0    00002e60    00000038     
                  00002e60    00000014     (.cinit..data.load) [load image, compression = lzss]
                  00002e74    0000000c     (__TI_handler_table)
                  00002e80    00000008     (.cinit..bss.load) [load image, compression = zero_init]
                  00002e88    00000010     (__TI_cinit_table)

.init_array 
*          0    00000000    00000000     UNINITIALIZED

.intvecs   0    00000000    00000144     
                  00000000    00000144     startup_msp432_ccs.obj (.intvecs:retain)

.bss       0    20000000    00008184     UNINITIALIZED
                  20000000    00008000     heap_4.obj (.bss:ucHeap)
                  20008000    000000c8     tasks.obj (.bss:pxReadyTasksLists)
                  200080c8    00000014     timers.obj (.bss:xActiveTimerList1)
                  200080dc    00000014     timers.obj (.bss:xActiveTimerList2)
                  200080f0    00000014     tasks.obj (.bss:xDelayedTaskList1)
                  20008104    00000014     tasks.obj (.bss:xDelayedTaskList2)
                  20008118    00000014     tasks.obj (.bss:xPendingReadyList)
                  2000812c    00000014     tasks.obj (.bss:xSuspendedTaskList)
                  20008140    00000014     tasks.obj (.bss:xTasksWaitingTermination)
                  20008154    00000008     msp432p4xx_driverlib.lib : cs.o (.bss)
                  2000815c    00000008     tasks.obj (.bss)
                  20008164    00000008     timers.obj (.bss)
                  2000816c    00000008     heap_4.obj (.bss:xStart)
                  20008174    00000004     (.common:task1Handle)
                  20008178    00000004     (.common:task2Handle)
                  2000817c    00000004     (.common:task3Handle)
                  20008180    00000004     (.common:task4Handle)

.data      0    20008184    00000068     UNINITIALIZED
                  20008184    00000034     tasks.obj (.data)
                  200081b8    00000018     port.obj (.data)
                  200081d0    00000010     heap_4.obj (.data)
                  200081e0    0000000c     timers.obj (.data)

.stack     0    2003fc00    00000400     UNINITIALIZED
                  2003fc00    00000004     rtsv7M4_T_le_v4SPD16_eabi.lib : boot_cortex_m.c.obj (.stack)
                  2003fc04    000003fc     --HOLE--

__llvm_prf_cnts 
*          0    20000000    00000000     UNINITIALIZED

.binit     0    00000000    00000000     

MODULE SUMMARY

       Module                       code    ro data   rw data
       ------                       ----    -------   -------
    .\
       main_freertos.obj            632     0         32     
    +--+----------------------------+-------+---------+---------+
       Total:                       632     0         32     
                                                             
    .\freertos\
       heap_4.obj                   880     0         65584  
       tasks.obj                    3474    0         720    
       queue.obj                    2022    0         0      
       timers.obj                   1354    0         120    
       list.obj                     298     0         0      
    +--+----------------------------+-------+---------+---------+
       Total:                       8028    0         66424  
                                                             
    .\freertos\portable\CCS\ARM_CM4F\
       port.obj                     1128    8         48     
       portasm.obj                  218     0         0      
    +--+----------------------------+-------+---------+---------+
       Total:                       1346    8         48     
                                                             
    .\freertos\startup\
       startup_msp432_ccs.obj       26      324       0      
    +--+----------------------------+-------+---------+---------+
       Total:                       26      324       0      
                                                             
    C:/ti/simplelink_msp432p4_sdk_3_40_01_02/source/ti/devices/msp432p4xx/driverlib/ccs/msp432p4xx_driverlib.lib
       cs.o                         818     0         16     
       sysctl_a.o                   148     0         0      
    +--+----------------------------+-------+---------+---------+
       Total:                       966     0         16     
                                                             
    C:\ti\ccs1010\ccs\tools\compiler\ti-cgt-arm_20.2.5.LTS\lib\rtsv7M4_T_le_v4SPD16_eabi.lib
       memcpy_t2.asm.obj            156     0         0      
       memset_t2.asm.obj            122     0         0      
       copy_decompress_lzss.c.obj   104     0         0      
       autoinit.c.obj               68      0         0      
       boot_cortex_m.c.obj          52      0         0      
       copy_decompress_none.c.obj   14      0         0      
       copy_zero_init.c.obj         12      0         0      
       exit.c.obj                   4       0         0      
       pre_init.c.obj               4       0         0      
    +--+----------------------------+-------+---------+---------+
       Total:                       536     0         0      
                                                             
       Stack:                       0       0         2048   
       Linker Generated:            0       56        0      
    +--+----------------------------+-------+---------+---------+
       Grand Total:                 11534   388       68568  


LINKER GENERATED COPY TABLES

__TI_cinit_table @ 00002e88 records: 2, size/record: 8, table size: 16
	.data: load addr=00002e60, load size=00000014 bytes, run addr=20008184, run size=00000068 bytes, compression=lzss
	.bss: load addr=00002e80, load size=00000008 bytes, run addr=20000000, run size=00008184 bytes, compression=zero_init


LINKER GENERATED HANDLER TABLE

__TI_handler_table @ 00002e74 records: 3, size/record: 4, table size: 12
	index: 0, handler: __TI_decompress_lzss
	index: 1, handler: __TI_decompress_none
	index: 2, handler: __TI_zero_init


GLOBAL SYMBOLS: SORTED ALPHABETICALLY BY Name 

address   name                           
-------   ----                           
00002e55  C$$EXIT                        
00002c31  CS_clearInterruptFlag          
00000f99  CS_getDCOFrequency             
00002d1d  CS_getMCLK                     
00001cc9  SysCtl_A_getTLVInfo            
000022c5  Task1                          
00002331  Task2                          
0000239d  Task3                          
00002409  Task4                          
4000480c  WDTCTL_SYM                     
20040000  __STACK_END                    
00000400  __STACK_SIZE                   
00002e88  __TI_CINIT_Base                
00002e98  __TI_CINIT_Limit               
00002e74  __TI_Handler_Table_Base        
00002e80  __TI_Handler_Table_Limit       
00002965  __TI_auto_init_nobinit_nopinit 
000024df  __TI_decompress_lzss           
00002e29  __TI_decompress_none           
ffffffff  __TI_pprof_out_hndl            
ffffffff  __TI_prof_data_size            
ffffffff  __TI_prof_data_start           
00002e60  __TI_static_base__             
00002e37  __TI_zero_init                 
00001ff9  __aeabi_memclr                 
00001ff9  __aeabi_memclr4                
00001ff9  __aeabi_memclr8                
00001af5  __aeabi_memcpy                 
00001af5  __aeabi_memcpy4                
00001af5  __aeabi_memcpy8                
00001ffb  __aeabi_memset                 
00001ffb  __aeabi_memset4                
00001ffb  __aeabi_memset8                
ffffffff  __binit__                      
ffffffff  __c_args__                     
UNDEFED   __mpu_init                     
2003fc00  __stack                        
20000000  __start___llvm_prf_cnts        
20000000  __stop___llvm_prf_cnts         
00002b95  _c_int00_noargs                
UNDEFED   _system_post_cinit             
00002e51  _system_pre_init               
00002e55  abort                          
ffffffff  binit                          
0000278d  eTaskConfirmSleepModeStatus    
00000000  interruptVectors               
0000131d  main                           
00001af5  memcpy                         
00002001  memset                         
00000479  pvPortMalloc                   
20008184  pxCurrentTCB                   
00002675  pxPortInitialiseStack          
00002de1  resetISR                       
20008174  task1Handle                    
20008178  task2Handle                    
2000817c  task3Handle                    
20008180  task4Handle                    
00002e58  ulMaxSyscallInterruptPriority  
00001181  ulPortGetIPSR                  
0000291d  uxListRemove                   
00002c61  vListInitialise                
00002e09  vListInitialiseItem            
00002547  vListInsert                    
00002ae9  vListInsertEnd                 
0000123d  vPortEnableVFP                 
000028d1  vPortEnterCritical             
00002c91  vPortExitCritical              
00001b91  vPortFree                      
000011f9  vPortSVCHandler                
00002165  vPortSetupTimerInterrupt       
00001219  vPortStartFirstTask            
000005e9  vPortSuppressTicksAndSleep     
00002251  vPortValidateInterruptPriority 
00002731  vQueueWaitForMessageRestricted 
00002d6d  vTaskInternalSetTimeOutState   
00002e45  vTaskMissedYield               
00002bfd  vTaskPlaceOnEventList          
00002a31  vTaskPlaceOnEventListRestricted
00000a11  vTaskPrioritySet               
00001d5d  vTaskStartScheduler            
000029ed  vTaskStepTick                  
00002e19  vTaskSuspendAll                
00001c2d  vTaskSwitchContext             
00001199  xPortPendSVHandler             
0000124d  xPortStartScheduler            
00002cf1  xPortSysTickHandler            
00002475  xQueueGenericCreate            
000016dd  xQueueGenericReset             
00000145  xQueueGenericSend              
00000e95  xQueueGenericSendFromISR       
000002fd  xQueueReceive                  
00001845  xTaskCheckForTimeOut           
00002073  xTaskCreate                    
00002cc1  xTaskGetSchedulerState         
00002df5  xTaskGetTickCount              
000008b9  xTaskIncrementTick             
00001091  xTaskPriorityDisinherit        
00001a4d  xTaskRemoveFromEventList       
00000c75  xTaskResumeAll                 
000027e5  xTimerCreateTimerTask          
00001e79  xTimerGenericCommand           


GLOBAL SYMBOLS: SORTED BY Symbol Address 

address   name                           
-------   ----                           
00000000  interruptVectors               
00000145  xQueueGenericSend              
000002fd  xQueueReceive                  
00000400  __STACK_SIZE                   
00000479  pvPortMalloc                   
000005e9  vPortSuppressTicksAndSleep     
000008b9  xTaskIncrementTick             
00000a11  vTaskPrioritySet               
00000c75  xTaskResumeAll                 
00000e95  xQueueGenericSendFromISR       
00000f99  CS_getDCOFrequency             
00001091  xTaskPriorityDisinherit        
00001181  ulPortGetIPSR                  
00001199  xPortPendSVHandler             
000011f9  vPortSVCHandler                
00001219  vPortStartFirstTask            
0000123d  vPortEnableVFP                 
0000124d  xPortStartScheduler            
0000131d  main                           
000016dd  xQueueGenericReset             
00001845  xTaskCheckForTimeOut           
00001a4d  xTaskRemoveFromEventList       
00001af5  __aeabi_memcpy                 
00001af5  __aeabi_memcpy4                
00001af5  __aeabi_memcpy8                
00001af5  memcpy                         
00001b91  vPortFree                      
00001c2d  vTaskSwitchContext             
00001cc9  SysCtl_A_getTLVInfo            
00001d5d  vTaskStartScheduler            
00001e79  xTimerGenericCommand           
00001ff9  __aeabi_memclr                 
00001ff9  __aeabi_memclr4                
00001ff9  __aeabi_memclr8                
00001ffb  __aeabi_memset                 
00001ffb  __aeabi_memset4                
00001ffb  __aeabi_memset8                
00002001  memset                         
00002073  xTaskCreate                    
00002165  vPortSetupTimerInterrupt       
00002251  vPortValidateInterruptPriority 
000022c5  Task1                          
00002331  Task2                          
0000239d  Task3                          
00002409  Task4                          
00002475  xQueueGenericCreate            
000024df  __TI_decompress_lzss           
00002547  vListInsert                    
00002675  pxPortInitialiseStack          
00002731  vQueueWaitForMessageRestricted 
0000278d  eTaskConfirmSleepModeStatus    
000027e5  xTimerCreateTimerTask          
000028d1  vPortEnterCritical             
0000291d  uxListRemove                   
00002965  __TI_auto_init_nobinit_nopinit 
000029ed  vTaskStepTick                  
00002a31  vTaskPlaceOnEventListRestricted
00002ae9  vListInsertEnd                 
00002b95  _c_int00_noargs                
00002bfd  vTaskPlaceOnEventList          
00002c31  CS_clearInterruptFlag          
00002c61  vListInitialise                
00002c91  vPortExitCritical              
00002cc1  xTaskGetSchedulerState         
00002cf1  xPortSysTickHandler            
00002d1d  CS_getMCLK                     
00002d6d  vTaskInternalSetTimeOutState   
00002de1  resetISR                       
00002df5  xTaskGetTickCount              
00002e09  vListInitialiseItem            
00002e19  vTaskSuspendAll                
00002e29  __TI_decompress_none           
00002e37  __TI_zero_init                 
00002e45  vTaskMissedYield               
00002e51  _system_pre_init               
00002e55  C$$EXIT                        
00002e55  abort                          
00002e58  ulMaxSyscallInterruptPriority  
00002e60  __TI_static_base__             
00002e74  __TI_Handler_Table_Base        
00002e80  __TI_Handler_Table_Limit       
00002e88  __TI_CINIT_Base                
00002e98  __TI_CINIT_Limit               
20000000  __start___llvm_prf_cnts        
20000000  __stop___llvm_prf_cnts         
20008174  task1Handle                    
20008178  task2Handle                    
2000817c  task3Handle                    
20008180  task4Handle                    
20008184  pxCurrentTCB                   
2003fc00  __stack                        
20040000  __STACK_END                    
4000480c  WDTCTL_SYM                     
ffffffff  __TI_pprof_out_hndl            
ffffffff  __TI_prof_data_size            
ffffffff  __TI_prof_data_start           
ffffffff  __binit__                      
ffffffff  __c_args__                     
ffffffff  binit                          
UNDEFED   __mpu_init                     
UNDEFED   _system_post_cinit             

[101 symbols]
