******************************************************************************
                  TI ARM Linker PC v20.2.7                     
******************************************************************************
>> Linked Thu Sep 21 17:00:00 2023

OUTPUT FILE NAME:   <230921_2.out>
ENTRY POINT SYMBOL: "_c_int00_noargs"  address: 0000079d


MEMORY CONFIGURATION

         name            origin    length      used     unused   attr    fill
----------------------  --------  ---------  --------  --------  ----  --------
  MAIN                  00000000   00200000  0000083a  001ff7c6  R  X
  INFO                  00200000   00008000  00000000  00008000  R  X
  SRAM_CODE             01000000   00040000  00000204  0003fdfc  RW X
  SRAM_DATA             20000000   00040000  00000204  0003fdfc  RW  


SEGMENT ALLOCATION MAP

run origin  load origin   length   init length attrs members
----------  ----------- ---------- ----------- ----- -------
00000000    00000000    00000840   00000840    r-x
  00000000    00000000    000000e8   000000e8    r-- .intvecs
  000000e8    000000e8    0000073a   0000073a    r-x .text
  00000828    00000828    00000018   00000018    r-- .cinit
20000000    20000000    00000004   00000000    rw-
  20000000    20000000    00000004   00000000    rw- .data
2003fe00    2003fe00    00000200   00000000    rw-
  2003fe00    2003fe00    00000200   00000000    rw- .stack


SECTION ALLOCATION MAP

 output                                  attributes/
section   page    origin      length       input sections
--------  ----  ----------  ----------   ----------------
.intvecs   0    00000000    000000e8     
                  00000000    000000e8     startup_msp432p4111_ccs.obj (.intvecs:retain)

.text      0    000000e8    0000073a     
                  000000e8    00000350     system_msp432p4111.obj (.text)
                  00000438    00000136     rtsv7M4_T_le_v4SPD16_eabi.lib : fd_div_t2.asm.obj (.text)
                  0000056e    00000002     --HOLE-- [fill = 0]
                  00000570    0000009c     main.obj (.text)
                  0000060c    0000009c     rtsv7M4_T_le_v4SPD16_eabi.lib : memcpy_t2.asm.obj (.text)
                  000006a8    00000068                                   : copy_decompress_lzss.c.obj (.text:decompress:lzss:__TI_decompress_lzss)
                  00000710    00000048                                   : fd_toi_t2.asm.obj (.text)
                  00000758    00000044                                   : autoinit.c.obj (.text:__TI_auto_init_nobinit_nopinit:__TI_auto_init_nobinit_nopinit)
                  0000079c    00000034                                   : boot_cortex_m.c.obj (.text:_c_int00_noargs:_c_int00_noargs)
                  000007d0    0000002e                                   : i_tofd_t2.asm.obj (.text)
                  000007fe    0000000e                                   : copy_decompress_none.c.obj (.text:decompress:none:__TI_decompress_none)
                  0000080c    0000000e     startup_msp432p4111_ccs.obj (.text)
                  0000081a    00000004     rtsv7M4_T_le_v4SPD16_eabi.lib : pre_init.c.obj (.text:_system_pre_init)
                  0000081e    00000004                                   : exit.c.obj (.text:abort:abort)

.cinit     0    00000828    00000018     
                  00000828    00000008     (.cinit..data.load) [load image, compression = lzss]
                  00000830    00000008     (__TI_handler_table)
                  00000838    00000008     (__TI_cinit_table)

.init_array 
*          0    00000000    00000000     UNINITIALIZED

.binit     0    00000000    00000000     

.data      0    20000000    00000004     UNINITIALIZED
                  20000000    00000004     system_msp432p4111.obj (.data)

.stack     0    2003fe00    00000200     UNINITIALIZED
                  2003fe00    00000004     rtsv7M4_T_le_v4SPD16_eabi.lib : boot_cortex_m.c.obj (.stack)
                  2003fe04    000001fc     --HOLE--

__llvm_prf_cnts 
*          0    20000000    00000000     UNINITIALIZED

MODULE SUMMARY

       Module                        code   ro data   rw data
       ------                        ----   -------   -------
    .\
       system_msp432p4111.obj        848    0         8      
       startup_msp432p4111_ccs.obj   14     232       0      
       main.obj                      156    0         0      
    +--+-----------------------------+------+---------+---------+
       Total:                        1018   232       8      
                                                             
    C:\ti\ccs1010\ccs\tools\compiler\ti-cgt-arm_20.2.7.LTS\lib\rtsv7M4_T_le_v4SPD16_eabi.lib
       fd_div_t2.asm.obj             310    0         0      
       memcpy_t2.asm.obj             156    0         0      
       copy_decompress_lzss.c.obj    104    0         0      
       fd_toi_t2.asm.obj             72     0         0      
       autoinit.c.obj                68     0         0      
       boot_cortex_m.c.obj           52     0         0      
       i_tofd_t2.asm.obj             46     0         0      
       copy_decompress_none.c.obj    14     0         0      
       exit.c.obj                    4      0         0      
       pre_init.c.obj                4      0         0      
    +--+-----------------------------+------+---------+---------+
       Total:                        830    0         0      
                                                             
       Stack:                        0      0         1024   
       Linker Generated:             0      24        0      
    +--+-----------------------------+------+---------+---------+
       Grand Total:                  1848   256       1032   


LINKER GENERATED COPY TABLES

__TI_cinit_table @ 00000838 records: 1, size/record: 8, table size: 8
	.data: load addr=00000828, load size=00000008 bytes, run addr=20000000, run size=00000004 bytes, compression=lzss


LINKER GENERATED HANDLER TABLE

__TI_handler_table @ 00000830 records: 2, size/record: 4, table size: 8
	index: 0, handler: __TI_decompress_lzss
	index: 1, handler: __TI_decompress_none


GLOBAL SYMBOLS: SORTED ALPHABETICALLY BY Name 

address   name                          
-------   ----                          
00000819  ADC14_IRQHandler              
00000819  AES256_IRQHandler             
00000819  BusFault_Handler              
0000081f  C$$EXIT                       
00000819  COMP_E0_IRQHandler            
00000819  COMP_E1_IRQHandler            
00000819  CS_IRQHandler                 
00000819  DMA_ERR_IRQHandler            
00000819  DMA_INT0_IRQHandler           
00000819  DMA_INT1_IRQHandler           
00000819  DMA_INT2_IRQHandler           
00000819  DMA_INT3_IRQHandler           
00000819  DebugMon_Handler              
00000819  Default_Handler               
00000819  EUSCIA0_IRQHandler            
00000819  EUSCIA1_IRQHandler            
00000819  EUSCIA2_IRQHandler            
00000819  EUSCIA3_IRQHandler            
00000819  EUSCIB0_IRQHandler            
00000819  EUSCIB1_IRQHandler            
00000819  EUSCIB2_IRQHandler            
00000819  EUSCIB3_IRQHandler            
00000819  FLCTL_A_IRQHandler            
00000819  FPU_IRQHandler                
00000819  HardFault_Handler             
00000819  LCD_F_IRQHandler              
00000819  MemManage_Handler             
00000819  NMI_Handler                   
00000819  PCM_IRQHandler                
00000819  PORT1_IRQHandler              
00000819  PORT2_IRQHandler              
00000819  PORT3_IRQHandler              
00000819  PORT4_IRQHandler              
00000819  PORT5_IRQHandler              
00000819  PORT6_IRQHandler              
00000819  PSS_IRQHandler                
00000819  PendSV_Handler                
00000819  RTC_C_IRQHandler              
0000080d  Reset_Handler                 
00000819  SVC_Handler                   
00000819  SysTick_Handler               
20000000  SystemCoreClock               
000000e9  SystemCoreClockUpdate         
00000361  SystemInit                    
00000819  T32_INT1_IRQHandler           
00000819  T32_INT2_IRQHandler           
00000819  T32_INTC_IRQHandler           
00000819  TA0_0_IRQHandler              
00000819  TA0_N_IRQHandler              
00000819  TA1_0_IRQHandler              
00000819  TA1_N_IRQHandler              
00000819  TA2_0_IRQHandler              
00000819  TA2_N_IRQHandler              
00000819  TA3_0_IRQHandler              
00000819  TA3_N_IRQHandler              
00000819  UsageFault_Handler            
4000480c  WDTCTL_SYM                    
00000819  WDT_A_IRQHandler              
20040000  __STACK_END                   
00000200  __STACK_SIZE                  
00000838  __TI_CINIT_Base               
00000840  __TI_CINIT_Limit              
00000830  __TI_Handler_Table_Base       
00000838  __TI_Handler_Table_Limit      
00000759  __TI_auto_init_nobinit_nopinit
000006a9  __TI_decompress_lzss          
000007ff  __TI_decompress_none          
ffffffff  __TI_pprof_out_hndl           
ffffffff  __TI_prof_data_size           
ffffffff  __TI_prof_data_start          
00000000  __TI_static_base__            
00000711  __aeabi_d2iz                  
00000439  __aeabi_ddiv                  
000007d1  __aeabi_i2d                   
0000060d  __aeabi_memcpy                
0000060d  __aeabi_memcpy4               
0000060d  __aeabi_memcpy8               
ffffffff  __binit__                     
ffffffff  __c_args__                    
UNDEFED   __mpu_init                    
2003fe00  __stack                       
20000000  __start___llvm_prf_cnts       
20000000  __stop___llvm_prf_cnts        
0000079d  _c_int00_noargs               
UNDEFED   _system_post_cinit            
0000081b  _system_pre_init              
0000081f  abort                         
ffffffff  binit                         
00000000  interruptVectors              
00000571  main                          
0000060d  memcpy                        


GLOBAL SYMBOLS: SORTED BY Symbol Address 

address   name                          
-------   ----                          
00000000  __TI_static_base__            
00000000  interruptVectors              
000000e9  SystemCoreClockUpdate         
00000200  __STACK_SIZE                  
00000361  SystemInit                    
00000439  __aeabi_ddiv                  
00000571  main                          
0000060d  __aeabi_memcpy                
0000060d  __aeabi_memcpy4               
0000060d  __aeabi_memcpy8               
0000060d  memcpy                        
000006a9  __TI_decompress_lzss          
00000711  __aeabi_d2iz                  
00000759  __TI_auto_init_nobinit_nopinit
0000079d  _c_int00_noargs               
000007d1  __aeabi_i2d                   
000007ff  __TI_decompress_none          
0000080d  Reset_Handler                 
00000819  ADC14_IRQHandler              
00000819  AES256_IRQHandler             
00000819  BusFault_Handler              
00000819  COMP_E0_IRQHandler            
00000819  COMP_E1_IRQHandler            
00000819  CS_IRQHandler                 
00000819  DMA_ERR_IRQHandler            
00000819  DMA_INT0_IRQHandler           
00000819  DMA_INT1_IRQHandler           
00000819  DMA_INT2_IRQHandler           
00000819  DMA_INT3_IRQHandler           
00000819  DebugMon_Handler              
00000819  Default_Handler               
00000819  EUSCIA0_IRQHandler            
00000819  EUSCIA1_IRQHandler            
00000819  EUSCIA2_IRQHandler            
00000819  EUSCIA3_IRQHandler            
00000819  EUSCIB0_IRQHandler            
00000819  EUSCIB1_IRQHandler            
00000819  EUSCIB2_IRQHandler            
00000819  EUSCIB3_IRQHandler            
00000819  FLCTL_A_IRQHandler            
00000819  FPU_IRQHandler                
00000819  HardFault_Handler             
00000819  LCD_F_IRQHandler              
00000819  MemManage_Handler             
00000819  NMI_Handler                   
00000819  PCM_IRQHandler                
00000819  PORT1_IRQHandler              
00000819  PORT2_IRQHandler              
00000819  PORT3_IRQHandler              
00000819  PORT4_IRQHandler              
00000819  PORT5_IRQHandler              
00000819  PORT6_IRQHandler              
00000819  PSS_IRQHandler                
00000819  PendSV_Handler                
00000819  RTC_C_IRQHandler              
00000819  SVC_Handler                   
00000819  SysTick_Handler               
00000819  T32_INT1_IRQHandler           
00000819  T32_INT2_IRQHandler           
00000819  T32_INTC_IRQHandler           
00000819  TA0_0_IRQHandler              
00000819  TA0_N_IRQHandler              
00000819  TA1_0_IRQHandler              
00000819  TA1_N_IRQHandler              
00000819  TA2_0_IRQHandler              
00000819  TA2_N_IRQHandler              
00000819  TA3_0_IRQHandler              
00000819  TA3_N_IRQHandler              
00000819  UsageFault_Handler            
00000819  WDT_A_IRQHandler              
0000081b  _system_pre_init              
0000081f  C$$EXIT                       
0000081f  abort                         
00000830  __TI_Handler_Table_Base       
00000838  __TI_CINIT_Base               
00000838  __TI_Handler_Table_Limit      
00000840  __TI_CINIT_Limit              
20000000  SystemCoreClock               
20000000  __start___llvm_prf_cnts       
20000000  __stop___llvm_prf_cnts        
2003fe00  __stack                       
20040000  __STACK_END                   
4000480c  WDTCTL_SYM                    
ffffffff  __TI_pprof_out_hndl           
ffffffff  __TI_prof_data_size           
ffffffff  __TI_prof_data_start          
ffffffff  __binit__                     
ffffffff  __c_args__                    
ffffffff  binit                         
UNDEFED   __mpu_init                    
UNDEFED   _system_post_cinit            

[91 symbols]
